/home/yc/unsb_tired/refactor/baseline/models/networks.py:579: UserWarning: To copy construct from a tensor, it is recommended to use sourceTensor.clone().detach() or sourceTensor.clone().detach().requires_grad_(True), rather than torch.tensor(sourceTensor).
  patch_id = torch.tensor(patch_id, dtype=torch.long, device=feat.device)
----------------- Options ---------------
               batch_size: 1                             
                    beta1: 0.5                           
                    beta2: 0.999                         
          checkpoints_dir: /home/yc/UNSB_PASSION/motivation_baseline_restart/checkpoints	[default: ./checkpoints]
           continue_train: False                         
                crop_size: 128                           	[default: 256]
                 dataroot: /home/yc/UNSB_PASSION/motivation_baseline_restart/datasets/single/LowLightTrafficData	[default: placeholder]
             dataset_mode: unaligned                     
                direction: AtoB                          
              display_env: main                          
             display_freq: 1000000                       	[default: 400]
               display_id: -1                            	[default: None]
            display_ncols: 4                             
             display_port: 8097                          
           display_server: http://localhost              
          display_winsize: 256                           
               easy_label: experiment_name               
            embedding_dim: 512                           
           embedding_type: positional                    
                    epoch: latest                        
              epoch_count: 1                             
          evaluation_freq: 5000                          
        flip_equivariance: False                         
                 gan_mode: lsgan                         
                  gpu_ids: 0                             
                     hnek: False                         
                init_gain: 0.02                          
                init_type: xavier                        
                 input_nc: 3                             
                  isTrain: True                          	[default: None]
               lambda_GAN: 1.0                           
               lambda_NCE: 1.0                           
                lambda_SB: 1.0                           	[default: 0.1]
                     lmda: 0.1                           
                load_size: 128                           	[default: 286]
                       lr: 0.0001                        	[default: 0.0002]
           lr_decay_iters: 50                            
                lr_policy: linear                        
         max_dataset_size: inf                           
                     mode: sb                            
                    model: sb                            
                 n_epochs: 20                            	[default: 200]
           n_epochs_decay: 0                             	[default: 200]
               n_layers_D: 3                             
                    n_mlp: 3                             
                     name: single_LowLightTrafficData_s2030	[default: experiment_name]
                    nce_T: 0.07                          
                  nce_idt: True                          
nce_includes_all_negatives_from_minibatch: False                         
               nce_layers: 0,4,8,12,16                   
                      ndf: 64                            
                     netD: basic_cond                    
                     netE: basic_cond                    
                     netF: mlp_sample                    
                  netF_nc: 256                           
                     netG: resnet_9blocks_cond           
                      ngf: 64                            
             no_antialias: False                         
          no_antialias_up: False                         
               no_dropout: True                          
                  no_flip: True                          	[default: False]
                  no_html: True                          	[default: False]
                    normD: instance                      
                    normG: instance                      
              num_patches: 256                           
              num_threads: 0                             	[default: 4]
            num_timesteps: 5                             
                output_nc: 3                             
                    phase: train                         
                pool_size: 0                             
               preprocess: resize_and_crop               
          pretrained_name: None                          
               print_freq: 100                           
         random_scale_max: 3.0                           
             save_by_iter: False                         
          save_epoch_freq: 1                             	[default: 5]
         save_latest_freq: 1000000                       	[default: 5000]
                     seed: 2030                          	[default: 2026]
           serial_batches: False                         
                      std: 0.25                          
                style_dim: 512                           
stylegan2_G_num_downsampling: 1                             
                   suffix:                               
                      tau: 0.01                          
         update_html_freq: 1000                          
                  verbose: False                         
----------------- End -------------------
dataset [UnalignedDataset] was created
dataset [UnalignedDataset] was created
model [SBModel] was created
The number of training images = 100
---------- Networks initialized -------------
[Network G] Total number of parameters : 14.684 M
[Network F] Total number of parameters : 0.560 M
[Network D] Total number of parameters : 3.143 M
[Network E] Total number of parameters : 3.152 M
-----------------------------------------------
(epoch: 1, iters: 100, time: 0.404, data: 0.014) G_GAN: 0.210 D_real: 0.230 D_fake: 0.312 G: 4.916 NCE: 4.950 SB: 0.045 NCE_Y: 4.374 
saving the model at the end of epoch 1, iters 100
End of epoch 1 / 20 	 Time Taken: 96 sec
learning rate = 0.0001000
(epoch: 2, iters: 100, time: 0.600, data: 0.050) G_GAN: 0.414 D_real: 0.154 D_fake: 0.297 G: 4.701 NCE: 4.184 SB: 0.033 NCE_Y: 4.324 
saving the model at the end of epoch 2, iters 200
End of epoch 2 / 20 	 Time Taken: 98 sec
learning rate = 0.0001000
(epoch: 3, iters: 100, time: 0.700, data: 0.066) G_GAN: 0.256 D_real: 0.370 D_fake: 0.179 G: 4.512 NCE: 4.559 SB: 0.022 NCE_Y: 3.910 
saving the model at the end of epoch 3, iters 300
End of epoch 3 / 20 	 Time Taken: 90 sec
learning rate = 0.0001000
(epoch: 4, iters: 100, time: 0.755, data: 0.012) G_GAN: 0.297 D_real: 0.301 D_fake: 0.221 G: 4.358 NCE: 4.533 SB: 0.010 NCE_Y: 3.570 
saving the model at the end of epoch 4, iters 400
End of epoch 4 / 20 	 Time Taken: 87 sec
learning rate = 0.0001000
(epoch: 5, iters: 100, time: 0.771, data: 0.022) G_GAN: 0.519 D_real: 0.095 D_fake: 0.172 G: 3.912 NCE: 3.560 SB: 0.062 NCE_Y: 3.100 
saving the model at the end of epoch 5, iters 500
End of epoch 5 / 20 	 Time Taken: 85 sec
learning rate = 0.0001000
(epoch: 6, iters: 100, time: 0.823, data: 0.073) G_GAN: 0.276 D_real: 0.361 D_fake: 0.121 G: 3.934 NCE: 4.158 SB: 0.008 NCE_Y: 3.142 
saving the model at the end of epoch 6, iters 600
End of epoch 6 / 20 	 Time Taken: 98 sec
learning rate = 0.0001000
(epoch: 7, iters: 100, time: 0.837, data: 0.734) G_GAN: 0.294 D_real: 0.166 D_fake: 0.425 G: 3.730 NCE: 3.727 SB: 0.026 NCE_Y: 3.092 
saving the model at the end of epoch 7, iters 700
End of epoch 7 / 20 	 Time Taken: 93 sec
learning rate = 0.0001000
(epoch: 8, iters: 100, time: 0.847, data: 0.011) G_GAN: 0.460 D_real: 0.212 D_fake: 0.113 G: 3.841 NCE: 4.318 SB: 0.041 NCE_Y: 2.363 
saving the model at the end of epoch 8, iters 800
End of epoch 8 / 20 	 Time Taken: 93 sec
learning rate = 0.0001000
(epoch: 9, iters: 100, time: 0.845, data: 0.014) G_GAN: 0.443 D_real: 0.381 D_fake: 0.079 G: 3.558 NCE: 3.743 SB: 0.053 NCE_Y: 2.381 
saving the model at the end of epoch 9, iters 900
End of epoch 9 / 20 	 Time Taken: 92 sec
learning rate = 0.0001000
(epoch: 10, iters: 100, time: 0.861, data: 0.011) G_GAN: 0.329 D_real: 0.184 D_fake: 0.239 G: 3.369 NCE: 3.683 SB: 0.012 NCE_Y: 2.374 
saving the model at the end of epoch 10, iters 1000
End of epoch 10 / 20 	 Time Taken: 95 sec
learning rate = 0.0001000
(epoch: 11, iters: 100, time: 0.857, data: 0.011) G_GAN: 0.294 D_real: 0.463 D_fake: 0.252 G: 3.279 NCE: 3.391 SB: 0.021 NCE_Y: 2.537 
saving the model at the end of epoch 11, iters 1100
End of epoch 11 / 20 	 Time Taken: 91 sec
learning rate = 0.0001000
(epoch: 12, iters: 100, time: 0.854, data: 0.721) G_GAN: 0.334 D_real: 0.178 D_fake: 0.198 G: 3.407 NCE: 3.578 SB: 0.009 NCE_Y: 2.550 
saving the model at the end of epoch 12, iters 1200
End of epoch 12 / 20 	 Time Taken: 93 sec
learning rate = 0.0001000
(epoch: 13, iters: 100, time: 0.842, data: 0.866) G_GAN: 0.266 D_real: 0.410 D_fake: 0.166 G: 3.306 NCE: 3.677 SB: 0.012 NCE_Y: 2.380 
saving the model at the end of epoch 13, iters 1300
End of epoch 13 / 20 	 Time Taken: 88 sec
learning rate = 0.0001000
(epoch: 14, iters: 100, time: 0.800, data: 0.024) G_GAN: 0.422 D_real: 0.319 D_fake: 0.195 G: 3.436 NCE: 3.603 SB: 0.022 NCE_Y: 2.380 
saving the model at the end of epoch 14, iters 1400
End of epoch 14 / 20 	 Time Taken: 78 sec
learning rate = 0.0001000
(epoch: 15, iters: 100, time: 0.819, data: 0.049) G_GAN: 0.372 D_real: 0.499 D_fake: 0.059 G: 3.447 NCE: 3.705 SB: 0.025 NCE_Y: 2.395 
saving the model at the end of epoch 15, iters 1500
End of epoch 15 / 20 	 Time Taken: 89 sec
learning rate = 0.0001000
(epoch: 16, iters: 100, time: 0.850, data: 0.012) G_GAN: 0.309 D_real: 0.210 D_fake: 0.372 G: 2.891 NCE: 3.037 SB: -0.009 NCE_Y: 2.146 
saving the model at the end of epoch 16, iters 1600
End of epoch 16 / 20 	 Time Taken: 97 sec
learning rate = 0.0001000
(epoch: 17, iters: 100, time: 0.856, data: 1.006) G_GAN: 0.337 D_real: 0.291 D_fake: 0.157 G: 3.292 NCE: 3.634 SB: 0.011 NCE_Y: 2.255 
saving the model at the end of epoch 17, iters 1700
End of epoch 17 / 20 	 Time Taken: 92 sec
learning rate = 0.0001000
(epoch: 18, iters: 100, time: 0.844, data: 0.014) G_GAN: 0.334 D_real: 0.417 D_fake: 0.088 G: 3.404 NCE: 3.874 SB: 0.011 NCE_Y: 2.244 
saving the model at the end of epoch 18, iters 1800
End of epoch 18 / 20 	 Time Taken: 92 sec
learning rate = 0.0001000
(epoch: 19, iters: 100, time: 0.861, data: 0.016) G_GAN: 0.272 D_real: 0.101 D_fake: 0.648 G: 2.960 NCE: 3.041 SB: 0.029 NCE_Y: 2.276 
saving the model at the end of epoch 19, iters 1900
End of epoch 19 / 20 	 Time Taken: 93 sec
learning rate = 0.0001000
(epoch: 20, iters: 100, time: 0.856, data: 0.012) G_GAN: 0.321 D_real: 0.267 D_fake: 0.277 G: 3.036 NCE: 3.148 SB: 0.006 NCE_Y: 2.270 
saving the model at the end of epoch 20, iters 2000
End of epoch 20 / 20 	 Time Taken: 90 sec
learning rate = 0.0000000
