----------------- Options ---------------
               batch_size: 1                             
                    beta1: 0.5                           
                    beta2: 0.999                         
          checkpoints_dir: /home/yc/UNSB_PASSION/motivation_baseline_restart/checkpoints	[default: ./checkpoints]
           continue_train: False                         
                crop_size: 128                           	[default: 256]
                 dataroot: /home/yc/UNSB_PASSION/motivation_baseline_restart/datasets/single/RSCityscapes	[default: placeholder]
             dataset_mode: unaligned                     
                direction: AtoB                          
              display_env: main                          
             display_freq: 1000000                       	[default: 400]
               display_id: -1                            	[default: None]
            display_ncols: 4                             
             display_port: 8097                          
           display_server: http://localhost              
          display_winsize: 256                           
               easy_label: experiment_name               
            embedding_dim: 512                           
           embedding_type: positional                    
                    epoch: latest                        
              epoch_count: 1                             
          evaluation_freq: 5000                          
        flip_equivariance: False                         
                 gan_mode: lsgan                         
                  gpu_ids: 0                             
                     hnek: False                         
                init_gain: 0.02                          
                init_type: xavier                        
                 input_nc: 3                             
                  isTrain: True                          	[default: None]
               lambda_GAN: 1.0                           
               lambda_NCE: 1.0                           
                lambda_SB: 1.0                           	[default: 0.1]
                     lmda: 0.1                           
                load_size: 128                           	[default: 286]
                       lr: 0.0001                        	[default: 0.0002]
           lr_decay_iters: 50                            
                lr_policy: linear                        
         max_dataset_size: inf                           
                     mode: sb                            
                    model: sb                            
                 n_epochs: 20                            	[default: 200]
           n_epochs_decay: 0                             	[default: 200]
               n_layers_D: 3                             
                    n_mlp: 3                             
                     name: single_RSCityscapes_s2027     	[default: experiment_name]
                    nce_T: 0.07                          
                  nce_idt: True                          
nce_includes_all_negatives_from_minibatch: False                         
               nce_layers: 0,4,8,12,16                   
                      ndf: 64                            
                     netD: basic_cond                    
                     netE: basic_cond                    
                     netF: mlp_sample                    
                  netF_nc: 256                           
                     netG: resnet_9blocks_cond           
                      ngf: 64                            
             no_antialias: False                         
          no_antialias_up: False                         
               no_dropout: True                          
                  no_flip: True                          	[default: False]
                  no_html: True                          	[default: False]
                    normD: instance                      
                    normG: instance                      
              num_patches: 256                           
              num_threads: 0                             	[default: 4]
            num_timesteps: 5                             
                output_nc: 3                             
                    phase: train                         
                pool_size: 0                             
               preprocess: resize_and_crop               
          pretrained_name: None                          
               print_freq: 100                           
         random_scale_max: 3.0                           
             save_by_iter: False                         
          save_epoch_freq: 1                             	[default: 5]
         save_latest_freq: 1000000                       	[default: 5000]
                     seed: 2027                          	[default: 2026]
           serial_batches: False                         
                      std: 0.25                          
                style_dim: 512                           
stylegan2_G_num_downsampling: 1                             
                   suffix:                               
                      tau: 0.01                          
         update_html_freq: 1000                          
                  verbose: False                         
----------------- End -------------------
dataset [UnalignedDataset] was created
dataset [UnalignedDataset] was created
model [SBModel] was created
The number of training images = 100
/home/yc/unsb_tired/refactor/baseline/models/networks.py:579: UserWarning: To copy construct from a tensor, it is recommended to use sourceTensor.clone().detach() or sourceTensor.clone().detach().requires_grad_(True), rather than torch.tensor(sourceTensor).
  patch_id = torch.tensor(patch_id, dtype=torch.long, device=feat.device)
---------- Networks initialized -------------
[Network G] Total number of parameters : 14.684 M
[Network F] Total number of parameters : 0.560 M
[Network D] Total number of parameters : 3.143 M
[Network E] Total number of parameters : 3.152 M
-----------------------------------------------
(epoch: 1, iters: 100, time: 0.212, data: 0.022) G_GAN: 0.573 D_real: 0.085 D_fake: 0.131 G: 4.002 NCE: 3.328 SB: 0.032 NCE_Y: 3.466 
saving the model at the end of epoch 1, iters 100
End of epoch 1 / 20 	 Time Taken: 40 sec
learning rate = 0.0001000
(epoch: 2, iters: 100, time: 0.280, data: 0.011) G_GAN: 0.430 D_real: 0.397 D_fake: 0.160 G: 4.688 NCE: 4.351 SB: 0.011 NCE_Y: 4.142 
saving the model at the end of epoch 2, iters 200
End of epoch 2 / 20 	 Time Taken: 41 sec
learning rate = 0.0001000
(epoch: 3, iters: 100, time: 0.312, data: 0.011) G_GAN: 0.220 D_real: 0.414 D_fake: 0.221 G: 4.181 NCE: 4.109 SB: 0.010 NCE_Y: 3.792 
saving the model at the end of epoch 3, iters 300
End of epoch 3 / 20 	 Time Taken: 38 sec
learning rate = 0.0001000
(epoch: 4, iters: 100, time: 0.332, data: 0.012) G_GAN: 0.476 D_real: 0.120 D_fake: 0.217 G: 3.187 NCE: 2.696 SB: 0.019 NCE_Y: 2.688 
saving the model at the end of epoch 4, iters 400
End of epoch 4 / 20 	 Time Taken: 38 sec
learning rate = 0.0001000
(epoch: 5, iters: 100, time: 0.356, data: 0.011) G_GAN: 0.339 D_real: 0.156 D_fake: 0.325 G: 2.932 NCE: 2.606 SB: 0.011 NCE_Y: 2.559 
saving the model at the end of epoch 5, iters 500
End of epoch 5 / 20 	 Time Taken: 41 sec
learning rate = 0.0001000
(epoch: 6, iters: 100, time: 0.361, data: 0.011) G_GAN: 0.272 D_real: 0.354 D_fake: 0.109 G: 4.063 NCE: 3.686 SB: 0.021 NCE_Y: 3.853 
saving the model at the end of epoch 6, iters 600
End of epoch 6 / 20 	 Time Taken: 38 sec
learning rate = 0.0001000
(epoch: 7, iters: 100, time: 0.371, data: 0.012) G_GAN: 0.314 D_real: 0.280 D_fake: 0.179 G: 2.290 NCE: 2.116 SB: 0.020 NCE_Y: 1.795 
saving the model at the end of epoch 7, iters 700
End of epoch 7 / 20 	 Time Taken: 41 sec
learning rate = 0.0001000
(epoch: 8, iters: 100, time: 0.381, data: 0.012) G_GAN: 0.351 D_real: 0.383 D_fake: 0.174 G: 2.244 NCE: 2.100 SB: 0.031 NCE_Y: 1.621 
saving the model at the end of epoch 8, iters 800
End of epoch 8 / 20 	 Time Taken: 41 sec
learning rate = 0.0001000
(epoch: 9, iters: 100, time: 0.379, data: 0.012) G_GAN: 0.335 D_real: 0.114 D_fake: 0.501 G: 2.368 NCE: 2.023 SB: 0.005 NCE_Y: 2.034 
saving the model at the end of epoch 9, iters 900
End of epoch 9 / 20 	 Time Taken: 39 sec
learning rate = 0.0001000
(epoch: 10, iters: 100, time: 0.379, data: 0.012) G_GAN: 0.286 D_real: 0.286 D_fake: 0.203 G: 1.908 NCE: 1.610 SB: 0.012 NCE_Y: 1.609 
saving the model at the end of epoch 10, iters 1000
End of epoch 10 / 20 	 Time Taken: 39 sec
learning rate = 0.0001000
(epoch: 11, iters: 100, time: 0.376, data: 0.011) G_GAN: 0.596 D_real: 0.151 D_fake: 0.204 G: 2.753 NCE: 2.331 SB: 0.013 NCE_Y: 1.957 
saving the model at the end of epoch 11, iters 1100
End of epoch 11 / 20 	 Time Taken: 39 sec
learning rate = 0.0001000
(epoch: 12, iters: 100, time: 0.374, data: 0.011) G_GAN: 0.443 D_real: 0.171 D_fake: 0.090 G: 2.097 NCE: 1.580 SB: 0.051 NCE_Y: 1.625 
saving the model at the end of epoch 12, iters 1200
End of epoch 12 / 20 	 Time Taken: 39 sec
learning rate = 0.0001000
(epoch: 13, iters: 100, time: 0.375, data: 0.011) G_GAN: 0.871 D_real: 0.048 D_fake: 0.250 G: 2.579 NCE: 1.727 SB: 0.004 NCE_Y: 1.682 
saving the model at the end of epoch 13, iters 1300
End of epoch 13 / 20 	 Time Taken: 39 sec
learning rate = 0.0001000
(epoch: 14, iters: 100, time: 0.377, data: 0.011) G_GAN: 0.609 D_real: 0.163 D_fake: 0.117 G: 2.328 NCE: 1.591 SB: 0.038 NCE_Y: 1.772 
saving the model at the end of epoch 14, iters 1400
End of epoch 14 / 20 	 Time Taken: 40 sec
learning rate = 0.0001000
(epoch: 15, iters: 100, time: 0.381, data: 0.011) G_GAN: 0.373 D_real: 0.188 D_fake: 0.385 G: 2.278 NCE: 1.841 SB: 0.020 NCE_Y: 1.930 
saving the model at the end of epoch 15, iters 1500
End of epoch 15 / 20 	 Time Taken: 40 sec
learning rate = 0.0001000
(epoch: 16, iters: 100, time: 0.375, data: 0.012) G_GAN: 0.614 D_real: 0.231 D_fake: 0.054 G: 2.249 NCE: 1.563 SB: 0.042 NCE_Y: 1.622 
saving the model at the end of epoch 16, iters 1600
End of epoch 16 / 20 	 Time Taken: 39 sec
learning rate = 0.0001000
(epoch: 17, iters: 100, time: 0.376, data: 0.011) G_GAN: 0.456 D_real: 0.246 D_fake: 0.160 G: 2.035 NCE: 1.757 SB: -0.012 NCE_Y: 1.424 
saving the model at the end of epoch 17, iters 1700
End of epoch 17 / 20 	 Time Taken: 39 sec
learning rate = 0.0001000
(epoch: 18, iters: 100, time: 0.376, data: 0.011) G_GAN: 0.317 D_real: 0.280 D_fake: 0.196 G: 2.308 NCE: 2.042 SB: 0.018 NCE_Y: 1.902 
saving the model at the end of epoch 18, iters 1800
End of epoch 18 / 20 	 Time Taken: 40 sec
learning rate = 0.0001000
(epoch: 19, iters: 100, time: 0.382, data: 0.011) G_GAN: 0.373 D_real: 0.189 D_fake: 0.244 G: 2.110 NCE: 1.846 SB: 0.032 NCE_Y: 1.564 
saving the model at the end of epoch 19, iters 1900
End of epoch 19 / 20 	 Time Taken: 41 sec
learning rate = 0.0001000
(epoch: 20, iters: 100, time: 0.384, data: 0.066) G_GAN: 0.530 D_real: 0.105 D_fake: 0.309 G: 2.491 NCE: 1.963 SB: 0.000 NCE_Y: 1.960 
saving the model at the end of epoch 20, iters 2000
End of epoch 20 / 20 	 Time Taken: 41 sec
learning rate = 0.0000000
