/home/yc/unsb_tired/refactor/baseline/models/networks.py:579: UserWarning: To copy construct from a tensor, it is recommended to use sourceTensor.clone().detach() or sourceTensor.clone().detach().requires_grad_(True), rather than torch.tensor(sourceTensor).
  patch_id = torch.tensor(patch_id, dtype=torch.long, device=feat.device)
----------------- Options ---------------
               batch_size: 1                             
                    beta1: 0.5                           
                    beta2: 0.999                         
          checkpoints_dir: /home/yc/UNSB_PASSION/motivation_baseline_restart/checkpoints	[default: ./checkpoints]
           continue_train: False                         
                crop_size: 128                           	[default: 256]
                 dataroot: /home/yc/UNSB_PASSION/motivation_baseline_restart/datasets/single/RainCityscapes	[default: placeholder]
             dataset_mode: unaligned                     
                direction: AtoB                          
              display_env: main                          
             display_freq: 1000000                       	[default: 400]
               display_id: -1                            	[default: None]
            display_ncols: 4                             
             display_port: 8097                          
           display_server: http://localhost              
          display_winsize: 256                           
               easy_label: experiment_name               
            embedding_dim: 512                           
           embedding_type: positional                    
                    epoch: latest                        
              epoch_count: 1                             
          evaluation_freq: 5000                          
        flip_equivariance: False                         
                 gan_mode: lsgan                         
                  gpu_ids: 0                             
                     hnek: False                         
                init_gain: 0.02                          
                init_type: xavier                        
                 input_nc: 3                             
                  isTrain: True                          	[default: None]
               lambda_GAN: 1.0                           
               lambda_NCE: 1.0                           
                lambda_SB: 1.0                           	[default: 0.1]
                     lmda: 0.1                           
                load_size: 128                           	[default: 286]
                       lr: 0.0001                        	[default: 0.0002]
           lr_decay_iters: 50                            
                lr_policy: linear                        
         max_dataset_size: inf                           
                     mode: sb                            
                    model: sb                            
                 n_epochs: 20                            	[default: 200]
           n_epochs_decay: 0                             	[default: 200]
               n_layers_D: 3                             
                    n_mlp: 3                             
                     name: single_RainCityscapes_s2031   	[default: experiment_name]
                    nce_T: 0.07                          
                  nce_idt: True                          
nce_includes_all_negatives_from_minibatch: False                         
               nce_layers: 0,4,8,12,16                   
                      ndf: 64                            
                     netD: basic_cond                    
                     netE: basic_cond                    
                     netF: mlp_sample                    
                  netF_nc: 256                           
                     netG: resnet_9blocks_cond           
                      ngf: 64                            
             no_antialias: False                         
          no_antialias_up: False                         
               no_dropout: True                          
                  no_flip: True                          	[default: False]
                  no_html: True                          	[default: False]
                    normD: instance                      
                    normG: instance                      
              num_patches: 256                           
              num_threads: 0                             	[default: 4]
            num_timesteps: 5                             
                output_nc: 3                             
                    phase: train                         
                pool_size: 0                             
               preprocess: resize_and_crop               
          pretrained_name: None                          
               print_freq: 100                           
         random_scale_max: 3.0                           
             save_by_iter: False                         
          save_epoch_freq: 1                             	[default: 5]
         save_latest_freq: 1000000                       	[default: 5000]
                     seed: 2031                          	[default: 2026]
           serial_batches: False                         
                      std: 0.25                          
                style_dim: 512                           
stylegan2_G_num_downsampling: 1                             
                   suffix:                               
                      tau: 0.01                          
         update_html_freq: 1000                          
                  verbose: False                         
----------------- End -------------------
dataset [UnalignedDataset] was created
dataset [UnalignedDataset] was created
model [SBModel] was created
The number of training images = 100
---------- Networks initialized -------------
[Network G] Total number of parameters : 14.684 M
[Network F] Total number of parameters : 0.560 M
[Network D] Total number of parameters : 3.143 M
[Network E] Total number of parameters : 3.152 M
-----------------------------------------------
(epoch: 1, iters: 100, time: 0.398, data: 0.412) G_GAN: 0.433 D_real: 0.171 D_fake: 0.127 G: 5.176 NCE: 4.529 SB: 0.032 NCE_Y: 4.893 
saving the model at the end of epoch 1, iters 100
End of epoch 1 / 20 	 Time Taken: 93 sec
learning rate = 0.0001000
(epoch: 2, iters: 100, time: 0.590, data: 0.011) G_GAN: 0.469 D_real: 0.137 D_fake: 0.180 G: 5.119 NCE: 4.627 SB: 0.018 NCE_Y: 4.638 
saving the model at the end of epoch 2, iters 200
End of epoch 2 / 20 	 Time Taken: 94 sec
learning rate = 0.0001000
(epoch: 3, iters: 100, time: 0.689, data: 0.013) G_GAN: 0.424 D_real: 0.414 D_fake: 0.066 G: 4.069 NCE: 3.663 SB: 0.024 NCE_Y: 3.580 
saving the model at the end of epoch 3, iters 300
End of epoch 3 / 20 	 Time Taken: 89 sec
learning rate = 0.0001000
(epoch: 4, iters: 100, time: 0.736, data: 0.012) G_GAN: 0.493 D_real: 0.068 D_fake: 0.163 G: 3.535 NCE: 3.165 SB: 0.032 NCE_Y: 2.856 
saving the model at the end of epoch 4, iters 400
End of epoch 4 / 20 	 Time Taken: 86 sec
learning rate = 0.0001000
(epoch: 5, iters: 100, time: 0.803, data: 0.011) G_GAN: 0.245 D_real: 0.322 D_fake: 0.421 G: 3.247 NCE: 3.090 SB: 0.007 NCE_Y: 2.900 
saving the model at the end of epoch 5, iters 500
End of epoch 5 / 20 	 Time Taken: 94 sec
learning rate = 0.0001000
(epoch: 6, iters: 100, time: 0.833, data: 0.011) G_GAN: 0.453 D_real: 0.164 D_fake: 0.134 G: 3.394 NCE: 3.292 SB: 0.008 NCE_Y: 2.574 
saving the model at the end of epoch 6, iters 600
End of epoch 6 / 20 	 Time Taken: 94 sec
learning rate = 0.0001000
(epoch: 7, iters: 100, time: 0.861, data: 0.012) G_GAN: 0.445 D_real: 0.503 D_fake: 0.273 G: 3.176 NCE: 2.761 SB: 0.005 NCE_Y: 2.690 
saving the model at the end of epoch 7, iters 700
End of epoch 7 / 20 	 Time Taken: 96 sec
learning rate = 0.0001000
(epoch: 8, iters: 100, time: 0.871, data: 0.012) G_GAN: 0.403 D_real: 0.494 D_fake: 0.042 G: 3.539 NCE: 3.466 SB: 0.001 NCE_Y: 2.803 
saving the model at the end of epoch 8, iters 800
End of epoch 8 / 20 	 Time Taken: 93 sec
learning rate = 0.0001000
(epoch: 9, iters: 100, time: 0.883, data: 0.011) G_GAN: 0.264 D_real: 0.345 D_fake: 0.286 G: 3.109 NCE: 2.960 SB: 0.000 NCE_Y: 2.730 
saving the model at the end of epoch 9, iters 900
End of epoch 9 / 20 	 Time Taken: 93 sec
learning rate = 0.0001000
(epoch: 10, iters: 100, time: 0.894, data: 0.012) G_GAN: 0.601 D_real: 0.012 D_fake: 0.129 G: 3.372 NCE: 3.226 SB: 0.007 NCE_Y: 2.302 
saving the model at the end of epoch 10, iters 1000
End of epoch 10 / 20 	 Time Taken: 97 sec
learning rate = 0.0001000
(epoch: 11, iters: 100, time: 0.878, data: 0.026) G_GAN: 0.315 D_real: 0.348 D_fake: 0.165 G: 2.301 NCE: 2.112 SB: 0.011 NCE_Y: 1.838 
saving the model at the end of epoch 11, iters 1100
End of epoch 11 / 20 	 Time Taken: 95 sec
learning rate = 0.0001000
(epoch: 12, iters: 100, time: 0.863, data: 0.012) G_GAN: 0.463 D_real: 0.157 D_fake: 0.179 G: 2.512 NCE: 2.366 SB: -0.014 NCE_Y: 1.759 
saving the model at the end of epoch 12, iters 1200
End of epoch 12 / 20 	 Time Taken: 88 sec
learning rate = 0.0001000
(epoch: 13, iters: 100, time: 0.852, data: 0.012) G_GAN: 0.334 D_real: 0.280 D_fake: 0.154 G: 2.243 NCE: 2.028 SB: 0.058 NCE_Y: 1.674 
saving the model at the end of epoch 13, iters 1300
End of epoch 13 / 20 	 Time Taken: 87 sec
learning rate = 0.0001000
(epoch: 14, iters: 100, time: 0.864, data: 0.012) G_GAN: 0.317 D_real: 0.272 D_fake: 0.280 G: 2.288 NCE: 2.066 SB: 0.008 NCE_Y: 1.858 
saving the model at the end of epoch 14, iters 1400
End of epoch 14 / 20 	 Time Taken: 92 sec
learning rate = 0.0001000
(epoch: 15, iters: 100, time: 0.864, data: 0.034) G_GAN: 0.282 D_real: 0.252 D_fake: 0.341 G: 2.242 NCE: 2.232 SB: 0.002 NCE_Y: 1.685 
saving the model at the end of epoch 15, iters 1500
End of epoch 15 / 20 	 Time Taken: 93 sec
learning rate = 0.0001000
(epoch: 16, iters: 100, time: 0.872, data: 0.012) G_GAN: 0.284 D_real: 0.277 D_fake: 0.201 G: 2.150 NCE: 2.009 SB: -0.009 NCE_Y: 1.741 
saving the model at the end of epoch 16, iters 1600
End of epoch 16 / 20 	 Time Taken: 94 sec
learning rate = 0.0001000
(epoch: 17, iters: 100, time: 0.860, data: 0.011) G_GAN: 0.331 D_real: 0.349 D_fake: 0.202 G: 2.515 NCE: 2.374 SB: 0.008 NCE_Y: 1.978 
saving the model at the end of epoch 17, iters 1700
End of epoch 17 / 20 	 Time Taken: 88 sec
learning rate = 0.0001000
(epoch: 18, iters: 100, time: 0.857, data: 0.012) G_GAN: 0.450 D_real: 0.197 D_fake: 0.169 G: 2.626 NCE: 2.222 SB: 0.011 NCE_Y: 2.108 
saving the model at the end of epoch 18, iters 1800
End of epoch 18 / 20 	 Time Taken: 89 sec
learning rate = 0.0001000
(epoch: 19, iters: 100, time: 0.861, data: 0.012) G_GAN: 0.512 D_real: 0.084 D_fake: 0.240 G: 2.193 NCE: 1.710 SB: 0.004 NCE_Y: 1.644 
saving the model at the end of epoch 19, iters 1900
End of epoch 19 / 20 	 Time Taken: 91 sec
learning rate = 0.0001000
(epoch: 20, iters: 100, time: 0.870, data: 0.813) G_GAN: 0.339 D_real: 0.195 D_fake: 0.259 G: 1.890 NCE: 1.563 SB: -0.001 NCE_Y: 1.539 
saving the model at the end of epoch 20, iters 2000
End of epoch 20 / 20 	 Time Taken: 96 sec
learning rate = 0.0000000
