----------------- Options ---------------
               batch_size: 1                             
                    beta1: 0.5                           
                    beta2: 0.999                         
          checkpoints_dir: /home/yc/UNSB_PASSION/motivation_baseline_restart/checkpoints	[default: ./checkpoints]
           continue_train: False                         
                crop_size: 128                           	[default: 256]
                 dataroot: /home/yc/UNSB_PASSION/motivation_baseline_restart/datasets/single/LowLightTrafficData	[default: placeholder]
             dataset_mode: unaligned                     
                direction: AtoB                          
              display_env: main                          
             display_freq: 1000000                       	[default: 400]
               display_id: -1                            	[default: None]
            display_ncols: 4                             
             display_port: 8097                          
           display_server: http://localhost              
          display_winsize: 256                           
               easy_label: experiment_name               
            embedding_dim: 512                           
           embedding_type: positional                    
                    epoch: latest                        
              epoch_count: 1                             
          evaluation_freq: 5000                          
        flip_equivariance: False                         
                 gan_mode: lsgan                         
                  gpu_ids: 0                             
                     hnek: False                         
                init_gain: 0.02                          
                init_type: xavier                        
                 input_nc: 3                             
                  isTrain: True                          	[default: None]
               lambda_GAN: 1.0                           
               lambda_NCE: 1.0                           
                lambda_SB: 1.0                           	[default: 0.1]
                     lmda: 0.1                           
                load_size: 128                           	[default: 286]
                       lr: 0.0001                        	[default: 0.0002]
           lr_decay_iters: 50                            
                lr_policy: linear                        
         max_dataset_size: inf                           
                     mode: sb                            
                    model: sb                            
                 n_epochs: 20                            	[default: 200]
           n_epochs_decay: 0                             	[default: 200]
               n_layers_D: 3                             
                    n_mlp: 3                             
                     name: single_LowLightTrafficData_s2028	[default: experiment_name]
                    nce_T: 0.07                          
                  nce_idt: True                          
nce_includes_all_negatives_from_minibatch: False                         
               nce_layers: 0,4,8,12,16                   
                      ndf: 64                            
                     netD: basic_cond                    
                     netE: basic_cond                    
                     netF: mlp_sample                    
                  netF_nc: 256                           
                     netG: resnet_9blocks_cond           
                      ngf: 64                            
             no_antialias: False                         
          no_antialias_up: False                         
               no_dropout: True                          
                  no_flip: True                          	[default: False]
                  no_html: True                          	[default: False]
                    normD: instance                      
                    normG: instance                      
              num_patches: 256                           
              num_threads: 0                             	[default: 4]
            num_timesteps: 5                             
                output_nc: 3                             
                    phase: train                         
                pool_size: 0                             
               preprocess: resize_and_crop               
          pretrained_name: None                          
               print_freq: 100                           
         random_scale_max: 3.0                           
             save_by_iter: False                         
          save_epoch_freq: 1                             	[default: 5]
         save_latest_freq: 1000000                       	[default: 5000]
                     seed: 2028                          	[default: 2026]
           serial_batches: False                         
                      std: 0.25                          
                style_dim: 512                           
stylegan2_G_num_downsampling: 1                             
                   suffix:                               
                      tau: 0.01                          
         update_html_freq: 1000                          
                  verbose: False                         
----------------- End -------------------
dataset [UnalignedDataset] was created
dataset [UnalignedDataset] was created
model [SBModel] was created
The number of training images = 100
/home/yc/unsb_tired/refactor/baseline/models/networks.py:579: UserWarning: To copy construct from a tensor, it is recommended to use sourceTensor.clone().detach() or sourceTensor.clone().detach().requires_grad_(True), rather than torch.tensor(sourceTensor).
  patch_id = torch.tensor(patch_id, dtype=torch.long, device=feat.device)
---------- Networks initialized -------------
[Network G] Total number of parameters : 14.684 M
[Network F] Total number of parameters : 0.560 M
[Network D] Total number of parameters : 3.143 M
[Network E] Total number of parameters : 3.152 M
-----------------------------------------------
(epoch: 1, iters: 100, time: 0.211, data: 0.017) G_GAN: 0.280 D_real: 0.186 D_fake: 0.273 G: 5.036 NCE: 5.020 SB: 0.022 NCE_Y: 4.448 
saving the model at the end of epoch 1, iters 100
End of epoch 1 / 20 	 Time Taken: 40 sec
learning rate = 0.0001000
(epoch: 2, iters: 100, time: 0.277, data: 0.012) G_GAN: 0.302 D_real: 0.277 D_fake: 0.159 G: 5.040 NCE: 5.204 SB: 0.030 NCE_Y: 4.214 
saving the model at the end of epoch 2, iters 200
End of epoch 2 / 20 	 Time Taken: 40 sec
learning rate = 0.0001000
(epoch: 3, iters: 100, time: 0.317, data: 0.010) G_GAN: 0.274 D_real: 0.495 D_fake: 0.126 G: 4.384 NCE: 4.552 SB: 0.008 NCE_Y: 3.651 
saving the model at the end of epoch 3, iters 300
End of epoch 3 / 20 	 Time Taken: 41 sec
learning rate = 0.0001000
(epoch: 4, iters: 100, time: 0.332, data: 0.010) G_GAN: 0.387 D_real: 0.203 D_fake: 0.149 G: 4.099 NCE: 4.379 SB: 0.036 NCE_Y: 2.974 
saving the model at the end of epoch 4, iters 400
End of epoch 4 / 20 	 Time Taken: 38 sec
learning rate = 0.0001000
(epoch: 5, iters: 100, time: 0.344, data: 0.009) G_GAN: 0.312 D_real: 0.117 D_fake: 0.474 G: 3.427 NCE: 3.680 SB: 0.037 NCE_Y: 2.476 
saving the model at the end of epoch 5, iters 500
End of epoch 5 / 20 	 Time Taken: 39 sec
learning rate = 0.0001000
(epoch: 6, iters: 100, time: 0.361, data: 0.034) G_GAN: 0.369 D_real: 0.327 D_fake: 0.111 G: 4.407 NCE: 5.266 SB: 0.027 NCE_Y: 2.756 
saving the model at the end of epoch 6, iters 600
End of epoch 6 / 20 	 Time Taken: 41 sec
learning rate = 0.0001000
(epoch: 7, iters: 100, time: 0.366, data: 0.010) G_GAN: 0.331 D_real: 0.333 D_fake: 0.132 G: 3.963 NCE: 4.256 SB: 0.032 NCE_Y: 2.945 
saving the model at the end of epoch 7, iters 700
End of epoch 7 / 20 	 Time Taken: 39 sec
learning rate = 0.0001000
(epoch: 8, iters: 100, time: 0.377, data: 0.012) G_GAN: 0.262 D_real: 0.203 D_fake: 0.283 G: 3.032 NCE: 3.378 SB: 0.011 NCE_Y: 2.139 
saving the model at the end of epoch 8, iters 800
End of epoch 8 / 20 	 Time Taken: 41 sec
learning rate = 0.0001000
(epoch: 9, iters: 100, time: 0.384, data: 0.009) G_GAN: 0.461 D_real: 0.177 D_fake: 0.245 G: 3.406 NCE: 3.512 SB: 0.038 NCE_Y: 2.303 
saving the model at the end of epoch 9, iters 900
End of epoch 9 / 20 	 Time Taken: 42 sec
learning rate = 0.0001000
(epoch: 10, iters: 100, time: 0.382, data: 0.012) G_GAN: 0.329 D_real: 0.277 D_fake: 0.168 G: 3.271 NCE: 3.724 SB: 0.030 NCE_Y: 2.100 
saving the model at the end of epoch 10, iters 1000
End of epoch 10 / 20 	 Time Taken: 40 sec
learning rate = 0.0001000
(epoch: 11, iters: 100, time: 0.382, data: 0.011) G_GAN: 0.242 D_real: 0.256 D_fake: 0.252 G: 3.144 NCE: 3.403 SB: 0.018 NCE_Y: 2.365 
saving the model at the end of epoch 11, iters 1100
End of epoch 11 / 20 	 Time Taken: 40 sec
learning rate = 0.0001000
(epoch: 12, iters: 100, time: 0.380, data: 0.011) G_GAN: 0.280 D_real: 0.299 D_fake: 0.202 G: 3.309 NCE: 3.775 SB: 0.012 NCE_Y: 2.259 
saving the model at the end of epoch 12, iters 1200
End of epoch 12 / 20 	 Time Taken: 40 sec
learning rate = 0.0001000
(epoch: 13, iters: 100, time: 0.384, data: 0.013) G_GAN: 0.244 D_real: 0.215 D_fake: 0.289 G: 3.214 NCE: 3.823 SB: 0.016 NCE_Y: 2.083 
saving the model at the end of epoch 13, iters 1300
End of epoch 13 / 20 	 Time Taken: 40 sec
learning rate = 0.0001000
(epoch: 14, iters: 100, time: 0.381, data: 0.010) G_GAN: 0.342 D_real: 0.188 D_fake: 0.347 G: 2.976 NCE: 3.037 SB: 0.023 NCE_Y: 2.185 
saving the model at the end of epoch 14, iters 1400
End of epoch 14 / 20 	 Time Taken: 39 sec
learning rate = 0.0001000
(epoch: 15, iters: 100, time: 0.382, data: 0.029) G_GAN: 0.249 D_real: 0.242 D_fake: 0.296 G: 3.158 NCE: 3.450 SB: 0.003 NCE_Y: 2.363 
saving the model at the end of epoch 15, iters 1500
End of epoch 15 / 20 	 Time Taken: 40 sec
learning rate = 0.0001000
(epoch: 16, iters: 100, time: 0.365, data: 0.012) G_GAN: 0.249 D_real: 0.458 D_fake: 0.224 G: 2.954 NCE: 3.319 SB: 0.007 NCE_Y: 2.078 
saving the model at the end of epoch 16, iters 1600
End of epoch 16 / 20 	 Time Taken: 36 sec
learning rate = 0.0001000
(epoch: 17, iters: 100, time: 0.354, data: 0.031) G_GAN: 0.267 D_real: 0.255 D_fake: 0.284 G: 3.519 NCE: 4.126 SB: -0.001 NCE_Y: 2.380 
saving the model at the end of epoch 17, iters 1700
End of epoch 17 / 20 	 Time Taken: 36 sec
learning rate = 0.0001000
(epoch: 18, iters: 100, time: 0.274, data: 0.084) G_GAN: 0.282 D_real: 0.342 D_fake: 0.205 G: 3.637 NCE: 4.357 SB: 0.011 NCE_Y: 2.332 
saving the model at the end of epoch 18, iters 1800
End of epoch 18 / 20 	 Time Taken: 17 sec
learning rate = 0.0001000
(epoch: 19, iters: 100, time: 0.221, data: 0.010) G_GAN: 0.267 D_real: 0.193 D_fake: 0.280 G: 2.853 NCE: 3.068 SB: 0.004 NCE_Y: 2.097 
saving the model at the end of epoch 19, iters 1900
End of epoch 19 / 20 	 Time Taken: 15 sec
learning rate = 0.0001000
(epoch: 20, iters: 100, time: 0.187, data: 0.011) G_GAN: 0.274 D_real: 0.254 D_fake: 0.238 G: 2.957 NCE: 3.426 SB: 0.032 NCE_Y: 1.877 
saving the model at the end of epoch 20, iters 2000
End of epoch 20 / 20 	 Time Taken: 14 sec
learning rate = 0.0000000
