----------------- Options ---------------
               batch_size: 1                             
                    beta1: 0.5                           
                    beta2: 0.999                         
          checkpoints_dir: /home/yc/UNSB_PASSION/motivation_baseline_restart/checkpoints	[default: ./checkpoints]
           continue_train: False                         
                crop_size: 128                           	[default: 256]
                 dataroot: /home/yc/UNSB_PASSION/motivation_baseline_restart/datasets/single/FoggyCityscapes	[default: placeholder]
             dataset_mode: unaligned                     
                direction: AtoB                          
              display_env: main                          
             display_freq: 1000000                       	[default: 400]
               display_id: -1                            	[default: None]
            display_ncols: 4                             
             display_port: 8097                          
           display_server: http://localhost              
          display_winsize: 256                           
               easy_label: experiment_name               
            embedding_dim: 512                           
           embedding_type: positional                    
                    epoch: latest                        
              epoch_count: 1                             
          evaluation_freq: 5000                          
        flip_equivariance: False                         
                 gan_mode: lsgan                         
                  gpu_ids: 0                             
                     hnek: False                         
                init_gain: 0.02                          
                init_type: xavier                        
                 input_nc: 3                             
                  isTrain: True                          	[default: None]
               lambda_GAN: 1.0                           
               lambda_NCE: 1.0                           
                lambda_SB: 1.0                           	[default: 0.1]
                     lmda: 0.1                           
                load_size: 128                           	[default: 286]
                       lr: 0.0001                        	[default: 0.0002]
           lr_decay_iters: 50                            
                lr_policy: linear                        
         max_dataset_size: inf                           
                     mode: sb                            
                    model: sb                            
                 n_epochs: 20                            	[default: 200]
           n_epochs_decay: 0                             	[default: 200]
               n_layers_D: 3                             
                    n_mlp: 3                             
                     name: single_FoggyCityscapes_s2028  	[default: experiment_name]
                    nce_T: 0.07                          
                  nce_idt: True                          
nce_includes_all_negatives_from_minibatch: False                         
               nce_layers: 0,4,8,12,16                   
                      ndf: 64                            
                     netD: basic_cond                    
                     netE: basic_cond                    
                     netF: mlp_sample                    
                  netF_nc: 256                           
                     netG: resnet_9blocks_cond           
                      ngf: 64                            
             no_antialias: False                         
          no_antialias_up: False                         
               no_dropout: True                          
                  no_flip: True                          	[default: False]
                  no_html: True                          	[default: False]
                    normD: instance                      
                    normG: instance                      
              num_patches: 256                           
              num_threads: 0                             	[default: 4]
            num_timesteps: 5                             
                output_nc: 3                             
                    phase: train                         
                pool_size: 0                             
               preprocess: resize_and_crop               
          pretrained_name: None                          
               print_freq: 100                           
         random_scale_max: 3.0                           
             save_by_iter: False                         
          save_epoch_freq: 1                             	[default: 5]
         save_latest_freq: 1000000                       	[default: 5000]
                     seed: 2028                          	[default: 2026]
           serial_batches: False                         
                      std: 0.25                          
                style_dim: 512                           
stylegan2_G_num_downsampling: 1                             
                   suffix:                               
                      tau: 0.01                          
         update_html_freq: 1000                          
                  verbose: False                         
----------------- End -------------------
dataset [UnalignedDataset] was created
dataset [UnalignedDataset] was created
model [SBModel] was created
The number of training images = 100
/home/yc/unsb_tired/refactor/baseline/models/networks.py:579: UserWarning: To copy construct from a tensor, it is recommended to use sourceTensor.clone().detach() or sourceTensor.clone().detach().requires_grad_(True), rather than torch.tensor(sourceTensor).
  patch_id = torch.tensor(patch_id, dtype=torch.long, device=feat.device)
---------- Networks initialized -------------
[Network G] Total number of parameters : 14.684 M
[Network F] Total number of parameters : 0.560 M
[Network D] Total number of parameters : 3.143 M
[Network E] Total number of parameters : 3.152 M
-----------------------------------------------
(epoch: 1, iters: 100, time: 0.212, data: 0.029) G_GAN: 0.438 D_real: 0.099 D_fake: 0.221 G: 4.488 NCE: 3.923 SB: 0.021 NCE_Y: 4.134 
saving the model at the end of epoch 1, iters 100
End of epoch 1 / 20 	 Time Taken: 41 sec
learning rate = 0.0001000
(epoch: 2, iters: 100, time: 0.278, data: 0.012) G_GAN: 0.383 D_real: 0.590 D_fake: 0.174 G: 4.045 NCE: 3.617 SB: 0.032 NCE_Y: 3.642 
saving the model at the end of epoch 2, iters 200
End of epoch 2 / 20 	 Time Taken: 40 sec
learning rate = 0.0001000
(epoch: 3, iters: 100, time: 0.317, data: 0.012) G_GAN: 0.716 D_real: 0.182 D_fake: 0.090 G: 3.909 NCE: 3.183 SB: 0.006 NCE_Y: 3.189 
saving the model at the end of epoch 3, iters 300
End of epoch 3 / 20 	 Time Taken: 39 sec
learning rate = 0.0001000
(epoch: 4, iters: 100, time: 0.331, data: 0.038) G_GAN: 0.333 D_real: 0.395 D_fake: 0.085 G: 2.963 NCE: 2.782 SB: 0.047 NCE_Y: 2.384 
saving the model at the end of epoch 4, iters 400
End of epoch 4 / 20 	 Time Taken: 37 sec
learning rate = 0.0001000
(epoch: 5, iters: 100, time: 0.344, data: 0.012) G_GAN: 0.342 D_real: 0.341 D_fake: 0.069 G: 3.054 NCE: 3.148 SB: 0.047 NCE_Y: 2.184 
saving the model at the end of epoch 5, iters 500
End of epoch 5 / 20 	 Time Taken: 38 sec
learning rate = 0.0001000
(epoch: 6, iters: 100, time: 0.361, data: 0.354) G_GAN: 0.477 D_real: 0.026 D_fake: 0.224 G: 2.688 NCE: 2.144 SB: 0.015 NCE_Y: 2.248 
saving the model at the end of epoch 6, iters 600
End of epoch 6 / 20 	 Time Taken: 42 sec
learning rate = 0.0001000
(epoch: 7, iters: 100, time: 0.365, data: 0.171) G_GAN: 0.538 D_real: 0.236 D_fake: 0.046 G: 2.867 NCE: 2.492 SB: 0.019 NCE_Y: 2.129 
saving the model at the end of epoch 7, iters 700
End of epoch 7 / 20 	 Time Taken: 39 sec
learning rate = 0.0001000
(epoch: 8, iters: 100, time: 0.376, data: 0.011) G_GAN: 0.319 D_real: 0.043 D_fake: 0.449 G: 2.782 NCE: 2.642 SB: 0.002 NCE_Y: 2.278 
saving the model at the end of epoch 8, iters 800
End of epoch 8 / 20 	 Time Taken: 41 sec
learning rate = 0.0001000
(epoch: 9, iters: 100, time: 0.383, data: 0.011) G_GAN: 0.562 D_real: 0.105 D_fake: 0.069 G: 2.881 NCE: 2.394 SB: 0.024 NCE_Y: 2.194 
saving the model at the end of epoch 9, iters 900
End of epoch 9 / 20 	 Time Taken: 41 sec
learning rate = 0.0001000
(epoch: 10, iters: 100, time: 0.381, data: 0.011) G_GAN: 0.732 D_real: 0.014 D_fake: 0.084 G: 3.147 NCE: 2.458 SB: 0.011 NCE_Y: 2.349 
saving the model at the end of epoch 10, iters 1000
End of epoch 10 / 20 	 Time Taken: 40 sec
learning rate = 0.0001000
(epoch: 11, iters: 100, time: 0.381, data: 0.011) G_GAN: 0.421 D_real: 0.022 D_fake: 0.271 G: 2.515 NCE: 2.121 SB: 0.027 NCE_Y: 2.012 
saving the model at the end of epoch 11, iters 1100
End of epoch 11 / 20 	 Time Taken: 39 sec
learning rate = 0.0001000
(epoch: 12, iters: 100, time: 0.380, data: 0.012) G_GAN: 0.634 D_real: 0.021 D_fake: 0.269 G: 2.762 NCE: 2.319 SB: -0.007 NCE_Y: 1.950 
saving the model at the end of epoch 12, iters 1200
End of epoch 12 / 20 	 Time Taken: 39 sec
learning rate = 0.0001000
(epoch: 13, iters: 100, time: 0.383, data: 0.011) G_GAN: 0.323 D_real: 0.243 D_fake: 0.204 G: 2.776 NCE: 2.993 SB: 0.021 NCE_Y: 1.870 
saving the model at the end of epoch 13, iters 1300
End of epoch 13 / 20 	 Time Taken: 40 sec
learning rate = 0.0001000
(epoch: 14, iters: 100, time: 0.381, data: 0.030) G_GAN: 0.433 D_real: 0.600 D_fake: 0.086 G: 2.590 NCE: 2.278 SB: 0.017 NCE_Y: 2.002 
saving the model at the end of epoch 14, iters 1400
End of epoch 14 / 20 	 Time Taken: 39 sec
learning rate = 0.0001000
(epoch: 15, iters: 100, time: 0.382, data: 0.011) G_GAN: 0.310 D_real: 0.643 D_fake: 0.186 G: 3.603 NCE: 3.762 SB: -0.003 NCE_Y: 2.829 
saving the model at the end of epoch 15, iters 1500
End of epoch 15 / 20 	 Time Taken: 40 sec
learning rate = 0.0001000
(epoch: 16, iters: 100, time: 0.380, data: 0.011) G_GAN: 0.187 D_real: 0.347 D_fake: 0.344 G: 2.056 NCE: 1.909 SB: 0.004 NCE_Y: 1.821 
saving the model at the end of epoch 16, iters 1600
End of epoch 16 / 20 	 Time Taken: 39 sec
learning rate = 0.0001000
(epoch: 17, iters: 100, time: 0.379, data: 0.012) G_GAN: 0.360 D_real: 0.209 D_fake: 0.178 G: 2.478 NCE: 2.229 SB: -0.006 NCE_Y: 2.019 
saving the model at the end of epoch 17, iters 1700
End of epoch 17 / 20 	 Time Taken: 40 sec
learning rate = 0.0001000
(epoch: 18, iters: 100, time: 0.376, data: 0.011) G_GAN: 0.279 D_real: 0.548 D_fake: 0.148 G: 2.251 NCE: 1.978 SB: 0.005 NCE_Y: 1.957 
saving the model at the end of epoch 18, iters 1800
End of epoch 18 / 20 	 Time Taken: 39 sec
learning rate = 0.0001000
(epoch: 19, iters: 100, time: 0.381, data: 0.026) G_GAN: 0.286 D_real: 0.053 D_fake: 0.381 G: 2.049 NCE: 1.786 SB: -0.005 NCE_Y: 1.749 
saving the model at the end of epoch 19, iters 1900
End of epoch 19 / 20 	 Time Taken: 41 sec
learning rate = 0.0001000
(epoch: 20, iters: 100, time: 0.374, data: 0.011) G_GAN: 0.322 D_real: 0.380 D_fake: 0.153 G: 2.441 NCE: 2.434 SB: -0.019 NCE_Y: 1.844 
saving the model at the end of epoch 20, iters 2000
End of epoch 20 / 20 	 Time Taken: 39 sec
learning rate = 0.0000000
