/home/yc/unsb_tired/refactor/baseline/models/networks.py:579: UserWarning: To copy construct from a tensor, it is recommended to use sourceTensor.clone().detach() or sourceTensor.clone().detach().requires_grad_(True), rather than torch.tensor(sourceTensor).
  patch_id = torch.tensor(patch_id, dtype=torch.long, device=feat.device)
----------------- Options ---------------
               batch_size: 1                             
                    beta1: 0.5                           
                    beta2: 0.999                         
          checkpoints_dir: /home/yc/UNSB_PASSION/motivation_baseline_restart/checkpoints	[default: ./checkpoints]
           continue_train: False                         
                crop_size: 128                           	[default: 256]
                 dataroot: /home/yc/UNSB_PASSION/motivation_baseline_restart/datasets/single/RSCityscapes	[default: placeholder]
             dataset_mode: unaligned                     
                direction: AtoB                          
              display_env: main                          
             display_freq: 1000000                       	[default: 400]
               display_id: -1                            	[default: None]
            display_ncols: 4                             
             display_port: 8097                          
           display_server: http://localhost              
          display_winsize: 256                           
               easy_label: experiment_name               
            embedding_dim: 512                           
           embedding_type: positional                    
                    epoch: latest                        
              epoch_count: 1                             
          evaluation_freq: 5000                          
        flip_equivariance: False                         
                 gan_mode: lsgan                         
                  gpu_ids: 0                             
                     hnek: False                         
                init_gain: 0.02                          
                init_type: xavier                        
                 input_nc: 3                             
                  isTrain: True                          	[default: None]
               lambda_GAN: 1.0                           
               lambda_NCE: 1.0                           
                lambda_SB: 1.0                           	[default: 0.1]
                     lmda: 0.1                           
                load_size: 128                           	[default: 286]
                       lr: 0.0001                        	[default: 0.0002]
           lr_decay_iters: 50                            
                lr_policy: linear                        
         max_dataset_size: inf                           
                     mode: sb                            
                    model: sb                            
                 n_epochs: 20                            	[default: 200]
           n_epochs_decay: 0                             	[default: 200]
               n_layers_D: 3                             
                    n_mlp: 3                             
                     name: single_RSCityscapes_s2031     	[default: experiment_name]
                    nce_T: 0.07                          
                  nce_idt: True                          
nce_includes_all_negatives_from_minibatch: False                         
               nce_layers: 0,4,8,12,16                   
                      ndf: 64                            
                     netD: basic_cond                    
                     netE: basic_cond                    
                     netF: mlp_sample                    
                  netF_nc: 256                           
                     netG: resnet_9blocks_cond           
                      ngf: 64                            
             no_antialias: False                         
          no_antialias_up: False                         
               no_dropout: True                          
                  no_flip: True                          	[default: False]
                  no_html: True                          	[default: False]
                    normD: instance                      
                    normG: instance                      
              num_patches: 256                           
              num_threads: 0                             	[default: 4]
            num_timesteps: 5                             
                output_nc: 3                             
                    phase: train                         
                pool_size: 0                             
               preprocess: resize_and_crop               
          pretrained_name: None                          
               print_freq: 100                           
         random_scale_max: 3.0                           
             save_by_iter: False                         
          save_epoch_freq: 1                             	[default: 5]
         save_latest_freq: 1000000                       	[default: 5000]
                     seed: 2031                          	[default: 2026]
           serial_batches: False                         
                      std: 0.25                          
                style_dim: 512                           
stylegan2_G_num_downsampling: 1                             
                   suffix:                               
                      tau: 0.01                          
         update_html_freq: 1000                          
                  verbose: False                         
----------------- End -------------------
dataset [UnalignedDataset] was created
dataset [UnalignedDataset] was created
model [SBModel] was created
The number of training images = 100
---------- Networks initialized -------------
[Network G] Total number of parameters : 14.684 M
[Network F] Total number of parameters : 0.560 M
[Network D] Total number of parameters : 3.143 M
[Network E] Total number of parameters : 3.152 M
-----------------------------------------------
(epoch: 1, iters: 100, time: 0.401, data: 0.014) G_GAN: 0.755 D_real: 0.229 D_fake: 0.231 G: 4.282 NCE: 3.498 SB: 0.033 NCE_Y: 3.490 
saving the model at the end of epoch 1, iters 100
End of epoch 1 / 20 	 Time Taken: 92 sec
learning rate = 0.0001000
(epoch: 2, iters: 100, time: 0.598, data: 0.012) G_GAN: 0.565 D_real: 0.364 D_fake: 0.123 G: 4.391 NCE: 4.024 SB: 0.023 NCE_Y: 3.581 
saving the model at the end of epoch 2, iters 200
End of epoch 2 / 20 	 Time Taken: 93 sec
learning rate = 0.0001000
(epoch: 3, iters: 100, time: 0.705, data: 0.153) G_GAN: 0.558 D_real: 0.127 D_fake: 0.138 G: 3.367 NCE: 2.794 SB: 0.032 NCE_Y: 2.759 
saving the model at the end of epoch 3, iters 300
End of epoch 3 / 20 	 Time Taken: 94 sec
learning rate = 0.0001000
(epoch: 4, iters: 100, time: 0.751, data: 0.295) G_GAN: 0.492 D_real: 0.143 D_fake: 0.153 G: 2.789 NCE: 2.186 SB: 0.056 NCE_Y: 2.297 
saving the model at the end of epoch 4, iters 400
End of epoch 4 / 20 	 Time Taken: 87 sec
learning rate = 0.0001000
(epoch: 5, iters: 100, time: 0.811, data: 0.829) G_GAN: 0.401 D_real: 0.246 D_fake: 0.262 G: 3.044 NCE: 2.794 SB: 0.015 NCE_Y: 2.463 
saving the model at the end of epoch 5, iters 500
End of epoch 5 / 20 	 Time Taken: 94 sec
learning rate = 0.0001000
(epoch: 6, iters: 100, time: 0.836, data: 0.011) G_GAN: 0.281 D_real: 0.132 D_fake: 0.315 G: 2.967 NCE: 2.796 SB: 0.010 NCE_Y: 2.555 
saving the model at the end of epoch 6, iters 600
End of epoch 6 / 20 	 Time Taken: 90 sec
learning rate = 0.0001000
(epoch: 7, iters: 100, time: 0.860, data: 0.014) G_GAN: 0.670 D_real: 0.031 D_fake: 0.217 G: 3.214 NCE: 2.488 SB: 0.011 NCE_Y: 2.579 
saving the model at the end of epoch 7, iters 700
End of epoch 7 / 20 	 Time Taken: 97 sec
learning rate = 0.0001000
(epoch: 8, iters: 100, time: 0.863, data: 0.993) G_GAN: 0.483 D_real: 0.061 D_fake: 0.455 G: 2.772 NCE: 2.472 SB: 0.001 NCE_Y: 2.104 
saving the model at the end of epoch 8, iters 800
End of epoch 8 / 20 	 Time Taken: 94 sec
learning rate = 0.0001000
(epoch: 9, iters: 100, time: 0.877, data: 0.012) G_GAN: 0.257 D_real: 0.337 D_fake: 0.261 G: 2.588 NCE: 2.515 SB: 0.007 NCE_Y: 2.135 
saving the model at the end of epoch 9, iters 900
End of epoch 9 / 20 	 Time Taken: 95 sec
learning rate = 0.0001000
(epoch: 10, iters: 100, time: 0.893, data: 0.012) G_GAN: 0.446 D_real: 0.431 D_fake: 0.089 G: 2.740 NCE: 2.615 SB: -0.000 NCE_Y: 1.972 
saving the model at the end of epoch 10, iters 1000
End of epoch 10 / 20 	 Time Taken: 95 sec
learning rate = 0.0001000
(epoch: 11, iters: 100, time: 0.882, data: 0.011) G_GAN: 0.349 D_real: 0.301 D_fake: 0.111 G: 2.282 NCE: 2.038 SB: -0.024 NCE_Y: 1.877 
saving the model at the end of epoch 11, iters 1100
End of epoch 11 / 20 	 Time Taken: 93 sec
learning rate = 0.0001000
(epoch: 12, iters: 100, time: 0.866, data: 0.011) G_GAN: 0.314 D_real: 0.196 D_fake: 0.334 G: 2.216 NCE: 1.959 SB: -0.038 NCE_Y: 1.920 
saving the model at the end of epoch 12, iters 1200
End of epoch 12 / 20 	 Time Taken: 89 sec
learning rate = 0.0001000
(epoch: 13, iters: 100, time: 0.855, data: 0.012) G_GAN: 0.312 D_real: 0.150 D_fake: 0.291 G: 1.914 NCE: 1.786 SB: 0.021 NCE_Y: 1.375 
saving the model at the end of epoch 13, iters 1300
End of epoch 13 / 20 	 Time Taken: 89 sec
learning rate = 0.0001000
(epoch: 14, iters: 100, time: 0.863, data: 0.012) G_GAN: 0.519 D_real: 0.172 D_fake: 0.225 G: 2.441 NCE: 2.055 SB: 0.023 NCE_Y: 1.742 
saving the model at the end of epoch 14, iters 1400
End of epoch 14 / 20 	 Time Taken: 93 sec
learning rate = 0.0001000
(epoch: 15, iters: 100, time: 0.867, data: 0.011) G_GAN: 0.490 D_real: 0.181 D_fake: 0.305 G: 2.163 NCE: 1.660 SB: 0.029 NCE_Y: 1.628 
saving the model at the end of epoch 15, iters 1500
End of epoch 15 / 20 	 Time Taken: 90 sec
learning rate = 0.0001000
(epoch: 16, iters: 100, time: 0.880, data: 0.012) G_GAN: 0.480 D_real: 0.087 D_fake: 0.285 G: 2.101 NCE: 1.730 SB: -0.002 NCE_Y: 1.517 
saving the model at the end of epoch 16, iters 1600
End of epoch 16 / 20 	 Time Taken: 95 sec
learning rate = 0.0001000
(epoch: 17, iters: 100, time: 0.849, data: 1.040) G_GAN: 0.429 D_real: 0.267 D_fake: 0.209 G: 2.645 NCE: 2.326 SB: -0.012 NCE_Y: 2.130 
saving the model at the end of epoch 17, iters 1700
End of epoch 17 / 20 	 Time Taken: 89 sec
learning rate = 0.0001000
(epoch: 18, iters: 100, time: 0.819, data: 0.030) G_GAN: 0.435 D_real: 0.351 D_fake: 0.098 G: 2.561 NCE: 2.142 SB: 0.013 NCE_Y: 2.082 
saving the model at the end of epoch 18, iters 1800
End of epoch 18 / 20 	 Time Taken: 82 sec
learning rate = 0.0001000
(epoch: 19, iters: 100, time: 0.829, data: 0.210) G_GAN: 0.529 D_real: 0.038 D_fake: 0.288 G: 2.296 NCE: 1.809 SB: 0.023 NCE_Y: 1.678 
saving the model at the end of epoch 19, iters 1900
End of epoch 19 / 20 	 Time Taken: 92 sec
learning rate = 0.0001000
(epoch: 20, iters: 100, time: 0.851, data: 0.808) G_GAN: 0.454 D_real: 0.180 D_fake: 0.250 G: 2.168 NCE: 1.676 SB: 0.046 NCE_Y: 1.662 
saving the model at the end of epoch 20, iters 2000
End of epoch 20 / 20 	 Time Taken: 95 sec
learning rate = 0.0000000
