----------------- Options ---------------
               batch_size: 1                             
                    beta1: 0.5                           
                    beta2: 0.999                         
          checkpoints_dir: /home/yc/UNSB_PASSION/motivation_baseline_restart/checkpoints	[default: ./checkpoints]
           continue_train: False                         
                crop_size: 128                           	[default: 256]
                 dataroot: /home/yc/UNSB_PASSION/motivation_baseline_restart/datasets/single/LowLightTrafficData	[default: placeholder]
             dataset_mode: unaligned                     
                direction: AtoB                          
              display_env: main                          
             display_freq: 1000000                       	[default: 400]
               display_id: -1                            	[default: None]
            display_ncols: 4                             
             display_port: 8097                          
           display_server: http://localhost              
          display_winsize: 256                           
               easy_label: experiment_name               
            embedding_dim: 512                           
           embedding_type: positional                    
                    epoch: latest                        
              epoch_count: 1                             
          evaluation_freq: 5000                          
        flip_equivariance: False                         
                 gan_mode: lsgan                         
                  gpu_ids: 0                             
                     hnek: False                         
                init_gain: 0.02                          
                init_type: xavier                        
                 input_nc: 3                             
                  isTrain: True                          	[default: None]
               lambda_GAN: 1.0                           
               lambda_NCE: 1.0                           
                lambda_SB: 1.0                           	[default: 0.1]
                     lmda: 0.1                           
                load_size: 128                           	[default: 286]
                       lr: 0.0001                        	[default: 0.0002]
           lr_decay_iters: 50                            
                lr_policy: linear                        
         max_dataset_size: inf                           
                     mode: sb                            
                    model: sb                            
                 n_epochs: 20                            	[default: 200]
           n_epochs_decay: 0                             	[default: 200]
               n_layers_D: 3                             
                    n_mlp: 3                             
                     name: single_LowLightTrafficData_s2029	[default: experiment_name]
                    nce_T: 0.07                          
                  nce_idt: True                          
nce_includes_all_negatives_from_minibatch: False                         
               nce_layers: 0,4,8,12,16                   
                      ndf: 64                            
                     netD: basic_cond                    
                     netE: basic_cond                    
                     netF: mlp_sample                    
                  netF_nc: 256                           
                     netG: resnet_9blocks_cond           
                      ngf: 64                            
             no_antialias: False                         
          no_antialias_up: False                         
               no_dropout: True                          
                  no_flip: True                          	[default: False]
                  no_html: True                          	[default: False]
                    normD: instance                      
                    normG: instance                      
              num_patches: 256                           
              num_threads: 0                             	[default: 4]
            num_timesteps: 5                             
                output_nc: 3                             
                    phase: train                         
                pool_size: 0                             
               preprocess: resize_and_crop               
          pretrained_name: None                          
               print_freq: 100                           
         random_scale_max: 3.0                           
             save_by_iter: False                         
          save_epoch_freq: 1                             	[default: 5]
         save_latest_freq: 1000000                       	[default: 5000]
                     seed: 2029                          	[default: 2026]
           serial_batches: False                         
                      std: 0.25                          
                style_dim: 512                           
stylegan2_G_num_downsampling: 1                             
                   suffix:                               
                      tau: 0.01                          
         update_html_freq: 1000                          
                  verbose: False                         
----------------- End -------------------
dataset [UnalignedDataset] was created
dataset [UnalignedDataset] was created
model [SBModel] was created
The number of training images = 100
/home/yc/unsb_tired/refactor/baseline/models/networks.py:579: UserWarning: To copy construct from a tensor, it is recommended to use sourceTensor.clone().detach() or sourceTensor.clone().detach().requires_grad_(True), rather than torch.tensor(sourceTensor).
  patch_id = torch.tensor(patch_id, dtype=torch.long, device=feat.device)
---------- Networks initialized -------------
[Network G] Total number of parameters : 14.684 M
[Network F] Total number of parameters : 0.560 M
[Network D] Total number of parameters : 3.143 M
[Network E] Total number of parameters : 3.152 M
-----------------------------------------------
(epoch: 1, iters: 100, time: 0.118, data: 0.013) G_GAN: 0.291 D_real: 0.247 D_fake: 0.278 G: 4.955 NCE: 4.921 SB: 0.045 NCE_Y: 4.317 
saving the model at the end of epoch 1, iters 100
End of epoch 1 / 20 	 Time Taken: 16 sec
learning rate = 0.0001000
(epoch: 2, iters: 100, time: 0.125, data: 0.011) G_GAN: 0.276 D_real: 0.137 D_fake: 0.388 G: 4.320 NCE: 4.347 SB: 0.022 NCE_Y: 3.698 
saving the model at the end of epoch 2, iters 200
End of epoch 2 / 20 	 Time Taken: 15 sec
learning rate = 0.0001000
(epoch: 3, iters: 100, time: 0.131, data: 0.015) G_GAN: 0.340 D_real: 0.229 D_fake: 0.238 G: 3.963 NCE: 3.871 SB: 0.043 NCE_Y: 3.288 
saving the model at the end of epoch 3, iters 300
End of epoch 3 / 20 	 Time Taken: 15 sec
learning rate = 0.0001000
(epoch: 4, iters: 100, time: 0.134, data: 0.010) G_GAN: 0.297 D_real: 0.210 D_fake: 0.231 G: 3.785 NCE: 3.988 SB: 0.011 NCE_Y: 2.966 
saving the model at the end of epoch 4, iters 400
End of epoch 4 / 20 	 Time Taken: 15 sec
learning rate = 0.0001000
(epoch: 5, iters: 100, time: 0.136, data: 0.010) G_GAN: 0.286 D_real: 0.167 D_fake: 0.308 G: 3.973 NCE: 4.543 SB: 0.021 NCE_Y: 2.789 
saving the model at the end of epoch 5, iters 500
End of epoch 5 / 20 	 Time Taken: 15 sec
learning rate = 0.0001000
(epoch: 6, iters: 100, time: 0.138, data: 0.010) G_GAN: 0.416 D_real: 0.108 D_fake: 0.330 G: 3.681 NCE: 3.208 SB: 0.010 NCE_Y: 3.302 
saving the model at the end of epoch 6, iters 600
End of epoch 6 / 20 	 Time Taken: 15 sec
learning rate = 0.0001000
(epoch: 7, iters: 100, time: 0.137, data: 0.010) G_GAN: 0.271 D_real: 0.074 D_fake: 0.390 G: 3.219 NCE: 3.125 SB: 0.030 NCE_Y: 2.712 
saving the model at the end of epoch 7, iters 700
End of epoch 7 / 20 	 Time Taken: 15 sec
learning rate = 0.0001000
(epoch: 8, iters: 100, time: 0.138, data: 0.011) G_GAN: 0.298 D_real: 0.160 D_fake: 0.243 G: 3.293 NCE: 3.221 SB: 0.060 NCE_Y: 2.649 
saving the model at the end of epoch 8, iters 800
End of epoch 8 / 20 	 Time Taken: 15 sec
learning rate = 0.0001000
(epoch: 9, iters: 100, time: 0.136, data: 0.011) G_GAN: 0.250 D_real: 0.366 D_fake: 0.286 G: 3.437 NCE: 3.655 SB: 0.007 NCE_Y: 2.705 
saving the model at the end of epoch 9, iters 900
End of epoch 9 / 20 	 Time Taken: 14 sec
learning rate = 0.0001000
(epoch: 10, iters: 100, time: 0.135, data: 0.012) G_GAN: 0.239 D_real: 0.269 D_fake: 0.453 G: 3.345 NCE: 3.671 SB: 0.008 NCE_Y: 2.524 
saving the model at the end of epoch 10, iters 1000
End of epoch 10 / 20 	 Time Taken: 14 sec
learning rate = 0.0001000
(epoch: 11, iters: 100, time: 0.136, data: 0.010) G_GAN: 0.294 D_real: 0.509 D_fake: 0.193 G: 3.907 NCE: 4.326 SB: 0.011 NCE_Y: 2.877 
saving the model at the end of epoch 11, iters 1100
End of epoch 11 / 20 	 Time Taken: 15 sec
learning rate = 0.0001000
(epoch: 12, iters: 100, time: 0.138, data: 0.011) G_GAN: 0.312 D_real: 0.298 D_fake: 0.252 G: 2.536 NCE: 2.491 SB: 0.034 NCE_Y: 1.888 
saving the model at the end of epoch 12, iters 1200
End of epoch 12 / 20 	 Time Taken: 15 sec
learning rate = 0.0001000
(epoch: 13, iters: 100, time: 0.137, data: 0.013) G_GAN: 0.331 D_real: 0.285 D_fake: 0.168 G: 2.718 NCE: 2.717 SB: 0.051 NCE_Y: 1.955 
saving the model at the end of epoch 13, iters 1300
End of epoch 13 / 20 	 Time Taken: 15 sec
learning rate = 0.0001000
(epoch: 14, iters: 100, time: 0.138, data: 0.011) G_GAN: 0.354 D_real: 0.367 D_fake: 0.158 G: 2.948 NCE: 3.055 SB: 0.009 NCE_Y: 2.115 
saving the model at the end of epoch 14, iters 1400
End of epoch 14 / 20 	 Time Taken: 15 sec
learning rate = 0.0001000
(epoch: 15, iters: 100, time: 0.138, data: 0.011) G_GAN: 0.283 D_real: 0.316 D_fake: 0.207 G: 2.774 NCE: 3.187 SB: 0.014 NCE_Y: 1.767 
saving the model at the end of epoch 15, iters 1500
End of epoch 15 / 20 	 Time Taken: 15 sec
learning rate = 0.0001000
(epoch: 16, iters: 100, time: 0.139, data: 0.012) G_GAN: 0.406 D_real: 0.149 D_fake: 0.164 G: 3.332 NCE: 3.519 SB: 0.007 NCE_Y: 2.320 
saving the model at the end of epoch 16, iters 1600
End of epoch 16 / 20 	 Time Taken: 15 sec
learning rate = 0.0001000
(epoch: 17, iters: 100, time: 0.137, data: 0.011) G_GAN: 0.293 D_real: 0.261 D_fake: 0.205 G: 3.022 NCE: 3.383 SB: 0.022 NCE_Y: 2.033 
saving the model at the end of epoch 17, iters 1700
End of epoch 17 / 20 	 Time Taken: 14 sec
learning rate = 0.0001000
(epoch: 18, iters: 100, time: 0.138, data: 0.011) G_GAN: 0.278 D_real: 0.131 D_fake: 0.404 G: 2.652 NCE: 2.874 SB: 0.054 NCE_Y: 1.765 
saving the model at the end of epoch 18, iters 1800
End of epoch 18 / 20 	 Time Taken: 15 sec
learning rate = 0.0001000
(epoch: 19, iters: 100, time: 0.138, data: 0.011) G_GAN: 0.392 D_real: 0.167 D_fake: 0.387 G: 3.104 NCE: 3.318 SB: 0.021 NCE_Y: 2.065 
saving the model at the end of epoch 19, iters 1900
End of epoch 19 / 20 	 Time Taken: 15 sec
learning rate = 0.0001000
(epoch: 20, iters: 100, time: 0.140, data: 0.010) G_GAN: 0.282 D_real: 0.358 D_fake: 0.272 G: 2.976 NCE: 2.836 SB: 0.009 NCE_Y: 2.534 
saving the model at the end of epoch 20, iters 2000
End of epoch 20 / 20 	 Time Taken: 15 sec
learning rate = 0.0000000
