/home/yc/unsb_tired/refactor/baseline/models/networks.py:579: UserWarning: To copy construct from a tensor, it is recommended to use sourceTensor.clone().detach() or sourceTensor.clone().detach().requires_grad_(True), rather than torch.tensor(sourceTensor).
  patch_id = torch.tensor(patch_id, dtype=torch.long, device=feat.device)
----------------- Options ---------------
               batch_size: 1                             
                    beta1: 0.5                           
                    beta2: 0.999                         
          checkpoints_dir: /home/yc/UNSB_PASSION/motivation_baseline_restart/checkpoints	[default: ./checkpoints]
           continue_train: False                         
                crop_size: 128                           	[default: 256]
                 dataroot: /home/yc/UNSB_PASSION/motivation_baseline_restart/datasets/single/SnowTrafficData	[default: placeholder]
             dataset_mode: unaligned                     
                direction: AtoB                          
              display_env: main                          
             display_freq: 1000000                       	[default: 400]
               display_id: -1                            	[default: None]
            display_ncols: 4                             
             display_port: 8097                          
           display_server: http://localhost              
          display_winsize: 256                           
               easy_label: experiment_name               
            embedding_dim: 512                           
           embedding_type: positional                    
                    epoch: latest                        
              epoch_count: 1                             
          evaluation_freq: 5000                          
        flip_equivariance: False                         
                 gan_mode: lsgan                         
                  gpu_ids: 0                             
                     hnek: False                         
                init_gain: 0.02                          
                init_type: xavier                        
                 input_nc: 3                             
                  isTrain: True                          	[default: None]
               lambda_GAN: 1.0                           
               lambda_NCE: 1.0                           
                lambda_SB: 1.0                           	[default: 0.1]
                     lmda: 0.1                           
                load_size: 128                           	[default: 286]
                       lr: 0.0001                        	[default: 0.0002]
           lr_decay_iters: 50                            
                lr_policy: linear                        
         max_dataset_size: inf                           
                     mode: sb                            
                    model: sb                            
                 n_epochs: 20                            	[default: 200]
           n_epochs_decay: 0                             	[default: 200]
               n_layers_D: 3                             
                    n_mlp: 3                             
                     name: single_SnowTrafficData_s2030  	[default: experiment_name]
                    nce_T: 0.07                          
                  nce_idt: True                          
nce_includes_all_negatives_from_minibatch: False                         
               nce_layers: 0,4,8,12,16                   
                      ndf: 64                            
                     netD: basic_cond                    
                     netE: basic_cond                    
                     netF: mlp_sample                    
                  netF_nc: 256                           
                     netG: resnet_9blocks_cond           
                      ngf: 64                            
             no_antialias: False                         
          no_antialias_up: False                         
               no_dropout: True                          
                  no_flip: True                          	[default: False]
                  no_html: True                          	[default: False]
                    normD: instance                      
                    normG: instance                      
              num_patches: 256                           
              num_threads: 0                             	[default: 4]
            num_timesteps: 5                             
                output_nc: 3                             
                    phase: train                         
                pool_size: 0                             
               preprocess: resize_and_crop               
          pretrained_name: None                          
               print_freq: 100                           
         random_scale_max: 3.0                           
             save_by_iter: False                         
          save_epoch_freq: 1                             	[default: 5]
         save_latest_freq: 1000000                       	[default: 5000]
                     seed: 2030                          	[default: 2026]
           serial_batches: False                         
                      std: 0.25                          
                style_dim: 512                           
stylegan2_G_num_downsampling: 1                             
                   suffix:                               
                      tau: 0.01                          
         update_html_freq: 1000                          
                  verbose: False                         
----------------- End -------------------
dataset [UnalignedDataset] was created
dataset [UnalignedDataset] was created
model [SBModel] was created
The number of training images = 100
---------- Networks initialized -------------
[Network G] Total number of parameters : 14.684 M
[Network F] Total number of parameters : 0.560 M
[Network D] Total number of parameters : 3.143 M
[Network E] Total number of parameters : 3.152 M
-----------------------------------------------
(epoch: 1, iters: 100, time: 0.403, data: 0.136) G_GAN: 0.306 D_real: 0.047 D_fake: 0.451 G: 4.498 NCE: 4.223 SB: 0.044 NCE_Y: 4.074 
saving the model at the end of epoch 1, iters 100
End of epoch 1 / 20 	 Time Taken: 97 sec
learning rate = 0.0001000
(epoch: 2, iters: 100, time: 0.598, data: 0.047) G_GAN: 0.279 D_real: 0.149 D_fake: 0.298 G: 3.362 NCE: 2.903 SB: 0.031 NCE_Y: 3.201 
saving the model at the end of epoch 2, iters 200
End of epoch 2 / 20 	 Time Taken: 96 sec
learning rate = 0.0001000
(epoch: 3, iters: 100, time: 0.695, data: 0.014) G_GAN: 0.257 D_real: 0.303 D_fake: 0.192 G: 2.913 NCE: 2.512 SB: 0.022 NCE_Y: 2.757 
saving the model at the end of epoch 3, iters 300
End of epoch 3 / 20 	 Time Taken: 93 sec
learning rate = 0.0001000
(epoch: 4, iters: 100, time: 0.753, data: 0.033) G_GAN: 0.394 D_real: 0.120 D_fake: 0.151 G: 5.663 NCE: 4.782 SB: 0.008 NCE_Y: 5.740 
saving the model at the end of epoch 4, iters 400
End of epoch 4 / 20 	 Time Taken: 89 sec
learning rate = 0.0001000
(epoch: 5, iters: 100, time: 0.768, data: 0.589) G_GAN: 0.412 D_real: 0.068 D_fake: 0.222 G: 2.401 NCE: 1.855 SB: 0.040 NCE_Y: 2.044 
saving the model at the end of epoch 5, iters 500
End of epoch 5 / 20 	 Time Taken: 83 sec
learning rate = 0.0001000
(epoch: 6, iters: 100, time: 0.822, data: 0.012) G_GAN: 0.266 D_real: 0.397 D_fake: 0.149 G: 2.379 NCE: 2.055 SB: 0.010 NCE_Y: 2.153 
saving the model at the end of epoch 6, iters 600
End of epoch 6 / 20 	 Time Taken: 95 sec
learning rate = 0.0001000
(epoch: 7, iters: 100, time: 0.834, data: 0.763) G_GAN: 0.633 D_real: 0.146 D_fake: 0.160 G: 2.791 NCE: 2.084 SB: 0.030 NCE_Y: 2.173 
saving the model at the end of epoch 7, iters 700
End of epoch 7 / 20 	 Time Taken: 94 sec
learning rate = 0.0001000
(epoch: 8, iters: 100, time: 0.848, data: 0.013) G_GAN: 0.400 D_real: 0.199 D_fake: 0.182 G: 2.218 NCE: 1.866 SB: 0.033 NCE_Y: 1.702 
saving the model at the end of epoch 8, iters 800
End of epoch 8 / 20 	 Time Taken: 92 sec
learning rate = 0.0001000
(epoch: 9, iters: 100, time: 0.847, data: 0.016) G_GAN: 0.440 D_real: 0.057 D_fake: 0.253 G: 2.121 NCE: 1.677 SB: 0.049 NCE_Y: 1.587 
saving the model at the end of epoch 9, iters 900
End of epoch 9 / 20 	 Time Taken: 88 sec
learning rate = 0.0001000
(epoch: 10, iters: 100, time: 0.862, data: 0.986) G_GAN: 0.461 D_real: 0.248 D_fake: 0.183 G: 2.372 NCE: 1.973 SB: 0.009 NCE_Y: 1.830 
saving the model at the end of epoch 10, iters 1000
End of epoch 10 / 20 	 Time Taken: 95 sec
learning rate = 0.0001000
(epoch: 11, iters: 100, time: 0.856, data: 0.013) G_GAN: 0.603 D_real: 0.016 D_fake: 0.181 G: 2.374 NCE: 1.497 SB: 0.019 NCE_Y: 2.008 
saving the model at the end of epoch 11, iters 1100
End of epoch 11 / 20 	 Time Taken: 92 sec
learning rate = 0.0001000
(epoch: 12, iters: 100, time: 0.853, data: 0.068) G_GAN: 0.399 D_real: 0.258 D_fake: 0.177 G: 2.087 NCE: 1.685 SB: 0.006 NCE_Y: 1.680 
saving the model at the end of epoch 12, iters 1200
End of epoch 12 / 20 	 Time Taken: 90 sec
learning rate = 0.0001000
(epoch: 13, iters: 100, time: 0.836, data: 0.030) G_GAN: 0.341 D_real: 0.227 D_fake: 0.220 G: 2.784 NCE: 2.323 SB: 0.015 NCE_Y: 2.534 
saving the model at the end of epoch 13, iters 1300
End of epoch 13 / 20 	 Time Taken: 88 sec
learning rate = 0.0001000
(epoch: 14, iters: 100, time: 0.857, data: 0.011) G_GAN: 0.574 D_real: 0.032 D_fake: 0.114 G: 2.280 NCE: 1.416 SB: -0.010 NCE_Y: 2.016 
saving the model at the end of epoch 14, iters 1400
End of epoch 14 / 20 	 Time Taken: 96 sec
learning rate = 0.0001000
(epoch: 15, iters: 100, time: 0.851, data: 0.933) G_GAN: 0.590 D_real: 0.058 D_fake: 0.116 G: 2.252 NCE: 1.630 SB: 0.031 NCE_Y: 1.631 
saving the model at the end of epoch 15, iters 1500
End of epoch 15 / 20 	 Time Taken: 91 sec
learning rate = 0.0001000
(epoch: 16, iters: 100, time: 0.865, data: 0.018) G_GAN: 0.385 D_real: 0.242 D_fake: 0.300 G: 2.125 NCE: 1.760 SB: 0.028 NCE_Y: 1.665 
saving the model at the end of epoch 16, iters 1600
End of epoch 16 / 20 	 Time Taken: 96 sec
learning rate = 0.0001000
(epoch: 17, iters: 100, time: 0.866, data: 0.289) G_GAN: 0.504 D_real: 0.034 D_fake: 0.157 G: 2.371 NCE: 1.714 SB: 0.012 NCE_Y: 1.994 
saving the model at the end of epoch 17, iters 1700
End of epoch 17 / 20 	 Time Taken: 94 sec
learning rate = 0.0001000
(epoch: 18, iters: 100, time: 0.837, data: 0.304) G_GAN: 0.520 D_real: 0.028 D_fake: 0.143 G: 2.339 NCE: 1.925 SB: 0.009 NCE_Y: 1.695 
saving the model at the end of epoch 18, iters 1800
End of epoch 18 / 20 	 Time Taken: 85 sec
learning rate = 0.0001000
(epoch: 19, iters: 100, time: 0.866, data: 0.081) G_GAN: 0.601 D_real: 0.081 D_fake: 0.041 G: 3.771 NCE: 3.592 SB: 0.013 NCE_Y: 2.723 
saving the model at the end of epoch 19, iters 1900
End of epoch 19 / 20 	 Time Taken: 97 sec
learning rate = 0.0001000
(epoch: 20, iters: 100, time: 0.872, data: 0.013) G_GAN: 0.396 D_real: 0.324 D_fake: 0.120 G: 2.552 NCE: 2.336 SB: 0.001 NCE_Y: 1.975 
saving the model at the end of epoch 20, iters 2000
End of epoch 20 / 20 	 Time Taken: 96 sec
learning rate = 0.0000000
