----------------- Options ---------------
               batch_size: 1                             
                    beta1: 0.5                           
                    beta2: 0.999                         
          checkpoints_dir: /home/yc/UNSB_PASSION/motivation_baseline_restart/checkpoints	[default: ./checkpoints]
           continue_train: False                         
                crop_size: 128                           	[default: 256]
                 dataroot: /home/yc/UNSB_PASSION/motivation_baseline_restart/datasets/single/FoggyCityscapes	[default: placeholder]
             dataset_mode: unaligned                     
                direction: AtoB                          
              display_env: main                          
             display_freq: 1000000                       	[default: 400]
               display_id: -1                            	[default: None]
            display_ncols: 4                             
             display_port: 8097                          
           display_server: http://localhost              
          display_winsize: 256                           
               easy_label: experiment_name               
            embedding_dim: 512                           
           embedding_type: positional                    
                    epoch: latest                        
              epoch_count: 1                             
          evaluation_freq: 5000                          
        flip_equivariance: False                         
                 gan_mode: lsgan                         
                  gpu_ids: 0                             
                     hnek: False                         
                init_gain: 0.02                          
                init_type: xavier                        
                 input_nc: 3                             
                  isTrain: True                          	[default: None]
               lambda_GAN: 1.0                           
               lambda_NCE: 1.0                           
                lambda_SB: 1.0                           	[default: 0.1]
                     lmda: 0.1                           
                load_size: 128                           	[default: 286]
                       lr: 0.0001                        	[default: 0.0002]
           lr_decay_iters: 50                            
                lr_policy: linear                        
         max_dataset_size: inf                           
                     mode: sb                            
                    model: sb                            
                 n_epochs: 20                            	[default: 200]
           n_epochs_decay: 0                             	[default: 200]
               n_layers_D: 3                             
                    n_mlp: 3                             
                     name: single_FoggyCityscapes_s2027  	[default: experiment_name]
                    nce_T: 0.07                          
                  nce_idt: True                          
nce_includes_all_negatives_from_minibatch: False                         
               nce_layers: 0,4,8,12,16                   
                      ndf: 64                            
                     netD: basic_cond                    
                     netE: basic_cond                    
                     netF: mlp_sample                    
                  netF_nc: 256                           
                     netG: resnet_9blocks_cond           
                      ngf: 64                            
             no_antialias: False                         
          no_antialias_up: False                         
               no_dropout: True                          
                  no_flip: True                          	[default: False]
                  no_html: True                          	[default: False]
                    normD: instance                      
                    normG: instance                      
              num_patches: 256                           
              num_threads: 0                             	[default: 4]
            num_timesteps: 5                             
                output_nc: 3                             
                    phase: train                         
                pool_size: 0                             
               preprocess: resize_and_crop               
          pretrained_name: None                          
               print_freq: 100                           
         random_scale_max: 3.0                           
             save_by_iter: False                         
          save_epoch_freq: 1                             	[default: 5]
         save_latest_freq: 1000000                       	[default: 5000]
                     seed: 2027                          	[default: 2026]
           serial_batches: False                         
                      std: 0.25                          
                style_dim: 512                           
stylegan2_G_num_downsampling: 1                             
                   suffix:                               
                      tau: 0.01                          
         update_html_freq: 1000                          
                  verbose: False                         
----------------- End -------------------
dataset [UnalignedDataset] was created
dataset [UnalignedDataset] was created
model [SBModel] was created
The number of training images = 100
/home/yc/unsb_tired/refactor/baseline/models/networks.py:579: UserWarning: To copy construct from a tensor, it is recommended to use sourceTensor.clone().detach() or sourceTensor.clone().detach().requires_grad_(True), rather than torch.tensor(sourceTensor).
  patch_id = torch.tensor(patch_id, dtype=torch.long, device=feat.device)
---------- Networks initialized -------------
[Network G] Total number of parameters : 14.684 M
[Network F] Total number of parameters : 0.560 M
[Network D] Total number of parameters : 3.143 M
[Network E] Total number of parameters : 3.152 M
-----------------------------------------------
(epoch: 1, iters: 100, time: 0.213, data: 0.013) G_GAN: 0.308 D_real: 0.352 D_fake: 0.140 G: 4.050 NCE: 3.745 SB: 0.032 NCE_Y: 3.672 
saving the model at the end of epoch 1, iters 100
End of epoch 1 / 20 	 Time Taken: 41 sec
learning rate = 0.0001000
(epoch: 2, iters: 100, time: 0.281, data: 0.012) G_GAN: 0.611 D_real: 0.195 D_fake: 0.104 G: 3.808 NCE: 3.356 SB: 0.011 NCE_Y: 3.018 
saving the model at the end of epoch 2, iters 200
End of epoch 2 / 20 	 Time Taken: 41 sec
learning rate = 0.0001000
(epoch: 3, iters: 100, time: 0.313, data: 0.011) G_GAN: 0.720 D_real: 0.112 D_fake: 0.120 G: 3.502 NCE: 2.878 SB: 0.011 NCE_Y: 2.664 
saving the model at the end of epoch 3, iters 300
End of epoch 3 / 20 	 Time Taken: 39 sec
learning rate = 0.0001000
(epoch: 4, iters: 100, time: 0.334, data: 0.011) G_GAN: 0.453 D_real: 0.137 D_fake: 0.200 G: 3.244 NCE: 2.888 SB: 0.021 NCE_Y: 2.652 
saving the model at the end of epoch 4, iters 400
End of epoch 4 / 20 	 Time Taken: 38 sec
learning rate = 0.0001000
(epoch: 5, iters: 100, time: 0.358, data: 0.011) G_GAN: 0.320 D_real: 0.321 D_fake: 0.222 G: 2.984 NCE: 2.848 SB: 0.010 NCE_Y: 2.460 
saving the model at the end of epoch 5, iters 500
End of epoch 5 / 20 	 Time Taken: 41 sec
learning rate = 0.0001000
(epoch: 6, iters: 100, time: 0.363, data: 0.011) G_GAN: 0.343 D_real: 0.456 D_fake: 0.058 G: 3.351 NCE: 3.310 SB: 0.023 NCE_Y: 2.660 
saving the model at the end of epoch 6, iters 600
End of epoch 6 / 20 	 Time Taken: 38 sec
learning rate = 0.0001000
(epoch: 7, iters: 100, time: 0.372, data: 0.011) G_GAN: 0.388 D_real: 0.606 D_fake: 0.167 G: 3.073 NCE: 2.980 SB: 0.014 NCE_Y: 2.362 
saving the model at the end of epoch 7, iters 700
End of epoch 7 / 20 	 Time Taken: 41 sec
learning rate = 0.0001000
(epoch: 8, iters: 100, time: 0.382, data: 0.012) G_GAN: 0.451 D_real: 0.522 D_fake: 0.099 G: 2.919 NCE: 2.677 SB: 0.011 NCE_Y: 2.237 
saving the model at the end of epoch 8, iters 800
End of epoch 8 / 20 	 Time Taken: 41 sec
learning rate = 0.0001000
(epoch: 9, iters: 100, time: 0.379, data: 0.011) G_GAN: 0.152 D_real: 0.470 D_fake: 0.385 G: 3.322 NCE: 3.318 SB: 0.007 NCE_Y: 3.009 
saving the model at the end of epoch 9, iters 900
End of epoch 9 / 20 	 Time Taken: 39 sec
learning rate = 0.0001000
(epoch: 10, iters: 100, time: 0.380, data: 0.011) G_GAN: 0.564 D_real: 0.092 D_fake: 0.084 G: 2.781 NCE: 2.476 SB: 0.031 NCE_Y: 1.897 
saving the model at the end of epoch 10, iters 1000
End of epoch 10 / 20 	 Time Taken: 40 sec
learning rate = 0.0001000
(epoch: 11, iters: 100, time: 0.377, data: 0.011) G_GAN: 0.492 D_real: 0.024 D_fake: 0.322 G: 2.769 NCE: 2.245 SB: 0.010 NCE_Y: 2.290 
saving the model at the end of epoch 11, iters 1100
End of epoch 11 / 20 	 Time Taken: 39 sec
learning rate = 0.0001000
(epoch: 12, iters: 100, time: 0.375, data: 0.011) G_GAN: 0.357 D_real: 0.341 D_fake: 0.141 G: 2.233 NCE: 2.047 SB: 0.003 NCE_Y: 1.699 
saving the model at the end of epoch 12, iters 1200
End of epoch 12 / 20 	 Time Taken: 39 sec
learning rate = 0.0001000
(epoch: 13, iters: 100, time: 0.376, data: 0.011) G_GAN: 0.386 D_real: 0.031 D_fake: 0.332 G: 2.178 NCE: 1.779 SB: 0.011 NCE_Y: 1.783 
saving the model at the end of epoch 13, iters 1300
End of epoch 13 / 20 	 Time Taken: 40 sec
learning rate = 0.0001000
(epoch: 14, iters: 100, time: 0.378, data: 0.012) G_GAN: 0.402 D_real: 0.210 D_fake: 0.161 G: 2.461 NCE: 2.134 SB: 0.003 NCE_Y: 1.978 
saving the model at the end of epoch 14, iters 1400
End of epoch 14 / 20 	 Time Taken: 40 sec
learning rate = 0.0001000
(epoch: 15, iters: 100, time: 0.382, data: 0.011) G_GAN: 0.396 D_real: 0.129 D_fake: 0.170 G: 2.429 NCE: 1.992 SB: 0.010 NCE_Y: 2.056 
saving the model at the end of epoch 15, iters 1500
End of epoch 15 / 20 	 Time Taken: 40 sec
learning rate = 0.0001000
(epoch: 16, iters: 100, time: 0.376, data: 0.012) G_GAN: 0.349 D_real: 0.071 D_fake: 0.195 G: 1.972 NCE: 1.691 SB: 0.019 NCE_Y: 1.516 
saving the model at the end of epoch 16, iters 1600
End of epoch 16 / 20 	 Time Taken: 38 sec
learning rate = 0.0001000
(epoch: 17, iters: 100, time: 0.378, data: 0.012) G_GAN: 0.347 D_real: 0.032 D_fake: 0.335 G: 2.053 NCE: 1.846 SB: -0.019 NCE_Y: 1.604 
saving the model at the end of epoch 17, iters 1700
End of epoch 17 / 20 	 Time Taken: 40 sec
learning rate = 0.0001000
(epoch: 18, iters: 100, time: 0.377, data: 0.011) G_GAN: 0.465 D_real: 0.009 D_fake: 0.229 G: 2.790 NCE: 2.651 SB: 0.022 NCE_Y: 1.956 
saving the model at the end of epoch 18, iters 1800
End of epoch 18 / 20 	 Time Taken: 39 sec
learning rate = 0.0001000
(epoch: 19, iters: 100, time: 0.382, data: 0.011) G_GAN: 0.655 D_real: 0.102 D_fake: 0.039 G: 2.583 NCE: 2.195 SB: 0.021 NCE_Y: 1.619 
saving the model at the end of epoch 19, iters 1900
End of epoch 19 / 20 	 Time Taken: 41 sec
learning rate = 0.0001000
(epoch: 20, iters: 100, time: 0.385, data: 0.011) G_GAN: 0.454 D_real: 0.084 D_fake: 0.158 G: 2.423 NCE: 1.966 SB: -0.004 NCE_Y: 1.980 
saving the model at the end of epoch 20, iters 2000
End of epoch 20 / 20 	 Time Taken: 41 sec
learning rate = 0.0000000
