MEASURED single_FoggyCityscapes_s2026__e01 (10 images)
MEASURED single_FoggyCityscapes_s2026__e02 (10 images)
MEASURED single_FoggyCityscapes_s2026__e03 (10 images)
MEASURED single_FoggyCityscapes_s2026__e04 (10 images)
MEASURED single_FoggyCityscapes_s2026__e05 (10 images)
MEASURED single_FoggyCityscapes_s2026__e06 (10 images)
MEASURED single_FoggyCityscapes_s2026__e07 (10 images)
MEASURED single_FoggyCityscapes_s2026__e08 (10 images)
MEASURED single_FoggyCityscapes_s2026__e09 (10 images)
MEASURED single_FoggyCityscapes_s2026__e10 (10 images)
MEASURED single_FoggyCityscapes_s2026__e11 (10 images)
MEASURED single_FoggyCityscapes_s2026__e12 (10 images)
MEASURED single_FoggyCityscapes_s2026__e13 (10 images)
MEASURED single_FoggyCityscapes_s2026__e14 (10 images)
MEASURED single_FoggyCityscapes_s2026__e15 (10 images)
MEASURED single_FoggyCityscapes_s2026__e16 (10 images)
MEASURED single_FoggyCityscapes_s2026__e17 (10 images)
MEASURED single_FoggyCityscapes_s2026__e18 (10 images)
MEASURED single_FoggyCityscapes_s2026__e19 (10 images)
MEASURED single_FoggyCityscapes_s2026__e20 (10 images)
MEASURED single_LowLightTrafficData_s2026__e01 (10 images)
MEASURED single_LowLightTrafficData_s2026__e02 (10 images)
MEASURED single_LowLightTrafficData_s2026__e03 (10 images)
MEASURED single_LowLightTrafficData_s2026__e04 (10 images)
MEASURED single_LowLightTrafficData_s2026__e05 (10 images)
MEASURED single_LowLightTrafficData_s2026__e06 (10 images)
MEASURED single_LowLightTrafficData_s2026__e07 (10 images)
MEASURED single_LowLightTrafficData_s2026__e08 (10 images)
MEASURED single_LowLightTrafficData_s2026__e09 (10 images)
MEASURED single_LowLightTrafficData_s2026__e10 (10 images)
MEASURED single_LowLightTrafficData_s2026__e11 (10 images)
MEASURED single_LowLightTrafficData_s2026__e12 (10 images)
MEASURED single_LowLightTrafficData_s2026__e13 (10 images)
MEASURED single_LowLightTrafficData_s2026__e14 (10 images)
MEASURED single_LowLightTrafficData_s2026__e15 (10 images)
MEASURED single_LowLightTrafficData_s2026__e16 (10 images)
MEASURED single_LowLightTrafficData_s2026__e17 (10 images)
MEASURED single_LowLightTrafficData_s2026__e18 (10 images)
MEASURED single_LowLightTrafficData_s2026__e19 (10 images)
MEASURED single_LowLightTrafficData_s2026__e20 (10 images)
MEASURED single_RainCityscapes_s2026__e01 (10 images)
MEASURED single_RainCityscapes_s2026__e02 (10 images)
MEASURED single_RainCityscapes_s2026__e03 (10 images)
MEASURED single_RainCityscapes_s2026__e04 (10 images)
MEASURED single_RainCityscapes_s2026__e05 (10 images)
MEASURED single_RainCityscapes_s2026__e06 (10 images)
MEASURED single_RainCityscapes_s2026__e07 (10 images)
MEASURED single_RainCityscapes_s2026__e08 (10 images)
MEASURED single_RainCityscapes_s2026__e09 (10 images)
MEASURED single_RainCityscapes_s2026__e10 (10 images)
MEASURED single_RainCityscapes_s2026__e11 (10 images)
MEASURED single_RainCityscapes_s2026__e12 (10 images)
MEASURED single_RainCityscapes_s2026__e13 (10 images)
MEASURED single_RainCityscapes_s2026__e14 (10 images)
MEASURED single_RainCityscapes_s2026__e15 (10 images)
MEASURED single_RainCityscapes_s2026__e16 (10 images)
MEASURED single_RainCityscapes_s2026__e17 (10 images)
MEASURED single_RainCityscapes_s2026__e18 (10 images)
MEASURED single_RainCityscapes_s2026__e19 (10 images)
MEASURED single_RainCityscapes_s2026__e20 (10 images)
MEASURED single_RSCityscapes_s2026__e01 (10 images)
MEASURED single_RSCityscapes_s2026__e02 (10 images)
MEASURED single_RSCityscapes_s2026__e03 (10 images)
MEASURED single_RSCityscapes_s2026__e04 (10 images)
MEASURED single_RSCityscapes_s2026__e05 (10 images)
MEASURED single_RSCityscapes_s2026__e06 (10 images)
MEASURED single_RSCityscapes_s2026__e07 (10 images)
MEASURED single_RSCityscapes_s2026__e08 (10 images)
MEASURED single_RSCityscapes_s2026__e09 (10 images)
MEASURED single_RSCityscapes_s2026__e10 (10 images)
MEASURED single_RSCityscapes_s2026__e11 (10 images)
MEASURED single_RSCityscapes_s2026__e12 (10 images)
MEASURED single_RSCityscapes_s2026__e13 (10 images)
MEASURED single_RSCityscapes_s2026__e14 (10 images)
MEASURED single_RSCityscapes_s2026__e15 (10 images)
MEASURED single_RSCityscapes_s2026__e16 (10 images)
MEASURED single_RSCityscapes_s2026__e17 (10 images)
MEASURED single_RSCityscapes_s2026__e18 (10 images)
MEASURED single_RSCityscapes_s2026__e19 (10 images)
MEASURED single_RSCityscapes_s2026__e20 (10 images)
MEASURED single_SnowTrafficData_s2026__e01 (10 images)
MEASURED single_SnowTrafficData_s2026__e02 (10 images)
MEASURED single_SnowTrafficData_s2026__e03 (10 images)
MEASURED single_SnowTrafficData_s2026__e04 (10 images)
MEASURED single_SnowTrafficData_s2026__e05 (10 images)
MEASURED single_SnowTrafficData_s2026__e06 (10 images)
MEASURED single_SnowTrafficData_s2026__e07 (10 images)
MEASURED single_SnowTrafficData_s2026__e08 (10 images)
MEASURED single_SnowTrafficData_s2026__e09 (10 images)
MEASURED single_SnowTrafficData_s2026__e10 (10 images)
MEASURED single_SnowTrafficData_s2026__e11 (10 images)
MEASURED single_SnowTrafficData_s2026__e12 (10 images)
MEASURED single_SnowTrafficData_s2026__e13 (10 images)
MEASURED single_SnowTrafficData_s2026__e14 (10 images)
MEASURED single_SnowTrafficData_s2026__e15 (10 images)
MEASURED single_SnowTrafficData_s2026__e16 (10 images)
MEASURED single_SnowTrafficData_s2026__e17 (10 images)
MEASURED single_SnowTrafficData_s2026__e18 (10 images)
MEASURED single_SnowTrafficData_s2026__e19 (10 images)
MEASURED single_SnowTrafficData_s2026__e20 (10 images)
MEASURED aio_plain__e01 (50 images)
MEASURED aio_plain__e02 (50 images)
MEASURED aio_plain__e03 (50 images)
MEASURED aio_plain__e04 (50 images)
MEASURED aio_plain__e05 (50 images)
MEASURED aio_plain__e06 (50 images)
MEASURED aio_plain__e07 (50 images)
MEASURED aio_plain__e08 (50 images)
MEASURED aio_plain__e09 (50 images)
MEASURED aio_plain__e10 (50 images)
MEASURED aio_plain__e11 (50 images)
MEASURED aio_plain__e12 (50 images)
MEASURED aio_plain__e13 (50 images)
MEASURED aio_plain__e14 (50 images)
MEASURED aio_plain__e15 (50 images)
MEASURED aio_plain__e16 (50 images)
MEASURED aio_plain__e17 (50 images)
MEASURED aio_plain__e18 (50 images)
MEASURED aio_plain__e19 (50 images)
MEASURED aio_plain__e20 (50 images)
MEASURED aio_dt__e01 (50 images)
MEASURED aio_dt__e02 (50 images)
MEASURED aio_dt__e03 (50 images)
MEASURED aio_dt__e04 (50 images)
MEASURED aio_dt__e05 (50 images)
PANEL_B_DONE
