----------------- Options ---------------
               batch_size: 1                             
                    beta1: 0.5                           
                    beta2: 0.999                         
          checkpoints_dir: /home/yc/UNSB_PASSION/motivation_baseline_restart/checkpoints	[default: ./checkpoints]
           continue_train: False                         
                crop_size: 128                           	[default: 256]
                 dataroot: /home/yc/UNSB_PASSION/motivation_baseline_restart/datasets/single/SnowTrafficData	[default: placeholder]
             dataset_mode: unaligned                     
                direction: AtoB                          
              display_env: main                          
             display_freq: 1000000                       	[default: 400]
               display_id: -1                            	[default: None]
            display_ncols: 4                             
             display_port: 8097                          
           display_server: http://localhost              
          display_winsize: 256                           
               easy_label: experiment_name               
            embedding_dim: 512                           
           embedding_type: positional                    
                    epoch: latest                        
              epoch_count: 1                             
          evaluation_freq: 5000                          
        flip_equivariance: False                         
                 gan_mode: lsgan                         
                  gpu_ids: 0                             
                     hnek: False                         
                init_gain: 0.02                          
                init_type: xavier                        
                 input_nc: 3                             
                  isTrain: True                          	[default: None]
               lambda_GAN: 1.0                           
               lambda_NCE: 1.0                           
                lambda_SB: 1.0                           	[default: 0.1]
                     lmda: 0.1                           
                load_size: 128                           	[default: 286]
                       lr: 0.0001                        	[default: 0.0002]
           lr_decay_iters: 50                            
                lr_policy: linear                        
         max_dataset_size: inf                           
                     mode: sb                            
                    model: sb                            
                 n_epochs: 20                            	[default: 200]
           n_epochs_decay: 0                             	[default: 200]
               n_layers_D: 3                             
                    n_mlp: 3                             
                     name: single_SnowTrafficData_s2026  	[default: experiment_name]
                    nce_T: 0.07                          
                  nce_idt: True                          
nce_includes_all_negatives_from_minibatch: False                         
               nce_layers: 0,4,8,12,16                   
                      ndf: 64                            
                     netD: basic_cond                    
                     netE: basic_cond                    
                     netF: mlp_sample                    
                  netF_nc: 256                           
                     netG: resnet_9blocks_cond           
                      ngf: 64                            
             no_antialias: False                         
          no_antialias_up: False                         
               no_dropout: True                          
                  no_flip: True                          	[default: False]
                  no_html: True                          	[default: False]
                    normD: instance                      
                    normG: instance                      
              num_patches: 256                           
              num_threads: 0                             	[default: 4]
            num_timesteps: 5                             
                output_nc: 3                             
                    phase: train                         
                pool_size: 0                             
               preprocess: resize_and_crop               
          pretrained_name: None                          
               print_freq: 100                           
         random_scale_max: 3.0                           
             save_by_iter: False                         
          save_epoch_freq: 1                             	[default: 5]
         save_latest_freq: 1000000                       	[default: 5000]
                     seed: 2026                          
           serial_batches: False                         
                      std: 0.25                          
                style_dim: 512                           
stylegan2_G_num_downsampling: 1                             
                   suffix:                               
                      tau: 0.01                          
         update_html_freq: 1000                          
                  verbose: False                         
----------------- End -------------------
dataset [UnalignedDataset] was created
dataset [UnalignedDataset] was created
model [SBModel] was created
The number of training images = 100
/home/yc/unsb_tired/refactor/baseline/models/networks.py:579: UserWarning: To copy construct from a tensor, it is recommended to use sourceTensor.clone().detach() or sourceTensor.clone().detach().requires_grad_(True), rather than torch.tensor(sourceTensor).
  patch_id = torch.tensor(patch_id, dtype=torch.long, device=feat.device)
---------- Networks initialized -------------
[Network G] Total number of parameters : 14.684 M
[Network F] Total number of parameters : 0.560 M
[Network D] Total number of parameters : 3.143 M
[Network E] Total number of parameters : 3.152 M
-----------------------------------------------
(epoch: 1, iters: 100, time: 0.207, data: 0.015) G_GAN: 0.326 D_real: 0.285 D_fake: 0.380 G: 4.660 NCE: 4.412 SB: 0.011 NCE_Y: 4.234 
saving the model at the end of epoch 1, iters 100
End of epoch 1 / 20 	 Time Taken: 40 sec
learning rate = 0.0001000
(epoch: 2, iters: 100, time: 0.275, data: 0.024) G_GAN: 0.245 D_real: 0.257 D_fake: 0.222 G: 3.000 NCE: 2.614 SB: 0.010 NCE_Y: 2.876 
saving the model at the end of epoch 2, iters 200
End of epoch 2 / 20 	 Time Taken: 40 sec
learning rate = 0.0001000
(epoch: 3, iters: 100, time: 0.313, data: 0.012) G_GAN: 0.527 D_real: 0.144 D_fake: 0.291 G: 3.068 NCE: 2.436 SB: 0.010 NCE_Y: 2.626 
saving the model at the end of epoch 3, iters 300
End of epoch 3 / 20 	 Time Taken: 39 sec
learning rate = 0.0001000
(epoch: 4, iters: 100, time: 0.345, data: 0.020) G_GAN: 0.390 D_real: 0.125 D_fake: 0.369 G: 2.496 NCE: 2.081 SB: 0.043 NCE_Y: 2.044 
saving the model at the end of epoch 4, iters 400
End of epoch 4 / 20 	 Time Taken: 41 sec
learning rate = 0.0001000
(epoch: 5, iters: 100, time: 0.356, data: 0.017) G_GAN: 0.256 D_real: 0.143 D_fake: 0.364 G: 2.211 NCE: 1.764 SB: 0.042 NCE_Y: 2.062 
saving the model at the end of epoch 5, iters 500
End of epoch 5 / 20 	 Time Taken: 39 sec
learning rate = 0.0001000
(epoch: 6, iters: 100, time: 0.369, data: 0.020) G_GAN: 0.511 D_real: 0.253 D_fake: 0.042 G: 2.476 NCE: 1.763 SB: 0.051 NCE_Y: 2.064 
saving the model at the end of epoch 6, iters 600
End of epoch 6 / 20 	 Time Taken: 41 sec
learning rate = 0.0001000
(epoch: 7, iters: 100, time: 0.370, data: 0.027) G_GAN: 0.261 D_real: 0.396 D_fake: 0.303 G: 1.972 NCE: 1.685 SB: 0.053 NCE_Y: 1.632 
saving the model at the end of epoch 7, iters 700
End of epoch 7 / 20 	 Time Taken: 39 sec
learning rate = 0.0001000
(epoch: 8, iters: 100, time: 0.378, data: 0.014) G_GAN: 0.349 D_real: 0.245 D_fake: 0.287 G: 2.171 NCE: 1.965 SB: 0.004 NCE_Y: 1.672 
saving the model at the end of epoch 8, iters 800
End of epoch 8 / 20 	 Time Taken: 42 sec
learning rate = 0.0001000
(epoch: 9, iters: 100, time: 0.376, data: 0.014) G_GAN: 0.508 D_real: 0.274 D_fake: 0.327 G: 2.411 NCE: 2.069 SB: 0.035 NCE_Y: 1.667 
saving the model at the end of epoch 9, iters 900
End of epoch 9 / 20 	 Time Taken: 39 sec
learning rate = 0.0001000
(epoch: 10, iters: 100, time: 0.370, data: 0.018) G_GAN: 0.628 D_real: 0.136 D_fake: 0.082 G: 2.376 NCE: 1.702 SB: 0.010 NCE_Y: 1.774 
saving the model at the end of epoch 10, iters 1000
End of epoch 10 / 20 	 Time Taken: 38 sec
learning rate = 0.0001000
(epoch: 11, iters: 100, time: 0.370, data: 0.014) G_GAN: 0.393 D_real: 0.227 D_fake: 0.110 G: 2.359 NCE: 2.106 SB: 0.004 NCE_Y: 1.819 
saving the model at the end of epoch 11, iters 1100
End of epoch 11 / 20 	 Time Taken: 39 sec
learning rate = 0.0001000
(epoch: 12, iters: 100, time: 0.374, data: 0.018) G_GAN: 0.291 D_real: 0.050 D_fake: 0.400 G: 1.909 NCE: 1.643 SB: 0.005 NCE_Y: 1.584 
saving the model at the end of epoch 12, iters 1200
End of epoch 12 / 20 	 Time Taken: 40 sec
learning rate = 0.0001000
(epoch: 13, iters: 100, time: 0.368, data: 0.018) G_GAN: 0.789 D_real: 0.019 D_fake: 0.044 G: 2.443 NCE: 1.635 SB: 0.003 NCE_Y: 1.666 
saving the model at the end of epoch 13, iters 1300
End of epoch 13 / 20 	 Time Taken: 38 sec
learning rate = 0.0001000
(epoch: 14, iters: 100, time: 0.369, data: 0.012) G_GAN: 0.355 D_real: 0.102 D_fake: 0.193 G: 1.992 NCE: 1.679 SB: 0.017 NCE_Y: 1.562 
saving the model at the end of epoch 14, iters 1400
End of epoch 14 / 20 	 Time Taken: 39 sec
learning rate = 0.0001000
(epoch: 15, iters: 100, time: 0.373, data: 0.016) G_GAN: 0.302 D_real: 0.194 D_fake: 0.175 G: 2.250 NCE: 2.133 SB: 0.020 NCE_Y: 1.723 
saving the model at the end of epoch 15, iters 1500
End of epoch 15 / 20 	 Time Taken: 40 sec
learning rate = 0.0001000
(epoch: 16, iters: 100, time: 0.370, data: 0.017) G_GAN: 0.361 D_real: 0.758 D_fake: 0.073 G: 2.137 NCE: 1.521 SB: 0.012 NCE_Y: 2.008 
saving the model at the end of epoch 16, iters 1600
End of epoch 16 / 20 	 Time Taken: 39 sec
learning rate = 0.0001000
(epoch: 17, iters: 100, time: 0.370, data: 0.024) G_GAN: 0.588 D_real: 0.015 D_fake: 0.233 G: 1.975 NCE: 1.343 SB: -0.011 NCE_Y: 1.451 
saving the model at the end of epoch 17, iters 1700
End of epoch 17 / 20 	 Time Taken: 39 sec
learning rate = 0.0001000
(epoch: 18, iters: 100, time: 0.371, data: 0.035) G_GAN: 0.399 D_real: 0.230 D_fake: 0.154 G: 1.809 NCE: 1.546 SB: 0.047 NCE_Y: 1.181 
saving the model at the end of epoch 18, iters 1800
End of epoch 18 / 20 	 Time Taken: 39 sec
learning rate = 0.0001000
(epoch: 19, iters: 100, time: 0.372, data: 0.013) G_GAN: 0.637 D_real: 0.015 D_fake: 0.168 G: 2.366 NCE: 1.614 SB: 0.014 NCE_Y: 1.816 
saving the model at the end of epoch 19, iters 1900
End of epoch 19 / 20 	 Time Taken: 39 sec
learning rate = 0.0001000
(epoch: 20, iters: 100, time: 0.375, data: 0.012) G_GAN: 0.626 D_real: 0.085 D_fake: 0.092 G: 2.570 NCE: 2.045 SB: -0.009 NCE_Y: 1.860 
saving the model at the end of epoch 20, iters 2000
End of epoch 20 / 20 	 Time Taken: 40 sec
learning rate = 0.0000000
