----------------- Options ---------------
               batch_size: 1                             
                    beta1: 0.5                           
                    beta2: 0.999                         
          checkpoints_dir: /home/yc/UNSB_PASSION/motivation_baseline_restart/checkpoints	[default: ./checkpoints]
           continue_train: False                         
                crop_size: 128                           	[default: 256]
                 dataroot: /home/yc/UNSB_PASSION/motivation_baseline_restart/datasets/single/RSCityscapes	[default: placeholder]
             dataset_mode: unaligned                     
                direction: AtoB                          
              display_env: main                          
             display_freq: 1000000                       	[default: 400]
               display_id: -1                            	[default: None]
            display_ncols: 4                             
             display_port: 8097                          
           display_server: http://localhost              
          display_winsize: 256                           
               easy_label: experiment_name               
            embedding_dim: 512                           
           embedding_type: positional                    
                    epoch: latest                        
              epoch_count: 1                             
          evaluation_freq: 5000                          
        flip_equivariance: False                         
                 gan_mode: lsgan                         
                  gpu_ids: 0                             
                     hnek: False                         
                init_gain: 0.02                          
                init_type: xavier                        
                 input_nc: 3                             
                  isTrain: True                          	[default: None]
               lambda_GAN: 1.0                           
               lambda_NCE: 1.0                           
                lambda_SB: 1.0                           	[default: 0.1]
                     lmda: 0.1                           
                load_size: 128                           	[default: 286]
                       lr: 0.0001                        	[default: 0.0002]
           lr_decay_iters: 50                            
                lr_policy: linear                        
         max_dataset_size: inf                           
                     mode: sb                            
                    model: sb                            
                 n_epochs: 20                            	[default: 200]
           n_epochs_decay: 0                             	[default: 200]
               n_layers_D: 3                             
                    n_mlp: 3                             
                     name: single_RSCityscapes_s2026     	[default: experiment_name]
                    nce_T: 0.07                          
                  nce_idt: True                          
nce_includes_all_negatives_from_minibatch: False                         
               nce_layers: 0,4,8,12,16                   
                      ndf: 64                            
                     netD: basic_cond                    
                     netE: basic_cond                    
                     netF: mlp_sample                    
                  netF_nc: 256                           
                     netG: resnet_9blocks_cond           
                      ngf: 64                            
             no_antialias: False                         
          no_antialias_up: False                         
               no_dropout: True                          
                  no_flip: True                          	[default: False]
                  no_html: True                          	[default: False]
                    normD: instance                      
                    normG: instance                      
              num_patches: 256                           
              num_threads: 0                             	[default: 4]
            num_timesteps: 5                             
                output_nc: 3                             
                    phase: train                         
                pool_size: 0                             
               preprocess: resize_and_crop               
          pretrained_name: None                          
               print_freq: 100                           
         random_scale_max: 3.0                           
             save_by_iter: False                         
          save_epoch_freq: 1                             	[default: 5]
         save_latest_freq: 1000000                       	[default: 5000]
                     seed: 2026                          
           serial_batches: False                         
                      std: 0.25                          
                style_dim: 512                           
stylegan2_G_num_downsampling: 1                             
                   suffix:                               
                      tau: 0.01                          
         update_html_freq: 1000                          
                  verbose: False                         
----------------- End -------------------
dataset [UnalignedDataset] was created
dataset [UnalignedDataset] was created
model [SBModel] was created
The number of training images = 100
/home/yc/unsb_tired/refactor/baseline/models/networks.py:579: UserWarning: To copy construct from a tensor, it is recommended to use sourceTensor.clone().detach() or sourceTensor.clone().detach().requires_grad_(True), rather than torch.tensor(sourceTensor).
  patch_id = torch.tensor(patch_id, dtype=torch.long, device=feat.device)
---------- Networks initialized -------------
[Network G] Total number of parameters : 14.684 M
[Network F] Total number of parameters : 0.560 M
[Network D] Total number of parameters : 3.143 M
[Network E] Total number of parameters : 3.152 M
-----------------------------------------------
(epoch: 1, iters: 100, time: 0.208, data: 0.014) G_GAN: 0.709 D_real: 0.092 D_fake: 0.110 G: 5.296 NCE: 4.427 SB: 0.011 NCE_Y: 4.726 
saving the model at the end of epoch 1, iters 100
End of epoch 1 / 20 	 Time Taken: 40 sec
learning rate = 0.0001000
(epoch: 2, iters: 100, time: 0.276, data: 0.011) G_GAN: 0.420 D_real: 0.052 D_fake: 0.164 G: 4.401 NCE: 3.991 SB: 0.011 NCE_Y: 3.951 
saving the model at the end of epoch 2, iters 200
End of epoch 2 / 20 	 Time Taken: 40 sec
learning rate = 0.0001000
(epoch: 3, iters: 100, time: 0.312, data: 0.012) G_GAN: 0.450 D_real: 0.276 D_fake: 0.168 G: 3.648 NCE: 3.423 SB: 0.010 NCE_Y: 2.953 
saving the model at the end of epoch 3, iters 300
End of epoch 3 / 20 	 Time Taken: 39 sec
learning rate = 0.0001000
(epoch: 4, iters: 100, time: 0.344, data: 0.012) G_GAN: 0.276 D_real: 0.136 D_fake: 0.230 G: 2.689 NCE: 2.434 SB: 0.043 NCE_Y: 2.306 
saving the model at the end of epoch 4, iters 400
End of epoch 4 / 20 	 Time Taken: 41 sec
learning rate = 0.0001000
(epoch: 5, iters: 100, time: 0.356, data: 0.012) G_GAN: 0.383 D_real: 0.305 D_fake: 0.262 G: 2.696 NCE: 2.281 SB: 0.039 NCE_Y: 2.265 
saving the model at the end of epoch 5, iters 500
End of epoch 5 / 20 	 Time Taken: 39 sec
learning rate = 0.0001000
(epoch: 6, iters: 100, time: 0.368, data: 0.012) G_GAN: 0.433 D_real: 0.182 D_fake: 0.158 G: 2.474 NCE: 2.012 SB: 0.051 NCE_Y: 1.970 
saving the model at the end of epoch 6, iters 600
End of epoch 6 / 20 	 Time Taken: 41 sec
learning rate = 0.0001000
(epoch: 7, iters: 100, time: 0.371, data: 0.011) G_GAN: 0.427 D_real: 0.316 D_fake: 0.111 G: 2.437 NCE: 1.834 SB: 0.049 NCE_Y: 2.087 
saving the model at the end of epoch 7, iters 700
End of epoch 7 / 20 	 Time Taken: 39 sec
learning rate = 0.0001000
(epoch: 8, iters: 100, time: 0.378, data: 0.085) G_GAN: 0.211 D_real: 0.293 D_fake: 0.306 G: 2.411 NCE: 2.389 SB: 0.009 NCE_Y: 1.994 
saving the model at the end of epoch 8, iters 800
End of epoch 8 / 20 	 Time Taken: 41 sec
learning rate = 0.0001000
(epoch: 9, iters: 100, time: 0.377, data: 0.011) G_GAN: 0.561 D_real: 0.097 D_fake: 0.240 G: 2.209 NCE: 1.565 SB: 0.053 NCE_Y: 1.625 
saving the model at the end of epoch 9, iters 900
End of epoch 9 / 20 	 Time Taken: 39 sec
learning rate = 0.0001000
(epoch: 10, iters: 100, time: 0.371, data: 0.011) G_GAN: 0.394 D_real: 0.255 D_fake: 0.157 G: 2.583 NCE: 2.442 SB: 0.010 NCE_Y: 1.916 
saving the model at the end of epoch 10, iters 1000
End of epoch 10 / 20 	 Time Taken: 38 sec
learning rate = 0.0001000
(epoch: 11, iters: 100, time: 0.371, data: 0.011) G_GAN: 0.345 D_real: 0.487 D_fake: 0.176 G: 2.593 NCE: 2.279 SB: 0.012 NCE_Y: 2.193 
saving the model at the end of epoch 11, iters 1100
End of epoch 11 / 20 	 Time Taken: 39 sec
learning rate = 0.0001000
(epoch: 12, iters: 100, time: 0.375, data: 0.012) G_GAN: 0.838 D_real: 0.029 D_fake: 0.069 G: 2.702 NCE: 1.741 SB: 0.043 NCE_Y: 1.902 
saving the model at the end of epoch 12, iters 1200
End of epoch 12 / 20 	 Time Taken: 39 sec
learning rate = 0.0001000
(epoch: 13, iters: 100, time: 0.370, data: 0.011) G_GAN: 0.281 D_real: 0.348 D_fake: 0.253 G: 2.016 NCE: 1.824 SB: 0.028 NCE_Y: 1.590 
saving the model at the end of epoch 13, iters 1300
End of epoch 13 / 20 	 Time Taken: 39 sec
learning rate = 0.0001000
(epoch: 14, iters: 100, time: 0.369, data: 0.011) G_GAN: 0.368 D_real: 0.322 D_fake: 0.373 G: 2.314 NCE: 2.108 SB: 0.008 NCE_Y: 1.768 
saving the model at the end of epoch 14, iters 1400
End of epoch 14 / 20 	 Time Taken: 38 sec
learning rate = 0.0001000
(epoch: 15, iters: 100, time: 0.372, data: 0.012) G_GAN: 0.713 D_real: 0.183 D_fake: 0.121 G: 2.742 NCE: 2.370 SB: 0.010 NCE_Y: 1.670 
saving the model at the end of epoch 15, iters 1500
End of epoch 15 / 20 	 Time Taken: 39 sec
learning rate = 0.0001000
(epoch: 16, iters: 100, time: 0.369, data: 0.072) G_GAN: 0.584 D_real: 0.060 D_fake: 0.196 G: 2.349 NCE: 1.796 SB: 0.002 NCE_Y: 1.732 
saving the model at the end of epoch 16, iters 1600
End of epoch 16 / 20 	 Time Taken: 38 sec
learning rate = 0.0001000
(epoch: 17, iters: 100, time: 0.370, data: 0.011) G_GAN: 0.414 D_real: 0.300 D_fake: 0.077 G: 1.817 NCE: 1.618 SB: -0.018 NCE_Y: 1.224 
saving the model at the end of epoch 17, iters 1700
End of epoch 17 / 20 	 Time Taken: 39 sec
learning rate = 0.0001000
(epoch: 18, iters: 100, time: 0.370, data: 0.011) G_GAN: 0.547 D_real: 0.087 D_fake: 0.101 G: 1.863 NCE: 1.291 SB: 0.020 NCE_Y: 1.301 
saving the model at the end of epoch 18, iters 1800
End of epoch 18 / 20 	 Time Taken: 39 sec
learning rate = 0.0001000
(epoch: 19, iters: 100, time: 0.373, data: 0.011) G_GAN: 0.415 D_real: 0.387 D_fake: 0.087 G: 2.054 NCE: 1.678 SB: 0.004 NCE_Y: 1.592 
saving the model at the end of epoch 19, iters 1900
End of epoch 19 / 20 	 Time Taken: 39 sec
learning rate = 0.0001000
(epoch: 20, iters: 100, time: 0.375, data: 0.012) G_GAN: 0.392 D_real: 0.303 D_fake: 0.195 G: 2.107 NCE: 1.605 SB: -0.016 NCE_Y: 1.858 
saving the model at the end of epoch 20, iters 2000
End of epoch 20 / 20 	 Time Taken: 40 sec
learning rate = 0.0000000
