----------------- Options ---------------
               batch_size: 1                             
                    beta1: 0.5                           
                    beta2: 0.999                         
          checkpoints_dir: /home/yc/UNSB_PASSION/motivation_baseline_restart/checkpoints	[default: ./checkpoints]
           continue_train: False                         
                crop_size: 128                           	[default: 256]
                 dataroot: /home/yc/UNSB_PASSION/motivation_baseline_restart/datasets/aio	[default: placeholder]
             dataset_mode: unaligned                     
                direction: AtoB                          
              display_env: main                          
             display_freq: 1000000                       	[default: 400]
               display_id: -1                            	[default: None]
            display_ncols: 4                             
             display_port: 8097                          
           display_server: http://localhost              
          display_winsize: 256                           
               easy_label: experiment_name               
            embedding_dim: 512                           
           embedding_type: positional                    
                    epoch: latest                        
              epoch_count: 1                             
          evaluation_freq: 5000                          
        flip_equivariance: False                         
                 gan_mode: lsgan                         
                  gpu_ids: 0                             
                     hnek: False                         
                init_gain: 0.02                          
                init_type: xavier                        
                 input_nc: 3                             
                  isTrain: True                          	[default: None]
               lambda_GAN: 1.0                           
               lambda_NCE: 1.0                           
                lambda_SB: 1.0                           	[default: 0.1]
                     lmda: 0.1                           
                load_size: 128                           	[default: 286]
                       lr: 0.0001                        	[default: 0.0002]
           lr_decay_iters: 50                            
                lr_policy: linear                        
         max_dataset_size: inf                           
                     mode: sb                            
                    model: sb                            
                 n_epochs: 20                            	[default: 200]
           n_epochs_decay: 0                             	[default: 200]
               n_layers_D: 3                             
                    n_mlp: 3                             
                     name: aio_plain_s2027               	[default: experiment_name]
                    nce_T: 0.07                          
                  nce_idt: True                          
nce_includes_all_negatives_from_minibatch: False                         
               nce_layers: 0,4,8,12,16                   
                      ndf: 64                            
                     netD: basic_cond                    
                     netE: basic_cond                    
                     netF: mlp_sample                    
                  netF_nc: 256                           
                     netG: resnet_9blocks_cond           
                      ngf: 64                            
             no_antialias: False                         
          no_antialias_up: False                         
               no_dropout: True                          
                  no_flip: True                          	[default: False]
                  no_html: True                          	[default: False]
                    normD: instance                      
                    normG: instance                      
              num_patches: 256                           
              num_threads: 0                             	[default: 4]
            num_timesteps: 5                             
                output_nc: 3                             
                    phase: train                         
                pool_size: 0                             
               preprocess: resize_and_crop               
          pretrained_name: None                          
               print_freq: 100                           
         random_scale_max: 3.0                           
             save_by_iter: False                         
          save_epoch_freq: 1                             	[default: 5]
         save_latest_freq: 1000000                       	[default: 5000]
                     seed: 2027                          	[default: 2026]
           serial_batches: False                         
                      std: 0.25                          
                style_dim: 512                           
stylegan2_G_num_downsampling: 1                             
                   suffix:                               
                      tau: 0.01                          
         update_html_freq: 1000                          
                  verbose: False                         
----------------- End -------------------
dataset [UnalignedDataset] was created
dataset [UnalignedDataset] was created
model [SBModel] was created
The number of training images = 500
/home/yc/unsb_tired/refactor/baseline/models/networks.py:579: UserWarning: To copy construct from a tensor, it is recommended to use sourceTensor.clone().detach() or sourceTensor.clone().detach().requires_grad_(True), rather than torch.tensor(sourceTensor).
  patch_id = torch.tensor(patch_id, dtype=torch.long, device=feat.device)
---------- Networks initialized -------------
[Network G] Total number of parameters : 14.684 M
[Network F] Total number of parameters : 0.560 M
[Network D] Total number of parameters : 3.143 M
[Network E] Total number of parameters : 3.152 M
-----------------------------------------------
(epoch: 1, iters: 100, time: 0.213, data: 0.013) G_GAN: 0.303 D_real: 0.288 D_fake: 0.288 G: 4.506 NCE: 4.177 SB: 0.032 NCE_Y: 4.166 
(epoch: 1, iters: 200, time: 0.277, data: 0.011) G_GAN: 0.409 D_real: 0.253 D_fake: 0.182 G: 3.458 NCE: 2.872 SB: 0.043 NCE_Y: 3.141 
(epoch: 1, iters: 300, time: 0.317, data: 0.018) G_GAN: 0.505 D_real: 0.173 D_fake: 0.111 G: 3.678 NCE: 3.220 SB: 0.022 NCE_Y: 3.082 
(epoch: 1, iters: 400, time: 0.341, data: 0.028) G_GAN: 0.434 D_real: 0.156 D_fake: 0.138 G: 3.698 NCE: 3.235 SB: 0.011 NCE_Y: 3.270 
(epoch: 1, iters: 500, time: 0.350, data: 0.011) G_GAN: 0.573 D_real: 0.051 D_fake: 0.098 G: 3.518 NCE: 2.923 SB: 0.025 NCE_Y: 2.917 
saving the model at the end of epoch 1, iters 500
End of epoch 1 / 20 	 Time Taken: 199 sec
learning rate = 0.0001000
(epoch: 2, iters: 100, time: 0.361, data: 0.011) G_GAN: 0.671 D_real: 0.281 D_fake: 0.071 G: 3.199 NCE: 2.514 SB: 0.031 NCE_Y: 2.481 
(epoch: 2, iters: 200, time: 0.367, data: 0.011) G_GAN: 0.803 D_real: 0.061 D_fake: 0.226 G: 3.144 NCE: 2.025 SB: 0.033 NCE_Y: 2.592 
(epoch: 2, iters: 300, time: 0.373, data: 0.020) G_GAN: 0.425 D_real: 0.160 D_fake: 0.138 G: 2.531 NCE: 2.084 SB: 0.016 NCE_Y: 2.096 
(epoch: 2, iters: 400, time: 0.386, data: 0.010) G_GAN: 0.313 D_real: 0.445 D_fake: 0.336 G: 4.478 NCE: 5.285 SB: 0.007 NCE_Y: 3.031 
(epoch: 2, iters: 500, time: 0.380, data: 0.017) G_GAN: 0.454 D_real: 0.217 D_fake: 0.260 G: 3.102 NCE: 3.343 SB: 0.042 NCE_Y: 1.869 
saving the model at the end of epoch 2, iters 1000
End of epoch 2 / 20 	 Time Taken: 202 sec
learning rate = 0.0001000
(epoch: 3, iters: 100, time: 0.377, data: 0.013) G_GAN: 0.805 D_real: 0.031 D_fake: 0.069 G: 2.776 NCE: 1.851 SB: -0.013 NCE_Y: 2.117 
(epoch: 3, iters: 200, time: 0.376, data: 0.011) G_GAN: 0.565 D_real: 0.065 D_fake: 0.123 G: 2.165 NCE: 1.483 SB: -0.051 NCE_Y: 1.819 
(epoch: 3, iters: 300, time: 0.376, data: 0.017) G_GAN: 0.707 D_real: 0.029 D_fake: 0.116 G: 2.663 NCE: 1.889 SB: -0.052 NCE_Y: 2.129 
(epoch: 3, iters: 400, time: 0.378, data: 0.018) G_GAN: 0.519 D_real: 0.810 D_fake: 0.067 G: 2.884 NCE: 1.977 SB: -0.040 NCE_Y: 2.834 
(epoch: 3, iters: 500, time: 0.378, data: 0.011) G_GAN: 0.615 D_real: 0.288 D_fake: 0.081 G: 2.714 NCE: 2.044 SB: -0.076 NCE_Y: 2.305 
saving the model at the end of epoch 3, iters 1500
End of epoch 3 / 20 	 Time Taken: 197 sec
learning rate = 0.0001000
(epoch: 4, iters: 100, time: 0.381, data: 0.011) G_GAN: 0.556 D_real: 0.067 D_fake: 0.072 G: 2.736 NCE: 2.207 SB: 0.012 NCE_Y: 2.128 
(epoch: 4, iters: 200, time: 0.384, data: 0.011) G_GAN: 0.754 D_real: 0.202 D_fake: 0.033 G: 2.572 NCE: 1.759 SB: 0.066 NCE_Y: 1.745 
(epoch: 4, iters: 300, time: 0.383, data: 0.010) G_GAN: 0.536 D_real: 0.052 D_fake: 0.204 G: 2.372 NCE: 1.660 SB: 0.033 NCE_Y: 1.945 
(epoch: 4, iters: 400, time: 0.379, data: 0.012) G_GAN: 0.681 D_real: 0.152 D_fake: 0.036 G: 2.935 NCE: 1.842 SB: 0.054 NCE_Y: 2.557 
(epoch: 4, iters: 500, time: 0.373, data: 0.011) G_GAN: 0.598 D_real: 0.187 D_fake: 0.123 G: 2.856 NCE: 2.267 SB: 0.020 NCE_Y: 2.208 
saving the model at the end of epoch 4, iters 2000
End of epoch 4 / 20 	 Time Taken: 200 sec
learning rate = 0.0001000
(epoch: 5, iters: 100, time: 0.378, data: 0.010) G_GAN: 0.595 D_real: 0.037 D_fake: 0.153 G: 2.925 NCE: 2.277 SB: 0.013 NCE_Y: 2.357 
(epoch: 5, iters: 200, time: 0.376, data: 0.017) G_GAN: 0.203 D_real: 0.563 D_fake: 0.294 G: 2.147 NCE: 1.769 SB: -0.050 NCE_Y: 2.220 
(epoch: 5, iters: 300, time: 0.373, data: 0.099) G_GAN: 0.236 D_real: 0.463 D_fake: 0.211 G: 2.305 NCE: 2.056 SB: -0.044 NCE_Y: 2.171 
(epoch: 5, iters: 400, time: 0.376, data: 0.016) G_GAN: 0.212 D_real: 0.187 D_fake: 0.618 G: 2.163 NCE: 1.421 SB: 0.049 NCE_Y: 2.383 
(epoch: 5, iters: 500, time: 0.384, data: 0.035) G_GAN: 0.425 D_real: 0.146 D_fake: 0.204 G: 2.255 NCE: 1.994 SB: 0.009 NCE_Y: 1.648 
saving the model at the end of epoch 5, iters 2500
End of epoch 5 / 20 	 Time Taken: 200 sec
learning rate = 0.0001000
(epoch: 6, iters: 100, time: 0.379, data: 0.011) G_GAN: 0.432 D_real: 0.429 D_fake: 0.131 G: 2.529 NCE: 1.827 SB: -0.022 NCE_Y: 2.412 
(epoch: 6, iters: 200, time: 0.379, data: 0.012) G_GAN: 0.350 D_real: 0.069 D_fake: 0.248 G: 2.732 NCE: 2.890 SB: -0.028 NCE_Y: 1.930 
(epoch: 6, iters: 300, time: 0.372, data: 0.011) G_GAN: 0.564 D_real: 0.694 D_fake: 0.044 G: 3.053 NCE: 3.454 SB: 0.042 NCE_Y: 1.440 
(epoch: 6, iters: 400, time: 0.370, data: 0.017) G_GAN: 0.361 D_real: 0.259 D_fake: 0.134 G: 2.168 NCE: 1.739 SB: 0.004 NCE_Y: 1.869 
(epoch: 6, iters: 500, time: 0.376, data: 0.010) G_GAN: 0.861 D_real: 0.037 D_fake: 0.017 G: 2.638 NCE: 1.786 SB: 0.088 NCE_Y: 1.592 
saving the model at the end of epoch 6, iters 3000
End of epoch 6 / 20 	 Time Taken: 195 sec
learning rate = 0.0001000
(epoch: 7, iters: 100, time: 0.374, data: 0.011) G_GAN: 0.369 D_real: 0.153 D_fake: 0.165 G: 1.933 NCE: 1.546 SB: 0.050 NCE_Y: 1.484 
(epoch: 7, iters: 200, time: 0.375, data: 0.010) G_GAN: 0.597 D_real: 0.102 D_fake: 0.092 G: 2.616 NCE: 2.105 SB: 0.011 NCE_Y: 1.910 
(epoch: 7, iters: 300, time: 0.382, data: 0.011) G_GAN: 0.540 D_real: 0.039 D_fake: 0.082 G: 2.224 NCE: 1.693 SB: 0.009 NCE_Y: 1.658 
(epoch: 7, iters: 400, time: 0.378, data: 0.011) G_GAN: 0.516 D_real: 0.081 D_fake: 0.120 G: 2.252 NCE: 1.862 SB: -0.033 NCE_Y: 1.676 
(epoch: 7, iters: 500, time: 0.378, data: 0.012) G_GAN: 0.397 D_real: 0.507 D_fake: 0.061 G: 1.763 NCE: 1.430 SB: -0.043 NCE_Y: 1.387 
saving the model at the end of epoch 7, iters 3500
End of epoch 7 / 20 	 Time Taken: 198 sec
learning rate = 0.0001000
(epoch: 8, iters: 100, time: 0.369, data: 0.014) G_GAN: 0.449 D_real: 0.027 D_fake: 0.498 G: 1.828 NCE: 1.455 SB: -0.089 NCE_Y: 1.482 
(epoch: 8, iters: 200, time: 0.371, data: 0.011) G_GAN: 0.409 D_real: 0.033 D_fake: 0.188 G: 1.810 NCE: 1.411 SB: -0.080 NCE_Y: 1.552 
(epoch: 8, iters: 300, time: 0.375, data: 0.027) G_GAN: 0.231 D_real: 0.170 D_fake: 0.456 G: 1.770 NCE: 1.508 SB: -0.032 NCE_Y: 1.635 
(epoch: 8, iters: 400, time: 0.370, data: 0.071) G_GAN: 0.675 D_real: 0.103 D_fake: 0.077 G: 1.977 NCE: 1.302 SB: -0.103 NCE_Y: 1.510 
(epoch: 8, iters: 500, time: 0.372, data: 0.011) G_GAN: 0.350 D_real: 0.272 D_fake: 0.279 G: 2.633 NCE: 2.806 SB: 0.012 NCE_Y: 1.736 
saving the model at the end of epoch 8, iters 4000
End of epoch 8 / 20 	 Time Taken: 196 sec
learning rate = 0.0001000
(epoch: 9, iters: 100, time: 0.370, data: 0.010) G_GAN: 0.573 D_real: 0.379 D_fake: 0.061 G: 2.057 NCE: 1.403 SB: 0.061 NCE_Y: 1.442 
(epoch: 9, iters: 200, time: 0.373, data: 0.010) G_GAN: 0.304 D_real: 0.707 D_fake: 0.167 G: 2.570 NCE: 2.542 SB: 0.009 NCE_Y: 1.971 
(epoch: 9, iters: 300, time: 0.375, data: 0.011) G_GAN: 0.514 D_real: 0.019 D_fake: 0.112 G: 2.001 NCE: 1.645 SB: 0.021 NCE_Y: 1.287 
(epoch: 9, iters: 400, time: 0.375, data: 0.011) G_GAN: 0.361 D_real: 0.302 D_fake: 0.106 G: 2.081 NCE: 1.781 SB: -0.032 NCE_Y: 1.722 
(epoch: 9, iters: 500, time: 0.378, data: 0.011) G_GAN: 0.414 D_real: 0.414 D_fake: 0.191 G: 2.220 NCE: 1.971 SB: -0.083 NCE_Y: 1.808 
saving the model at the end of epoch 9, iters 4500
End of epoch 9 / 20 	 Time Taken: 198 sec
learning rate = 0.0001000
(epoch: 10, iters: 100, time: 0.379, data: 0.016) G_GAN: 0.291 D_real: 0.330 D_fake: 0.341 G: 1.423 NCE: 1.422 SB: -0.232 NCE_Y: 1.307 
(epoch: 10, iters: 200, time: 0.377, data: 0.011) G_GAN: 0.308 D_real: 0.147 D_fake: 0.434 G: 1.538 NCE: 1.532 SB: -0.203 NCE_Y: 1.332 
(epoch: 10, iters: 300, time: 0.379, data: 0.011) G_GAN: 0.486 D_real: 0.097 D_fake: 0.153 G: 1.719 NCE: 1.430 SB: -0.172 NCE_Y: 1.381 
(epoch: 10, iters: 400, time: 0.377, data: 0.011) G_GAN: 0.330 D_real: 0.368 D_fake: 0.145 G: 1.614 NCE: 1.639 SB: -0.317 NCE_Y: 1.565 
(epoch: 10, iters: 500, time: 0.379, data: 0.010) G_GAN: 0.254 D_real: 0.612 D_fake: 0.343 G: 2.876 NCE: 4.182 SB: -0.277 NCE_Y: 1.616 
saving the model at the end of epoch 10, iters 5000
End of epoch 10 / 20 	 Time Taken: 200 sec
learning rate = 0.0001000
(epoch: 11, iters: 100, time: 0.381, data: 0.018) G_GAN: 0.334 D_real: 0.304 D_fake: 0.258 G: 2.079 NCE: 1.832 SB: -0.074 NCE_Y: 1.805 
(epoch: 11, iters: 200, time: 0.376, data: 0.011) G_GAN: 0.572 D_real: 0.089 D_fake: 0.204 G: 1.679 NCE: 1.355 SB: -0.311 NCE_Y: 1.480 
(epoch: 11, iters: 300, time: 0.380, data: 0.027) G_GAN: 0.441 D_real: 0.123 D_fake: 0.181 G: 1.977 NCE: 2.032 SB: -0.258 NCE_Y: 1.556 
(epoch: 11, iters: 400, time: 0.385, data: 0.024) G_GAN: 0.711 D_real: 0.161 D_fake: 0.052 G: 2.810 NCE: 1.987 SB: 0.020 NCE_Y: 2.172 
(epoch: 11, iters: 500, time: 0.384, data: 0.012) G_GAN: 0.611 D_real: 0.222 D_fake: 0.030 G: 2.190 NCE: 1.588 SB: 0.078 NCE_Y: 1.413 
saving the model at the end of epoch 11, iters 5500
End of epoch 11 / 20 	 Time Taken: 201 sec
learning rate = 0.0001000
(epoch: 12, iters: 100, time: 0.384, data: 0.017) G_GAN: 0.581 D_real: 0.319 D_fake: 0.116 G: 2.457 NCE: 2.058 SB: 0.045 NCE_Y: 1.603 
(epoch: 12, iters: 200, time: 0.381, data: 0.011) G_GAN: 0.429 D_real: 0.165 D_fake: 0.175 G: 1.889 NCE: 1.442 SB: 0.065 NCE_Y: 1.348 
(epoch: 12, iters: 300, time: 0.381, data: 0.011) G_GAN: 0.274 D_real: 0.210 D_fake: 0.662 G: 2.000 NCE: 1.648 SB: 0.012 NCE_Y: 1.780 
(epoch: 12, iters: 400, time: 0.380, data: 0.012) G_GAN: 0.581 D_real: 0.037 D_fake: 0.212 G: 2.514 NCE: 2.254 SB: 0.012 NCE_Y: 1.589 
(epoch: 12, iters: 500, time: 0.382, data: 0.028) G_GAN: 0.441 D_real: 0.121 D_fake: 0.213 G: 1.799 NCE: 1.325 SB: 0.043 NCE_Y: 1.304 
saving the model at the end of epoch 12, iters 6000
End of epoch 12 / 20 	 Time Taken: 201 sec
learning rate = 0.0001000
(epoch: 13, iters: 100, time: 0.377, data: 0.023) G_GAN: 0.362 D_real: 0.149 D_fake: 0.395 G: 1.935 NCE: 1.535 SB: 0.010 NCE_Y: 1.591 
(epoch: 13, iters: 200, time: 0.371, data: 0.011) G_GAN: 0.782 D_real: 0.158 D_fake: 0.026 G: 2.471 NCE: 1.680 SB: 0.033 NCE_Y: 1.630 
(epoch: 13, iters: 300, time: 0.374, data: 0.019) G_GAN: 0.231 D_real: 0.194 D_fake: 0.324 G: 1.945 NCE: 1.919 SB: 0.010 NCE_Y: 1.488 
(epoch: 13, iters: 400, time: 0.377, data: 0.131) G_GAN: 0.421 D_real: 0.313 D_fake: 0.131 G: 1.922 NCE: 1.480 SB: 0.021 NCE_Y: 1.480 
(epoch: 13, iters: 500, time: 0.377, data: 0.010) G_GAN: 0.475 D_real: 0.071 D_fake: 0.125 G: 2.105 NCE: 1.560 SB: 0.032 NCE_Y: 1.637 
saving the model at the end of epoch 13, iters 6500
End of epoch 13 / 20 	 Time Taken: 197 sec
learning rate = 0.0001000
(epoch: 14, iters: 100, time: 0.372, data: 0.148) G_GAN: 0.487 D_real: 0.526 D_fake: 0.159 G: 3.294 NCE: 3.277 SB: 0.035 NCE_Y: 2.268 
(epoch: 14, iters: 200, time: 0.370, data: 0.051) G_GAN: 0.656 D_real: 0.027 D_fake: 0.135 G: 2.158 NCE: 1.470 SB: 0.046 NCE_Y: 1.442 
(epoch: 14, iters: 300, time: 0.371, data: 0.013) G_GAN: 0.490 D_real: 0.188 D_fake: 0.092 G: 2.095 NCE: 1.490 SB: 0.033 NCE_Y: 1.654 
(epoch: 14, iters: 400, time: 0.381, data: 0.012) G_GAN: 0.593 D_real: 0.327 D_fake: 0.204 G: 2.218 NCE: 1.778 SB: 0.019 NCE_Y: 1.433 
(epoch: 14, iters: 500, time: 0.382, data: 0.025) G_GAN: 0.595 D_real: 0.514 D_fake: 0.045 G: 1.997 NCE: 1.371 SB: 0.034 NCE_Y: 1.366 
saving the model at the end of epoch 14, iters 7000
End of epoch 14 / 20 	 Time Taken: 199 sec
learning rate = 0.0001000
(epoch: 15, iters: 100, time: 0.384, data: 0.012) G_GAN: 0.403 D_real: 0.312 D_fake: 0.134 G: 1.991 NCE: 1.631 SB: 0.023 NCE_Y: 1.500 
(epoch: 15, iters: 200, time: 0.385, data: 0.011) G_GAN: 0.416 D_real: 0.348 D_fake: 0.112 G: 1.720 NCE: 1.297 SB: 0.010 NCE_Y: 1.290 
(epoch: 15, iters: 300, time: 0.374, data: 0.010) G_GAN: 0.482 D_real: 0.144 D_fake: 0.147 G: 1.734 NCE: 1.272 SB: 0.012 NCE_Y: 1.207 
(epoch: 15, iters: 400, time: 0.376, data: 0.013) G_GAN: 0.652 D_real: 0.135 D_fake: 0.100 G: 1.985 NCE: 1.291 SB: 0.068 NCE_Y: 1.241 
(epoch: 15, iters: 500, time: 0.380, data: 0.011) G_GAN: 0.410 D_real: 0.505 D_fake: 0.201 G: 2.361 NCE: 1.813 SB: -0.004 NCE_Y: 2.095 
saving the model at the end of epoch 15, iters 7500
End of epoch 15 / 20 	 Time Taken: 198 sec
learning rate = 0.0001000
(epoch: 16, iters: 100, time: 0.377, data: 0.011) G_GAN: 0.416 D_real: 0.091 D_fake: 0.269 G: 1.973 NCE: 1.700 SB: 0.010 NCE_Y: 1.394 
(epoch: 16, iters: 200, time: 0.374, data: 0.011) G_GAN: 0.336 D_real: 0.412 D_fake: 0.187 G: 1.637 NCE: 1.391 SB: -0.053 NCE_Y: 1.316 
(epoch: 16, iters: 300, time: 0.377, data: 0.013) G_GAN: 0.434 D_real: 0.093 D_fake: 0.185 G: 1.975 NCE: 1.609 SB: 0.037 NCE_Y: 1.399 
(epoch: 16, iters: 400, time: 0.379, data: 0.011) G_GAN: 0.400 D_real: 0.209 D_fake: 0.136 G: 2.182 NCE: 1.431 SB: -0.006 NCE_Y: 2.143 
(epoch: 16, iters: 500, time: 0.379, data: 0.012) G_GAN: 0.477 D_real: 0.084 D_fake: 0.132 G: 1.958 NCE: 1.521 SB: 0.072 NCE_Y: 1.298 
saving the model at the end of epoch 16, iters 8000
End of epoch 16 / 20 	 Time Taken: 199 sec
learning rate = 0.0001000
(epoch: 17, iters: 100, time: 0.387, data: 0.012) G_GAN: 0.559 D_real: 0.209 D_fake: 0.074 G: 1.902 NCE: 1.272 SB: 0.104 NCE_Y: 1.206 
(epoch: 17, iters: 200, time: 0.391, data: 0.011) G_GAN: 0.359 D_real: 0.290 D_fake: 0.159 G: 2.442 NCE: 1.553 SB: 0.020 NCE_Y: 2.573 
(epoch: 17, iters: 300, time: 0.386, data: 0.010) G_GAN: 0.524 D_real: 0.199 D_fake: 0.076 G: 1.782 NCE: 1.289 SB: -0.029 NCE_Y: 1.287 
(epoch: 17, iters: 400, time: 0.382, data: 0.011) G_GAN: 0.358 D_real: 0.232 D_fake: 0.214 G: 2.275 NCE: 2.139 SB: 0.015 NCE_Y: 1.666 
(epoch: 17, iters: 500, time: 0.374, data: 0.010) G_GAN: 0.388 D_real: 0.043 D_fake: 0.453 G: 2.980 NCE: 3.452 SB: -0.004 NCE_Y: 1.740 
saving the model at the end of epoch 17, iters 8500
End of epoch 17 / 20 	 Time Taken: 202 sec
learning rate = 0.0001000
(epoch: 18, iters: 100, time: 0.381, data: 0.014) G_GAN: 0.575 D_real: 0.193 D_fake: 0.460 G: 2.124 NCE: 1.562 SB: -0.020 NCE_Y: 1.575 
(epoch: 18, iters: 200, time: 0.379, data: 0.011) G_GAN: 0.442 D_real: 0.219 D_fake: 0.240 G: 2.642 NCE: 2.804 SB: -0.067 NCE_Y: 1.733 
(epoch: 18, iters: 300, time: 0.381, data: 0.011) G_GAN: 0.450 D_real: 0.038 D_fake: 0.196 G: 2.124 NCE: 1.874 SB: -0.082 NCE_Y: 1.638 
(epoch: 18, iters: 400, time: 0.379, data: 0.011) G_GAN: 0.404 D_real: 0.313 D_fake: 0.150 G: 1.463 NCE: 1.437 SB: -0.345 NCE_Y: 1.370 
(epoch: 18, iters: 500, time: 0.380, data: 0.011) G_GAN: 0.754 D_real: 0.008 D_fake: 0.085 G: 2.109 NCE: 1.543 SB: -0.182 NCE_Y: 1.532 
saving the model at the end of epoch 18, iters 9000
End of epoch 18 / 20 	 Time Taken: 200 sec
learning rate = 0.0001000
(epoch: 19, iters: 100, time: 0.381, data: 0.013) G_GAN: 0.349 D_real: 0.340 D_fake: 0.241 G: 2.116 NCE: 1.637 SB: 0.015 NCE_Y: 1.868 
(epoch: 19, iters: 200, time: 0.379, data: 0.010) G_GAN: 0.373 D_real: 0.158 D_fake: 0.198 G: 1.725 NCE: 1.274 SB: 0.050 NCE_Y: 1.329 
(epoch: 19, iters: 300, time: 0.375, data: 0.018) G_GAN: 0.488 D_real: 0.049 D_fake: 0.202 G: 1.708 NCE: 1.166 SB: 0.064 NCE_Y: 1.148 
(epoch: 19, iters: 400, time: 0.381, data: 0.011) G_GAN: 0.566 D_real: 0.068 D_fake: 0.142 G: 2.603 NCE: 1.628 SB: 0.030 NCE_Y: 2.385 
(epoch: 19, iters: 500, time: 0.378, data: 0.011) G_GAN: 0.433 D_real: 0.495 D_fake: 0.122 G: 2.850 NCE: 3.137 SB: 0.012 NCE_Y: 1.673 
saving the model at the end of epoch 19, iters 9500
End of epoch 19 / 20 	 Time Taken: 199 sec
learning rate = 0.0001000
(epoch: 20, iters: 100, time: 0.383, data: 0.117) G_GAN: 0.326 D_real: 0.163 D_fake: 0.286 G: 1.878 NCE: 1.686 SB: 0.010 NCE_Y: 1.399 
(epoch: 20, iters: 200, time: 0.387, data: 0.012) G_GAN: 0.677 D_real: 0.422 D_fake: 0.019 G: 2.116 NCE: 1.342 SB: 0.036 NCE_Y: 1.465 
(epoch: 20, iters: 300, time: 0.380, data: 0.010) G_GAN: 0.791 D_real: 0.017 D_fake: 0.044 G: 2.574 NCE: 1.324 SB: 0.032 NCE_Y: 2.178 
(epoch: 20, iters: 400, time: 0.377, data: 0.011) G_GAN: 0.734 D_real: 0.206 D_fake: 0.055 G: 2.177 NCE: 1.435 SB: 0.052 NCE_Y: 1.348 
(epoch: 20, iters: 500, time: 0.377, data: 0.010) G_GAN: 0.511 D_real: 0.096 D_fake: 0.223 G: 2.017 NCE: 1.534 SB: 0.019 NCE_Y: 1.439 
saving the model at the end of epoch 20, iters 10000
End of epoch 20 / 20 	 Time Taken: 201 sec
learning rate = 0.0000000
