MEASURED single_FoggyCityscapes_s2031__e01 (10 images)
MEASURED single_FoggyCityscapes_s2031__e02 (10 images)
MEASURED single_FoggyCityscapes_s2031__e03 (10 images)
MEASURED single_FoggyCityscapes_s2031__e04 (10 images)
MEASURED single_FoggyCityscapes_s2031__e05 (10 images)
MEASURED single_FoggyCityscapes_s2031__e06 (10 images)
MEASURED single_FoggyCityscapes_s2031__e17 (10 images)
MEASURED single_FoggyCityscapes_s2031__e20 (10 images)
MEASURED single_LowLightTrafficData_s2031__e01 (10 images)
MEASURED single_LowLightTrafficData_s2031__e02 (10 images)
MEASURED single_LowLightTrafficData_s2031__e03 (10 images)
MEASURED single_LowLightTrafficData_s2031__e04 (10 images)
MEASURED single_LowLightTrafficData_s2031__e05 (10 images)
MEASURED single_LowLightTrafficData_s2031__e06 (10 images)
MEASURED single_LowLightTrafficData_s2031__e17 (10 images)
MEASURED single_LowLightTrafficData_s2031__e20 (10 images)
MEASURED single_RainCityscapes_s2031__e01 (10 images)
MEASURED single_RainCityscapes_s2031__e02 (10 images)
MEASURED single_RainCityscapes_s2031__e03 (10 images)
MEASURED single_RainCityscapes_s2031__e04 (10 images)
MEASURED single_RainCityscapes_s2031__e05 (10 images)
MEASURED single_RainCityscapes_s2031__e06 (10 images)
MEASURED single_RainCityscapes_s2031__e17 (10 images)
MEASURED single_RainCityscapes_s2031__e20 (10 images)
MEASURED single_RSCityscapes_s2031__e01 (10 images)
MEASURED single_RSCityscapes_s2031__e02 (10 images)
MEASURED single_RSCityscapes_s2031__e03 (10 images)
MEASURED single_RSCityscapes_s2031__e04 (10 images)
MEASURED single_RSCityscapes_s2031__e05 (10 images)
MEASURED single_RSCityscapes_s2031__e06 (10 images)
MEASURED single_RSCityscapes_s2031__e17 (10 images)
MEASURED single_RSCityscapes_s2031__e20 (10 images)
MEASURED single_SnowTrafficData_s2031__e01 (10 images)
MEASURED single_SnowTrafficData_s2031__e02 (10 images)
MEASURED single_SnowTrafficData_s2031__e03 (10 images)
MEASURED single_SnowTrafficData_s2031__e04 (10 images)
MEASURED single_SnowTrafficData_s2031__e05 (10 images)
MEASURED single_SnowTrafficData_s2031__e06 (10 images)
MEASURED single_SnowTrafficData_s2031__e17 (10 images)
MEASURED single_SnowTrafficData_s2031__e20 (10 images)
MEASURED aio_plain_s2031__e01 (50 images)
MEASURED aio_plain_s2031__e02 (50 images)
MEASURED aio_plain_s2031__e03 (50 images)
MEASURED aio_plain_s2031__e04 (50 images)
MEASURED aio_plain_s2031__e05 (50 images)
MEASURED aio_plain_s2031__e06 (50 images)
MEASURED aio_plain_s2031__e17 (50 images)
MEASURED aio_plain_s2031__e20 (50 images)
{
  "seed": 2031,
  "raw_rows": 2400,
  "raw_dir": "/home/yc/UNSB_PASSION/motivation_baseline_restart/raw/seed2031"
}
