/home/yc/unsb_tired/refactor/baseline/models/networks.py:579: UserWarning: To copy construct from a tensor, it is recommended to use sourceTensor.clone().detach() or sourceTensor.clone().detach().requires_grad_(True), rather than torch.tensor(sourceTensor).
  patch_id = torch.tensor(patch_id, dtype=torch.long, device=feat.device)
----------------- Options ---------------
               batch_size: 1                             
                    beta1: 0.5                           
                    beta2: 0.999                         
          checkpoints_dir: /home/yc/UNSB_PASSION/motivation_baseline_restart/checkpoints	[default: ./checkpoints]
           continue_train: False                         
                crop_size: 128                           	[default: 256]
                 dataroot: /home/yc/UNSB_PASSION/motivation_baseline_restart/datasets/single/SnowTrafficData	[default: placeholder]
             dataset_mode: unaligned                     
                direction: AtoB                          
              display_env: main                          
             display_freq: 1000000                       	[default: 400]
               display_id: -1                            	[default: None]
            display_ncols: 4                             
             display_port: 8097                          
           display_server: http://localhost              
          display_winsize: 256                           
               easy_label: experiment_name               
            embedding_dim: 512                           
           embedding_type: positional                    
                    epoch: latest                        
              epoch_count: 1                             
          evaluation_freq: 5000                          
        flip_equivariance: False                         
                 gan_mode: lsgan                         
                  gpu_ids: 0                             
                     hnek: False                         
                init_gain: 0.02                          
                init_type: xavier                        
                 input_nc: 3                             
                  isTrain: True                          	[default: None]
               lambda_GAN: 1.0                           
               lambda_NCE: 1.0                           
                lambda_SB: 1.0                           	[default: 0.1]
                     lmda: 0.1                           
                load_size: 128                           	[default: 286]
                       lr: 0.0001                        	[default: 0.0002]
           lr_decay_iters: 50                            
                lr_policy: linear                        
         max_dataset_size: inf                           
                     mode: sb                            
                    model: sb                            
                 n_epochs: 20                            	[default: 200]
           n_epochs_decay: 0                             	[default: 200]
               n_layers_D: 3                             
                    n_mlp: 3                             
                     name: single_SnowTrafficData_s2029  	[default: experiment_name]
                    nce_T: 0.07                          
                  nce_idt: True                          
nce_includes_all_negatives_from_minibatch: False                         
               nce_layers: 0,4,8,12,16                   
                      ndf: 64                            
                     netD: basic_cond                    
                     netE: basic_cond                    
                     netF: mlp_sample                    
                  netF_nc: 256                           
                     netG: resnet_9blocks_cond           
                      ngf: 64                            
             no_antialias: False                         
          no_antialias_up: False                         
               no_dropout: True                          
                  no_flip: True                          	[default: False]
                  no_html: True                          	[default: False]
                    normD: instance                      
                    normG: instance                      
              num_patches: 256                           
              num_threads: 0                             	[default: 4]
            num_timesteps: 5                             
                output_nc: 3                             
                    phase: train                         
                pool_size: 0                             
               preprocess: resize_and_crop               
          pretrained_name: None                          
               print_freq: 100                           
         random_scale_max: 3.0                           
             save_by_iter: False                         
          save_epoch_freq: 1                             	[default: 5]
         save_latest_freq: 1000000                       	[default: 5000]
                     seed: 2029                          	[default: 2026]
           serial_batches: False                         
                      std: 0.25                          
                style_dim: 512                           
stylegan2_G_num_downsampling: 1                             
                   suffix:                               
                      tau: 0.01                          
         update_html_freq: 1000                          
                  verbose: False                         
----------------- End -------------------
dataset [UnalignedDataset] was created
dataset [UnalignedDataset] was created
model [SBModel] was created
The number of training images = 100
---------- Networks initialized -------------
[Network G] Total number of parameters : 14.684 M
[Network F] Total number of parameters : 0.560 M
[Network D] Total number of parameters : 3.143 M
[Network E] Total number of parameters : 3.152 M
-----------------------------------------------
(epoch: 1, iters: 100, time: 0.346, data: 0.020) G_GAN: 0.295 D_real: 0.209 D_fake: 0.276 G: 4.056 NCE: 3.710 SB: 0.033 NCE_Y: 3.747 
saving the model at the end of epoch 1, iters 100
End of epoch 1 / 20 	 Time Taken: 78 sec
learning rate = 0.0001000
(epoch: 2, iters: 100, time: 0.476, data: 0.012) G_GAN: 0.283 D_real: 0.237 D_fake: 0.234 G: 3.530 NCE: 3.122 SB: 0.020 NCE_Y: 3.332 
saving the model at the end of epoch 2, iters 200
End of epoch 2 / 20 	 Time Taken: 71 sec
learning rate = 0.0001000
(epoch: 3, iters: 100, time: 0.573, data: 0.014) G_GAN: 0.473 D_real: 0.212 D_fake: 0.109 G: 2.961 NCE: 2.395 SB: 0.037 NCE_Y: 2.506 
saving the model at the end of epoch 3, iters 300
End of epoch 3 / 20 	 Time Taken: 79 sec
learning rate = 0.0001000
(epoch: 4, iters: 100, time: 0.624, data: 0.020) G_GAN: 0.324 D_real: 0.195 D_fake: 0.269 G: 2.651 NCE: 2.285 SB: 0.009 NCE_Y: 2.351 
saving the model at the end of epoch 4, iters 400
End of epoch 4 / 20 	 Time Taken: 75 sec
learning rate = 0.0001000
(epoch: 5, iters: 100, time: 0.658, data: 0.420) G_GAN: 0.320 D_real: 0.299 D_fake: 0.174 G: 2.472 NCE: 2.105 SB: 0.020 NCE_Y: 2.159 
saving the model at the end of epoch 5, iters 500
End of epoch 5 / 20 	 Time Taken: 75 sec
learning rate = 0.0001000
(epoch: 6, iters: 100, time: 0.658, data: 0.030) G_GAN: 0.317 D_real: 0.180 D_fake: 0.231 G: 2.320 NCE: 2.115 SB: 0.005 NCE_Y: 1.879 
saving the model at the end of epoch 6, iters 600
End of epoch 6 / 20 	 Time Taken: 69 sec
learning rate = 0.0001000
(epoch: 7, iters: 100, time: 0.657, data: 0.012) G_GAN: 0.221 D_real: 0.417 D_fake: 0.272 G: 1.800 NCE: 1.540 SB: 0.026 NCE_Y: 1.565 
saving the model at the end of epoch 7, iters 700
End of epoch 7 / 20 	 Time Taken: 68 sec
learning rate = 0.0001000
(epoch: 8, iters: 100, time: 0.730, data: 0.018) G_GAN: 0.349 D_real: 0.338 D_fake: 0.161 G: 2.177 NCE: 1.768 SB: 0.036 NCE_Y: 1.815 
saving the model at the end of epoch 8, iters 800
End of epoch 8 / 20 	 Time Taken: 93 sec
learning rate = 0.0001000
(epoch: 9, iters: 100, time: 0.764, data: 0.079) G_GAN: 0.366 D_real: 0.113 D_fake: 0.267 G: 2.324 NCE: 1.971 SB: 0.005 NCE_Y: 1.937 
saving the model at the end of epoch 9, iters 900
End of epoch 9 / 20 	 Time Taken: 88 sec
learning rate = 0.0001000
(epoch: 10, iters: 100, time: 0.787, data: 0.908) G_GAN: 0.296 D_real: 0.186 D_fake: 0.195 G: 2.029 NCE: 1.609 SB: 0.017 NCE_Y: 1.822 
saving the model at the end of epoch 10, iters 1000
End of epoch 10 / 20 	 Time Taken: 91 sec
learning rate = 0.0001000
(epoch: 11, iters: 100, time: 0.820, data: 0.013) G_GAN: 0.254 D_real: 0.262 D_fake: 0.260 G: 2.183 NCE: 2.078 SB: -0.000 NCE_Y: 1.782 
saving the model at the end of epoch 11, iters 1100
End of epoch 11 / 20 	 Time Taken: 91 sec
learning rate = 0.0001000
(epoch: 12, iters: 100, time: 0.854, data: 0.013) G_GAN: 0.351 D_real: 0.114 D_fake: 0.336 G: 1.849 NCE: 1.599 SB: -0.008 NCE_Y: 1.414 
saving the model at the end of epoch 12, iters 1200
End of epoch 12 / 20 	 Time Taken: 95 sec
learning rate = 0.0001000
(epoch: 13, iters: 100, time: 0.855, data: 0.987) G_GAN: 0.290 D_real: 0.231 D_fake: 0.170 G: 1.666 NCE: 1.265 SB: 0.068 NCE_Y: 1.349 
saving the model at the end of epoch 13, iters 1300
End of epoch 13 / 20 	 Time Taken: 91 sec
learning rate = 0.0001000
(epoch: 14, iters: 100, time: 0.863, data: 0.012) G_GAN: 0.248 D_real: 0.267 D_fake: 0.315 G: 1.652 NCE: 1.405 SB: 0.010 NCE_Y: 1.386 
saving the model at the end of epoch 14, iters 1400
End of epoch 14 / 20 	 Time Taken: 99 sec
learning rate = 0.0001000
(epoch: 15, iters: 100, time: 0.854, data: 0.012) G_GAN: 0.242 D_real: 0.460 D_fake: 0.186 G: 1.396 NCE: 1.254 SB: -0.027 NCE_Y: 1.110 
saving the model at the end of epoch 15, iters 1500
End of epoch 15 / 20 	 Time Taken: 90 sec
learning rate = 0.0001000
(epoch: 16, iters: 100, time: 0.871, data: 0.018) G_GAN: 0.315 D_real: 0.271 D_fake: 0.221 G: 1.785 NCE: 1.410 SB: 0.016 NCE_Y: 1.500 
saving the model at the end of epoch 16, iters 1600
End of epoch 16 / 20 	 Time Taken: 97 sec
learning rate = 0.0001000
(epoch: 17, iters: 100, time: 0.847, data: 0.168) G_GAN: 0.354 D_real: 0.160 D_fake: 0.190 G: 1.830 NCE: 1.613 SB: -0.014 NCE_Y: 1.367 
saving the model at the end of epoch 17, iters 1700
End of epoch 17 / 20 	 Time Taken: 89 sec
learning rate = 0.0001000
(epoch: 18, iters: 100, time: 0.853, data: 0.022) G_GAN: 0.272 D_real: 0.238 D_fake: 0.196 G: 1.540 NCE: 1.375 SB: -0.050 NCE_Y: 1.263 
saving the model at the end of epoch 18, iters 1800
End of epoch 18 / 20 	 Time Taken: 91 sec
learning rate = 0.0001000
(epoch: 19, iters: 100, time: 0.857, data: 0.021) G_GAN: 0.357 D_real: 0.201 D_fake: 0.269 G: 1.928 NCE: 1.543 SB: 0.022 NCE_Y: 1.556 
saving the model at the end of epoch 19, iters 1900
End of epoch 19 / 20 	 Time Taken: 93 sec
learning rate = 0.0001000
(epoch: 20, iters: 100, time: 0.874, data: 0.094) G_GAN: 0.454 D_real: 0.251 D_fake: 0.113 G: 1.961 NCE: 1.654 SB: 0.006 NCE_Y: 1.346 
saving the model at the end of epoch 20, iters 2000
End of epoch 20 / 20 	 Time Taken: 97 sec
learning rate = 0.0000000
