/home/yc/unsb_tired/refactor/baseline/models/networks.py:579: UserWarning: To copy construct from a tensor, it is recommended to use sourceTensor.clone().detach() or sourceTensor.clone().detach().requires_grad_(True), rather than torch.tensor(sourceTensor).
  patch_id = torch.tensor(patch_id, dtype=torch.long, device=feat.device)
----------------- Options ---------------
               batch_size: 1                             
                    beta1: 0.5                           
                    beta2: 0.999                         
          checkpoints_dir: /home/yc/UNSB_PASSION/motivation_baseline_restart/checkpoints	[default: ./checkpoints]
           continue_train: False                         
                crop_size: 128                           	[default: 256]
                 dataroot: /home/yc/UNSB_PASSION/motivation_baseline_restart/datasets/single/LowLightTrafficData	[default: placeholder]
             dataset_mode: unaligned                     
                direction: AtoB                          
              display_env: main                          
             display_freq: 1000000                       	[default: 400]
               display_id: -1                            	[default: None]
            display_ncols: 4                             
             display_port: 8097                          
           display_server: http://localhost              
          display_winsize: 256                           
               easy_label: experiment_name               
            embedding_dim: 512                           
           embedding_type: positional                    
                    epoch: latest                        
              epoch_count: 1                             
          evaluation_freq: 5000                          
        flip_equivariance: False                         
                 gan_mode: lsgan                         
                  gpu_ids: 0                             
                     hnek: False                         
                init_gain: 0.02                          
                init_type: xavier                        
                 input_nc: 3                             
                  isTrain: True                          	[default: None]
               lambda_GAN: 1.0                           
               lambda_NCE: 1.0                           
                lambda_SB: 1.0                           	[default: 0.1]
                     lmda: 0.1                           
                load_size: 128                           	[default: 286]
                       lr: 0.0001                        	[default: 0.0002]
           lr_decay_iters: 50                            
                lr_policy: linear                        
         max_dataset_size: inf                           
                     mode: sb                            
                    model: sb                            
                 n_epochs: 20                            	[default: 200]
           n_epochs_decay: 0                             	[default: 200]
               n_layers_D: 3                             
                    n_mlp: 3                             
                     name: single_LowLightTrafficData_s2031	[default: experiment_name]
                    nce_T: 0.07                          
                  nce_idt: True                          
nce_includes_all_negatives_from_minibatch: False                         
               nce_layers: 0,4,8,12,16                   
                      ndf: 64                            
                     netD: basic_cond                    
                     netE: basic_cond                    
                     netF: mlp_sample                    
                  netF_nc: 256                           
                     netG: resnet_9blocks_cond           
                      ngf: 64                            
             no_antialias: False                         
          no_antialias_up: False                         
               no_dropout: True                          
                  no_flip: True                          	[default: False]
                  no_html: True                          	[default: False]
                    normD: instance                      
                    normG: instance                      
              num_patches: 256                           
              num_threads: 0                             	[default: 4]
            num_timesteps: 5                             
                output_nc: 3                             
                    phase: train                         
                pool_size: 0                             
               preprocess: resize_and_crop               
          pretrained_name: None                          
               print_freq: 100                           
         random_scale_max: 3.0                           
             save_by_iter: False                         
          save_epoch_freq: 1                             	[default: 5]
         save_latest_freq: 1000000                       	[default: 5000]
                     seed: 2031                          	[default: 2026]
           serial_batches: False                         
                      std: 0.25                          
                style_dim: 512                           
stylegan2_G_num_downsampling: 1                             
                   suffix:                               
                      tau: 0.01                          
         update_html_freq: 1000                          
                  verbose: False                         
----------------- End -------------------
dataset [UnalignedDataset] was created
dataset [UnalignedDataset] was created
model [SBModel] was created
The number of training images = 100
---------- Networks initialized -------------
[Network G] Total number of parameters : 14.684 M
[Network F] Total number of parameters : 0.560 M
[Network D] Total number of parameters : 3.143 M
[Network E] Total number of parameters : 3.152 M
-----------------------------------------------
(epoch: 1, iters: 100, time: 0.394, data: 0.016) G_GAN: 0.384 D_real: 0.352 D_fake: 0.311 G: 5.151 NCE: 4.905 SB: 0.033 NCE_Y: 4.564 
saving the model at the end of epoch 1, iters 100
End of epoch 1 / 20 	 Time Taken: 94 sec
learning rate = 0.0001000
(epoch: 2, iters: 100, time: 0.583, data: 0.923) G_GAN: 0.404 D_real: 0.295 D_fake: 0.141 G: 5.328 NCE: 5.171 SB: 0.021 NCE_Y: 4.634 
saving the model at the end of epoch 2, iters 200
End of epoch 2 / 20 	 Time Taken: 95 sec
learning rate = 0.0001000
(epoch: 3, iters: 100, time: 0.700, data: 0.014) G_GAN: 0.441 D_real: 0.262 D_fake: 0.318 G: 4.718 NCE: 4.597 SB: 0.032 NCE_Y: 3.893 
saving the model at the end of epoch 3, iters 300
End of epoch 3 / 20 	 Time Taken: 93 sec
learning rate = 0.0001000
(epoch: 4, iters: 100, time: 0.753, data: 0.013) G_GAN: 0.300 D_real: 0.226 D_fake: 0.194 G: 3.734 NCE: 4.028 SB: 0.048 NCE_Y: 2.743 
saving the model at the end of epoch 4, iters 400
End of epoch 4 / 20 	 Time Taken: 87 sec
learning rate = 0.0001000
(epoch: 5, iters: 100, time: 0.800, data: 0.011) G_GAN: 0.318 D_real: 0.391 D_fake: 0.129 G: 4.093 NCE: 4.560 SB: 0.017 NCE_Y: 2.957 
saving the model at the end of epoch 5, iters 500
End of epoch 5 / 20 	 Time Taken: 95 sec
learning rate = 0.0001000
(epoch: 6, iters: 100, time: 0.819, data: 0.026) G_GAN: 0.342 D_real: 0.219 D_fake: 0.188 G: 4.089 NCE: 4.513 SB: 0.009 NCE_Y: 2.964 
saving the model at the end of epoch 6, iters 600
End of epoch 6 / 20 	 Time Taken: 96 sec
learning rate = 0.0001000
(epoch: 7, iters: 100, time: 0.850, data: 0.011) G_GAN: 0.297 D_real: 0.288 D_fake: 0.213 G: 3.546 NCE: 3.610 SB: 0.016 NCE_Y: 2.856 
saving the model at the end of epoch 7, iters 700
End of epoch 7 / 20 	 Time Taken: 94 sec
learning rate = 0.0001000
(epoch: 8, iters: 100, time: 0.863, data: 0.083) G_GAN: 0.334 D_real: 0.241 D_fake: 0.207 G: 3.558 NCE: 3.816 SB: 0.007 NCE_Y: 2.618 
saving the model at the end of epoch 8, iters 800
End of epoch 8 / 20 	 Time Taken: 90 sec
learning rate = 0.0001000
(epoch: 9, iters: 100, time: 0.877, data: 0.060) G_GAN: 0.315 D_real: 0.236 D_fake: 0.238 G: 3.487 NCE: 3.571 SB: 0.010 NCE_Y: 2.754 
saving the model at the end of epoch 9, iters 900
End of epoch 9 / 20 	 Time Taken: 96 sec
learning rate = 0.0001000
(epoch: 10, iters: 100, time: 0.892, data: 0.010) G_GAN: 0.240 D_real: 0.214 D_fake: 0.270 G: 3.752 NCE: 4.085 SB: 0.008 NCE_Y: 2.923 
saving the model at the end of epoch 10, iters 1000
End of epoch 10 / 20 	 Time Taken: 97 sec
learning rate = 0.0001000
(epoch: 11, iters: 100, time: 0.876, data: 0.011) G_GAN: 0.327 D_real: 0.470 D_fake: 0.141 G: 3.159 NCE: 3.511 SB: 0.024 NCE_Y: 2.106 
saving the model at the end of epoch 11, iters 1100
End of epoch 11 / 20 	 Time Taken: 93 sec
learning rate = 0.0001000
(epoch: 12, iters: 100, time: 0.859, data: 0.368) G_GAN: 0.299 D_real: 0.050 D_fake: 0.360 G: 3.722 NCE: 4.683 SB: -0.003 NCE_Y: 2.170 
saving the model at the end of epoch 12, iters 1200
End of epoch 12 / 20 	 Time Taken: 88 sec
learning rate = 0.0001000
(epoch: 13, iters: 100, time: 0.850, data: 0.818) G_GAN: 0.316 D_real: 0.386 D_fake: 0.155 G: 2.929 NCE: 3.583 SB: -0.044 NCE_Y: 1.732 
saving the model at the end of epoch 13, iters 1300
End of epoch 13 / 20 	 Time Taken: 92 sec
learning rate = 0.0001000
(epoch: 14, iters: 100, time: 0.862, data: 0.878) G_GAN: 0.308 D_real: 0.154 D_fake: 0.246 G: 3.477 NCE: 3.775 SB: 0.022 NCE_Y: 2.518 
saving the model at the end of epoch 14, iters 1400
End of epoch 14 / 20 	 Time Taken: 97 sec
learning rate = 0.0001000
(epoch: 15, iters: 100, time: 0.864, data: 0.018) G_GAN: 0.370 D_real: 0.409 D_fake: 0.095 G: 3.171 NCE: 3.575 SB: -0.052 NCE_Y: 2.130 
saving the model at the end of epoch 15, iters 1500
End of epoch 15 / 20 	 Time Taken: 90 sec
learning rate = 0.0001000
(epoch: 16, iters: 100, time: 0.878, data: 0.011) G_GAN: 0.397 D_real: 0.288 D_fake: 0.213 G: 3.328 NCE: 3.874 SB: -0.067 NCE_Y: 2.122 
saving the model at the end of epoch 16, iters 1600
End of epoch 16 / 20 	 Time Taken: 94 sec
learning rate = 0.0001000
(epoch: 17, iters: 100, time: 0.847, data: 0.011) G_GAN: 0.278 D_real: 0.163 D_fake: 0.402 G: 2.829 NCE: 3.155 SB: -0.021 NCE_Y: 1.989 
saving the model at the end of epoch 17, iters 1700
End of epoch 17 / 20 	 Time Taken: 84 sec
learning rate = 0.0001000
(epoch: 18, iters: 100, time: 0.839, data: 0.011) G_GAN: 0.371 D_real: 0.158 D_fake: 0.155 G: 3.133 NCE: 3.337 SB: 0.015 NCE_Y: 2.156 
saving the model at the end of epoch 18, iters 1800
End of epoch 18 / 20 	 Time Taken: 88 sec
learning rate = 0.0001000
(epoch: 19, iters: 100, time: 0.844, data: 0.013) G_GAN: 0.260 D_real: 0.312 D_fake: 0.276 G: 3.097 NCE: 3.718 SB: 0.024 NCE_Y: 1.908 
saving the model at the end of epoch 19, iters 1900
End of epoch 19 / 20 	 Time Taken: 91 sec
learning rate = 0.0001000
(epoch: 20, iters: 100, time: 0.862, data: 0.012) G_GAN: 0.271 D_real: 0.286 D_fake: 0.208 G: 2.903 NCE: 3.478 SB: 0.041 NCE_Y: 1.704 
saving the model at the end of epoch 20, iters 2000
End of epoch 20 / 20 	 Time Taken: 93 sec
learning rate = 0.0000000
