----------------- Options ---------------
               batch_size: 1                             
                    beta1: 0.5                           
                    beta2: 0.999                         
          checkpoints_dir: /home/yc/UNSB_PASSION/motivation_baseline_restart/checkpoints	[default: ./checkpoints]
           continue_train: False                         
                crop_size: 128                           	[default: 256]
                 dataroot: /home/yc/UNSB_PASSION/motivation_baseline_restart/datasets/single/RSCityscapes	[default: placeholder]
             dataset_mode: unaligned                     
                direction: AtoB                          
              display_env: main                          
             display_freq: 1000000                       	[default: 400]
               display_id: -1                            	[default: None]
            display_ncols: 4                             
             display_port: 8097                          
           display_server: http://localhost              
          display_winsize: 256                           
               easy_label: experiment_name               
            embedding_dim: 512                           
           embedding_type: positional                    
                    epoch: latest                        
              epoch_count: 1                             
          evaluation_freq: 5000                          
        flip_equivariance: False                         
                 gan_mode: lsgan                         
                  gpu_ids: 0                             
                     hnek: False                         
                init_gain: 0.02                          
                init_type: xavier                        
                 input_nc: 3                             
                  isTrain: True                          	[default: None]
               lambda_GAN: 1.0                           
               lambda_NCE: 1.0                           
                lambda_SB: 1.0                           	[default: 0.1]
                     lmda: 0.1                           
                load_size: 128                           	[default: 286]
                       lr: 0.0001                        	[default: 0.0002]
           lr_decay_iters: 50                            
                lr_policy: linear                        
         max_dataset_size: inf                           
                     mode: sb                            
                    model: sb                            
                 n_epochs: 20                            	[default: 200]
           n_epochs_decay: 0                             	[default: 200]
               n_layers_D: 3                             
                    n_mlp: 3                             
                     name: single_RSCityscapes_s2029     	[default: experiment_name]
                    nce_T: 0.07                          
                  nce_idt: True                          
nce_includes_all_negatives_from_minibatch: False                         
               nce_layers: 0,4,8,12,16                   
                      ndf: 64                            
                     netD: basic_cond                    
                     netE: basic_cond                    
                     netF: mlp_sample                    
                  netF_nc: 256                           
                     netG: resnet_9blocks_cond           
                      ngf: 64                            
             no_antialias: False                         
          no_antialias_up: False                         
               no_dropout: True                          
                  no_flip: True                          	[default: False]
                  no_html: True                          	[default: False]
                    normD: instance                      
                    normG: instance                      
              num_patches: 256                           
              num_threads: 0                             	[default: 4]
            num_timesteps: 5                             
                output_nc: 3                             
                    phase: train                         
                pool_size: 0                             
               preprocess: resize_and_crop               
          pretrained_name: None                          
               print_freq: 100                           
         random_scale_max: 3.0                           
             save_by_iter: False                         
          save_epoch_freq: 1                             	[default: 5]
         save_latest_freq: 1000000                       	[default: 5000]
                     seed: 2029                          	[default: 2026]
           serial_batches: False                         
                      std: 0.25                          
                style_dim: 512                           
stylegan2_G_num_downsampling: 1                             
                   suffix:                               
                      tau: 0.01                          
         update_html_freq: 1000                          
                  verbose: False                         
----------------- End -------------------
dataset [UnalignedDataset] was created
dataset [UnalignedDataset] was created
model [SBModel] was created
The number of training images = 100
/home/yc/unsb_tired/refactor/baseline/models/networks.py:579: UserWarning: To copy construct from a tensor, it is recommended to use sourceTensor.clone().detach() or sourceTensor.clone().detach().requires_grad_(True), rather than torch.tensor(sourceTensor).
  patch_id = torch.tensor(patch_id, dtype=torch.long, device=feat.device)
---------- Networks initialized -------------
[Network G] Total number of parameters : 14.684 M
[Network F] Total number of parameters : 0.560 M
[Network D] Total number of parameters : 3.143 M
[Network E] Total number of parameters : 3.152 M
-----------------------------------------------
(epoch: 1, iters: 100, time: 0.216, data: 0.015) G_GAN: 0.391 D_real: 0.145 D_fake: 0.398 G: 4.252 NCE: 3.852 SB: 0.044 NCE_Y: 3.781 
saving the model at the end of epoch 1, iters 100
End of epoch 1 / 20 	 Time Taken: 41 sec
learning rate = 0.0001000
(epoch: 2, iters: 100, time: 0.275, data: 0.011) G_GAN: 0.353 D_real: 0.356 D_fake: 0.174 G: 3.745 NCE: 3.371 SB: 0.021 NCE_Y: 3.372 
saving the model at the end of epoch 2, iters 200
End of epoch 2 / 20 	 Time Taken: 38 sec
learning rate = 0.0001000
(epoch: 3, iters: 100, time: 0.318, data: 0.012) G_GAN: 0.385 D_real: 0.185 D_fake: 0.155 G: 2.995 NCE: 2.500 SB: 0.043 NCE_Y: 2.634 
saving the model at the end of epoch 3, iters 300
End of epoch 3 / 20 	 Time Taken: 41 sec
learning rate = 0.0001000
(epoch: 4, iters: 100, time: 0.340, data: 0.011) G_GAN: 0.617 D_real: 0.374 D_fake: 0.042 G: 4.003 NCE: 3.579 SB: 0.008 NCE_Y: 3.178 
saving the model at the end of epoch 4, iters 400
End of epoch 4 / 20 	 Time Taken: 39 sec
learning rate = 0.0001000
(epoch: 5, iters: 100, time: 0.356, data: 0.061) G_GAN: 0.453 D_real: 0.164 D_fake: 0.276 G: 3.082 NCE: 2.642 SB: 0.006 NCE_Y: 2.603 
saving the model at the end of epoch 5, iters 500
End of epoch 5 / 20 	 Time Taken: 40 sec
learning rate = 0.0001000
(epoch: 6, iters: 100, time: 0.369, data: 0.011) G_GAN: 0.416 D_real: 0.135 D_fake: 0.251 G: 3.019 NCE: 2.616 SB: 0.001 NCE_Y: 2.587 
saving the model at the end of epoch 6, iters 600
End of epoch 6 / 20 	 Time Taken: 41 sec
learning rate = 0.0001000
(epoch: 7, iters: 100, time: 0.370, data: 0.012) G_GAN: 0.365 D_real: 0.366 D_fake: 0.243 G: 2.382 NCE: 1.962 SB: 0.002 NCE_Y: 2.069 
saving the model at the end of epoch 7, iters 700
End of epoch 7 / 20 	 Time Taken: 39 sec
learning rate = 0.0001000
(epoch: 8, iters: 100, time: 0.375, data: 0.030) G_GAN: 0.445 D_real: 0.183 D_fake: 0.165 G: 2.155 NCE: 1.719 SB: 0.057 NCE_Y: 1.586 
saving the model at the end of epoch 8, iters 800
End of epoch 8 / 20 	 Time Taken: 40 sec
learning rate = 0.0001000
(epoch: 9, iters: 100, time: 0.370, data: 0.011) G_GAN: 0.358 D_real: 0.236 D_fake: 0.180 G: 2.858 NCE: 2.643 SB: 0.008 NCE_Y: 2.340 
saving the model at the end of epoch 9, iters 900
End of epoch 9 / 20 	 Time Taken: 38 sec
learning rate = 0.0001000
(epoch: 10, iters: 100, time: 0.364, data: 0.012) G_GAN: 0.303 D_real: 0.172 D_fake: 0.314 G: 2.232 NCE: 1.906 SB: 0.001 NCE_Y: 1.950 
saving the model at the end of epoch 10, iters 1000
End of epoch 10 / 20 	 Time Taken: 37 sec
learning rate = 0.0001000
(epoch: 11, iters: 100, time: 0.370, data: 0.011) G_GAN: 0.354 D_real: 0.183 D_fake: 0.268 G: 2.527 NCE: 2.571 SB: 0.001 NCE_Y: 1.772 
saving the model at the end of epoch 11, iters 1100
End of epoch 11 / 20 	 Time Taken: 39 sec
learning rate = 0.0001000
(epoch: 12, iters: 100, time: 0.378, data: 0.011) G_GAN: 0.857 D_real: 0.057 D_fake: 0.117 G: 2.648 NCE: 1.780 SB: 0.057 NCE_Y: 1.688 
saving the model at the end of epoch 12, iters 1200
End of epoch 12 / 20 	 Time Taken: 41 sec
learning rate = 0.0001000
(epoch: 13, iters: 100, time: 0.376, data: 0.018) G_GAN: 0.347 D_real: 0.372 D_fake: 0.146 G: 2.305 NCE: 1.821 SB: 0.055 NCE_Y: 1.985 
saving the model at the end of epoch 13, iters 1300
End of epoch 13 / 20 	 Time Taken: 39 sec
learning rate = 0.0001000
(epoch: 14, iters: 100, time: 0.379, data: 0.011) G_GAN: 0.458 D_real: 0.260 D_fake: 0.312 G: 2.588 NCE: 1.972 SB: 0.009 NCE_Y: 2.269 
saving the model at the end of epoch 14, iters 1400
End of epoch 14 / 20 	 Time Taken: 40 sec
learning rate = 0.0001000
(epoch: 15, iters: 100, time: 0.460, data: 0.011) G_GAN: 0.502 D_real: 0.398 D_fake: 0.177 G: 2.284 NCE: 1.884 SB: 0.034 NCE_Y: 1.610 
saving the model at the end of epoch 15, iters 1500
End of epoch 15 / 20 	 Time Taken: 61 sec
learning rate = 0.0001000
(epoch: 16, iters: 100, time: 0.570, data: 0.011) G_GAN: 0.492 D_real: 0.190 D_fake: 0.303 G: 2.524 NCE: 2.070 SB: 0.004 NCE_Y: 1.985 
saving the model at the end of epoch 16, iters 1600
End of epoch 16 / 20 	 Time Taken: 78 sec
learning rate = 0.0001000
(epoch: 17, iters: 100, time: 0.611, data: 0.011) G_GAN: 0.521 D_real: 0.318 D_fake: 0.122 G: 2.457 NCE: 1.918 SB: -0.003 NCE_Y: 1.960 
saving the model at the end of epoch 17, iters 1700
End of epoch 17 / 20 	 Time Taken: 72 sec
learning rate = 0.0001000
(epoch: 18, iters: 100, time: 0.648, data: 0.011) G_GAN: 0.360 D_real: 0.144 D_fake: 0.193 G: 1.616 NCE: 1.313 SB: -0.025 NCE_Y: 1.247 
saving the model at the end of epoch 18, iters 1800
End of epoch 18 / 20 	 Time Taken: 75 sec
learning rate = 0.0001000
(epoch: 19, iters: 100, time: 0.669, data: 0.011) G_GAN: 0.419 D_real: 0.121 D_fake: 0.356 G: 2.177 NCE: 1.678 SB: 0.021 NCE_Y: 1.796 
saving the model at the end of epoch 19, iters 1900
End of epoch 19 / 20 	 Time Taken: 73 sec
learning rate = 0.0001000
(epoch: 20, iters: 100, time: 0.702, data: 0.011) G_GAN: 0.437 D_real: 0.257 D_fake: 0.239 G: 2.105 NCE: 1.778 SB: 0.010 NCE_Y: 1.539 
saving the model at the end of epoch 20, iters 2000
End of epoch 20 / 20 	 Time Taken: 78 sec
learning rate = 0.0000000
