----------------- Options ---------------
               batch_size: 1                             
                    beta1: 0.5                           
                    beta2: 0.999                         
          checkpoints_dir: /home/yc/UNSB_PASSION/motivation_baseline_restart/checkpoints	[default: ./checkpoints]
           continue_train: False                         
                crop_size: 128                           	[default: 256]
                 dataroot: /home/yc/UNSB_PASSION/motivation_baseline_restart/datasets/single/RainCityscapes	[default: placeholder]
             dataset_mode: unaligned                     
                direction: AtoB                          
              display_env: main                          
             display_freq: 1000000                       	[default: 400]
               display_id: -1                            	[default: None]
            display_ncols: 4                             
             display_port: 8097                          
           display_server: http://localhost              
          display_winsize: 256                           
               easy_label: experiment_name               
            embedding_dim: 512                           
           embedding_type: positional                    
                    epoch: latest                        
              epoch_count: 1                             
          evaluation_freq: 5000                          
        flip_equivariance: False                         
                 gan_mode: lsgan                         
                  gpu_ids: 0                             
                     hnek: False                         
                init_gain: 0.02                          
                init_type: xavier                        
                 input_nc: 3                             
                  isTrain: True                          	[default: None]
               lambda_GAN: 1.0                           
               lambda_NCE: 1.0                           
                lambda_SB: 1.0                           	[default: 0.1]
                     lmda: 0.1                           
                load_size: 128                           	[default: 286]
                       lr: 0.0001                        	[default: 0.0002]
           lr_decay_iters: 50                            
                lr_policy: linear                        
         max_dataset_size: inf                           
                     mode: sb                            
                    model: sb                            
                 n_epochs: 20                            	[default: 200]
           n_epochs_decay: 0                             	[default: 200]
               n_layers_D: 3                             
                    n_mlp: 3                             
                     name: single_RainCityscapes_s2027   	[default: experiment_name]
                    nce_T: 0.07                          
                  nce_idt: True                          
nce_includes_all_negatives_from_minibatch: False                         
               nce_layers: 0,4,8,12,16                   
                      ndf: 64                            
                     netD: basic_cond                    
                     netE: basic_cond                    
                     netF: mlp_sample                    
                  netF_nc: 256                           
                     netG: resnet_9blocks_cond           
                      ngf: 64                            
             no_antialias: False                         
          no_antialias_up: False                         
               no_dropout: True                          
                  no_flip: True                          	[default: False]
                  no_html: True                          	[default: False]
                    normD: instance                      
                    normG: instance                      
              num_patches: 256                           
              num_threads: 0                             	[default: 4]
            num_timesteps: 5                             
                output_nc: 3                             
                    phase: train                         
                pool_size: 0                             
               preprocess: resize_and_crop               
          pretrained_name: None                          
               print_freq: 100                           
         random_scale_max: 3.0                           
             save_by_iter: False                         
          save_epoch_freq: 1                             	[default: 5]
         save_latest_freq: 1000000                       	[default: 5000]
                     seed: 2027                          	[default: 2026]
           serial_batches: False                         
                      std: 0.25                          
                style_dim: 512                           
stylegan2_G_num_downsampling: 1                             
                   suffix:                               
                      tau: 0.01                          
         update_html_freq: 1000                          
                  verbose: False                         
----------------- End -------------------
dataset [UnalignedDataset] was created
dataset [UnalignedDataset] was created
model [SBModel] was created
The number of training images = 100
/home/yc/unsb_tired/refactor/baseline/models/networks.py:579: UserWarning: To copy construct from a tensor, it is recommended to use sourceTensor.clone().detach() or sourceTensor.clone().detach().requires_grad_(True), rather than torch.tensor(sourceTensor).
  patch_id = torch.tensor(patch_id, dtype=torch.long, device=feat.device)
---------- Networks initialized -------------
[Network G] Total number of parameters : 14.684 M
[Network F] Total number of parameters : 0.560 M
[Network D] Total number of parameters : 3.143 M
[Network E] Total number of parameters : 3.152 M
-----------------------------------------------
(epoch: 1, iters: 100, time: 0.212, data: 0.013) G_GAN: 0.750 D_real: 0.188 D_fake: 0.033 G: 5.848 NCE: 4.455 SB: 0.032 NCE_Y: 5.677 
saving the model at the end of epoch 1, iters 100
End of epoch 1 / 20 	 Time Taken: 40 sec
learning rate = 0.0001000
(epoch: 2, iters: 100, time: 0.280, data: 0.011) G_GAN: 1.031 D_real: 0.122 D_fake: 0.145 G: 4.947 NCE: 4.239 SB: 0.010 NCE_Y: 3.573 
saving the model at the end of epoch 2, iters 200
End of epoch 2 / 20 	 Time Taken: 40 sec
learning rate = 0.0001000
(epoch: 3, iters: 100, time: 0.311, data: 0.032) G_GAN: 0.364 D_real: 0.080 D_fake: 0.212 G: 3.950 NCE: 3.612 SB: 0.010 NCE_Y: 3.542 
saving the model at the end of epoch 3, iters 300
End of epoch 3 / 20 	 Time Taken: 37 sec
learning rate = 0.0001000
(epoch: 4, iters: 100, time: 0.332, data: 0.014) G_GAN: 0.398 D_real: 0.241 D_fake: 0.126 G: 3.469 NCE: 3.199 SB: 0.018 NCE_Y: 2.908 
saving the model at the end of epoch 4, iters 400
End of epoch 4 / 20 	 Time Taken: 38 sec
learning rate = 0.0001000
(epoch: 5, iters: 100, time: 0.356, data: 0.012) G_GAN: 0.388 D_real: 0.125 D_fake: 0.348 G: 3.554 NCE: 3.252 SB: 0.004 NCE_Y: 3.071 
saving the model at the end of epoch 5, iters 500
End of epoch 5 / 20 	 Time Taken: 41 sec
learning rate = 0.0001000
(epoch: 6, iters: 100, time: 0.361, data: 0.011) G_GAN: 0.325 D_real: 0.133 D_fake: 0.246 G: 3.253 NCE: 2.891 SB: 0.018 NCE_Y: 2.929 
saving the model at the end of epoch 6, iters 600
End of epoch 6 / 20 	 Time Taken: 38 sec
learning rate = 0.0001000
(epoch: 7, iters: 100, time: 0.371, data: 0.011) G_GAN: 0.621 D_real: 0.018 D_fake: 0.246 G: 3.096 NCE: 2.565 SB: 0.012 NCE_Y: 2.361 
saving the model at the end of epoch 7, iters 700
End of epoch 7 / 20 	 Time Taken: 40 sec
learning rate = 0.0001000
(epoch: 8, iters: 100, time: 0.381, data: 0.011) G_GAN: 0.487 D_real: 0.024 D_fake: 0.356 G: 3.349 NCE: 2.682 SB: 0.009 NCE_Y: 3.023 
saving the model at the end of epoch 8, iters 800
End of epoch 8 / 20 	 Time Taken: 41 sec
learning rate = 0.0001000
(epoch: 9, iters: 100, time: 0.380, data: 0.011) G_GAN: 0.431 D_real: 0.351 D_fake: 0.114 G: 3.522 NCE: 3.261 SB: 0.004 NCE_Y: 2.911 
saving the model at the end of epoch 9, iters 900
End of epoch 9 / 20 	 Time Taken: 39 sec
learning rate = 0.0001000
(epoch: 10, iters: 100, time: 0.380, data: 0.011) G_GAN: 0.588 D_real: 0.088 D_fake: 0.117 G: 2.682 NCE: 2.138 SB: 0.021 NCE_Y: 2.009 
saving the model at the end of epoch 10, iters 1000
End of epoch 10 / 20 	 Time Taken: 40 sec
learning rate = 0.0001000
(epoch: 11, iters: 100, time: 0.376, data: 0.011) G_GAN: 0.348 D_real: 0.076 D_fake: 0.349 G: 2.573 NCE: 2.379 SB: 0.020 NCE_Y: 2.031 
saving the model at the end of epoch 11, iters 1100
End of epoch 11 / 20 	 Time Taken: 39 sec
learning rate = 0.0001000
(epoch: 12, iters: 100, time: 0.375, data: 0.012) G_GAN: 0.324 D_real: 0.243 D_fake: 0.232 G: 2.249 NCE: 1.941 SB: 0.031 NCE_Y: 1.846 
saving the model at the end of epoch 12, iters 1200
End of epoch 12 / 20 	 Time Taken: 39 sec
learning rate = 0.0001000
(epoch: 13, iters: 100, time: 0.376, data: 0.011) G_GAN: 0.468 D_real: 0.274 D_fake: 0.126 G: 2.550 NCE: 2.349 SB: 0.027 NCE_Y: 1.763 
saving the model at the end of epoch 13, iters 1300
End of epoch 13 / 20 	 Time Taken: 39 sec
learning rate = 0.0001000
(epoch: 14, iters: 100, time: 0.377, data: 0.031) G_GAN: 0.254 D_real: 0.411 D_fake: 0.228 G: 2.012 NCE: 1.818 SB: 0.008 NCE_Y: 1.681 
saving the model at the end of epoch 14, iters 1400
End of epoch 14 / 20 	 Time Taken: 40 sec
learning rate = 0.0001000
(epoch: 15, iters: 100, time: 0.381, data: 0.011) G_GAN: 0.339 D_real: 0.217 D_fake: 0.335 G: 2.360 NCE: 2.003 SB: 0.012 NCE_Y: 2.013 
saving the model at the end of epoch 15, iters 1500
End of epoch 15 / 20 	 Time Taken: 40 sec
learning rate = 0.0001000
(epoch: 16, iters: 100, time: 0.376, data: 0.011) G_GAN: 0.686 D_real: 0.067 D_fake: 0.224 G: 2.656 NCE: 2.041 SB: 0.053 NCE_Y: 1.792 
saving the model at the end of epoch 16, iters 1600
End of epoch 16 / 20 	 Time Taken: 39 sec
learning rate = 0.0001000
(epoch: 17, iters: 100, time: 0.377, data: 0.014) G_GAN: 0.588 D_real: 0.293 D_fake: 0.063 G: 2.239 NCE: 1.811 SB: 0.008 NCE_Y: 1.476 
saving the model at the end of epoch 17, iters 1700
End of epoch 17 / 20 	 Time Taken: 40 sec
learning rate = 0.0001000
(epoch: 18, iters: 100, time: 0.377, data: 0.011) G_GAN: 0.545 D_real: 0.173 D_fake: 0.298 G: 2.700 NCE: 2.405 SB: 0.021 NCE_Y: 1.862 
saving the model at the end of epoch 18, iters 1800
End of epoch 18 / 20 	 Time Taken: 40 sec
learning rate = 0.0001000
(epoch: 19, iters: 100, time: 0.383, data: 0.012) G_GAN: 0.498 D_real: 0.239 D_fake: 0.154 G: 2.201 NCE: 1.752 SB: 0.025 NCE_Y: 1.604 
saving the model at the end of epoch 19, iters 1900
End of epoch 19 / 20 	 Time Taken: 41 sec
learning rate = 0.0001000
(epoch: 20, iters: 100, time: 0.386, data: 0.011) G_GAN: 0.280 D_real: 0.353 D_fake: 0.299 G: 2.818 NCE: 2.807 SB: 0.003 NCE_Y: 2.263 
saving the model at the end of epoch 20, iters 2000
End of epoch 20 / 20 	 Time Taken: 40 sec
learning rate = 0.0000000
