/home/yc/unsb_tired/refactor/baseline/models/networks.py:579: UserWarning: To copy construct from a tensor, it is recommended to use sourceTensor.clone().detach() or sourceTensor.clone().detach().requires_grad_(True), rather than torch.tensor(sourceTensor).
  patch_id = torch.tensor(patch_id, dtype=torch.long, device=feat.device)
----------------- Options ---------------
               batch_size: 1                             
                    beta1: 0.5                           
                    beta2: 0.999                         
          checkpoints_dir: /home/yc/UNSB_PASSION/motivation_baseline_restart/checkpoints	[default: ./checkpoints]
           continue_train: False                         
                crop_size: 128                           	[default: 256]
                 dataroot: /home/yc/UNSB_PASSION/motivation_baseline_restart/datasets/single/RSCityscapes	[default: placeholder]
             dataset_mode: unaligned                     
                direction: AtoB                          
              display_env: main                          
             display_freq: 1000000                       	[default: 400]
               display_id: -1                            	[default: None]
            display_ncols: 4                             
             display_port: 8097                          
           display_server: http://localhost              
          display_winsize: 256                           
               easy_label: experiment_name               
            embedding_dim: 512                           
           embedding_type: positional                    
                    epoch: latest                        
              epoch_count: 1                             
          evaluation_freq: 5000                          
        flip_equivariance: False                         
                 gan_mode: lsgan                         
                  gpu_ids: 0                             
                     hnek: False                         
                init_gain: 0.02                          
                init_type: xavier                        
                 input_nc: 3                             
                  isTrain: True                          	[default: None]
               lambda_GAN: 1.0                           
               lambda_NCE: 1.0                           
                lambda_SB: 1.0                           	[default: 0.1]
                     lmda: 0.1                           
                load_size: 128                           	[default: 286]
                       lr: 0.0001                        	[default: 0.0002]
           lr_decay_iters: 50                            
                lr_policy: linear                        
         max_dataset_size: inf                           
                     mode: sb                            
                    model: sb                            
                 n_epochs: 20                            	[default: 200]
           n_epochs_decay: 0                             	[default: 200]
               n_layers_D: 3                             
                    n_mlp: 3                             
                     name: single_RSCityscapes_s2030     	[default: experiment_name]
                    nce_T: 0.07                          
                  nce_idt: True                          
nce_includes_all_negatives_from_minibatch: False                         
               nce_layers: 0,4,8,12,16                   
                      ndf: 64                            
                     netD: basic_cond                    
                     netE: basic_cond                    
                     netF: mlp_sample                    
                  netF_nc: 256                           
                     netG: resnet_9blocks_cond           
                      ngf: 64                            
             no_antialias: False                         
          no_antialias_up: False                         
               no_dropout: True                          
                  no_flip: True                          	[default: False]
                  no_html: True                          	[default: False]
                    normD: instance                      
                    normG: instance                      
              num_patches: 256                           
              num_threads: 0                             	[default: 4]
            num_timesteps: 5                             
                output_nc: 3                             
                    phase: train                         
                pool_size: 0                             
               preprocess: resize_and_crop               
          pretrained_name: None                          
               print_freq: 100                           
         random_scale_max: 3.0                           
             save_by_iter: False                         
          save_epoch_freq: 1                             	[default: 5]
         save_latest_freq: 1000000                       	[default: 5000]
                     seed: 2030                          	[default: 2026]
           serial_batches: False                         
                      std: 0.25                          
                style_dim: 512                           
stylegan2_G_num_downsampling: 1                             
                   suffix:                               
                      tau: 0.01                          
         update_html_freq: 1000                          
                  verbose: False                         
----------------- End -------------------
dataset [UnalignedDataset] was created
dataset [UnalignedDataset] was created
model [SBModel] was created
The number of training images = 100
---------- Networks initialized -------------
[Network G] Total number of parameters : 14.684 M
[Network F] Total number of parameters : 0.560 M
[Network D] Total number of parameters : 3.143 M
[Network E] Total number of parameters : 3.152 M
-----------------------------------------------
(epoch: 1, iters: 100, time: 0.382, data: 0.014) G_GAN: 0.571 D_real: 0.234 D_fake: 0.052 G: 4.504 NCE: 3.891 SB: 0.043 NCE_Y: 3.889 
saving the model at the end of epoch 1, iters 100
End of epoch 1 / 20 	 Time Taken: 86 sec
learning rate = 0.0001000
(epoch: 2, iters: 100, time: 0.521, data: 0.012) G_GAN: 0.513 D_real: 0.085 D_fake: 0.129 G: 4.017 NCE: 3.719 SB: 0.031 NCE_Y: 3.226 
saving the model at the end of epoch 2, iters 200
End of epoch 2 / 20 	 Time Taken: 76 sec
learning rate = 0.0001000
(epoch: 3, iters: 100, time: 0.627, data: 0.011) G_GAN: 0.404 D_real: 0.216 D_fake: 0.174 G: 3.444 NCE: 3.023 SB: 0.021 NCE_Y: 3.015 
saving the model at the end of epoch 3, iters 300
End of epoch 3 / 20 	 Time Taken: 84 sec
learning rate = 0.0001000
(epoch: 4, iters: 100, time: 0.708, data: 0.011) G_GAN: 0.557 D_real: 0.124 D_fake: 0.105 G: 3.890 NCE: 3.631 SB: 0.005 NCE_Y: 3.026 
saving the model at the end of epoch 4, iters 400
End of epoch 4 / 20 	 Time Taken: 89 sec
learning rate = 0.0001000
(epoch: 5, iters: 100, time: 0.736, data: 0.011) G_GAN: 0.480 D_real: 0.039 D_fake: 0.287 G: 2.894 NCE: 2.383 SB: 0.048 NCE_Y: 2.351 
saving the model at the end of epoch 5, iters 500
End of epoch 5 / 20 	 Time Taken: 83 sec
learning rate = 0.0001000
(epoch: 6, iters: 100, time: 0.798, data: 0.012) G_GAN: 0.459 D_real: 0.461 D_fake: 0.073 G: 3.152 NCE: 3.039 SB: 0.010 NCE_Y: 2.325 
saving the model at the end of epoch 6, iters 600
End of epoch 6 / 20 	 Time Taken: 96 sec
learning rate = 0.0001000
(epoch: 7, iters: 100, time: 0.824, data: 0.012) G_GAN: 0.414 D_real: 0.314 D_fake: 0.121 G: 2.824 NCE: 2.527 SB: 0.009 NCE_Y: 2.276 
saving the model at the end of epoch 7, iters 700
End of epoch 7 / 20 	 Time Taken: 93 sec
learning rate = 0.0001000
(epoch: 8, iters: 100, time: 0.849, data: 0.017) G_GAN: 0.489 D_real: 0.173 D_fake: 0.154 G: 2.647 NCE: 2.062 SB: 0.024 NCE_Y: 2.207 
saving the model at the end of epoch 8, iters 800
End of epoch 8 / 20 	 Time Taken: 92 sec
learning rate = 0.0001000
(epoch: 9, iters: 100, time: 0.844, data: 0.012) G_GAN: 0.424 D_real: 0.290 D_fake: 0.100 G: 2.310 NCE: 1.825 SB: 0.061 NCE_Y: 1.825 
saving the model at the end of epoch 9, iters 900
End of epoch 9 / 20 	 Time Taken: 91 sec
learning rate = 0.0001000
(epoch: 10, iters: 100, time: 0.858, data: 0.236) G_GAN: 0.621 D_real: 0.162 D_fake: 0.096 G: 2.665 NCE: 2.106 SB: 0.012 NCE_Y: 1.956 
saving the model at the end of epoch 10, iters 1000
End of epoch 10 / 20 	 Time Taken: 93 sec
learning rate = 0.0001000
(epoch: 11, iters: 100, time: 0.857, data: 0.381) G_GAN: 0.392 D_real: 0.019 D_fake: 0.528 G: 2.609 NCE: 2.201 SB: 0.006 NCE_Y: 2.220 
saving the model at the end of epoch 11, iters 1100
End of epoch 11 / 20 	 Time Taken: 89 sec
learning rate = 0.0001000
(epoch: 12, iters: 100, time: 0.857, data: 0.794) G_GAN: 0.271 D_real: 0.238 D_fake: 0.306 G: 2.333 NCE: 2.074 SB: 0.001 NCE_Y: 2.047 
saving the model at the end of epoch 12, iters 1200
End of epoch 12 / 20 	 Time Taken: 94 sec
learning rate = 0.0001000
(epoch: 13, iters: 100, time: 0.856, data: 0.530) G_GAN: 0.488 D_real: 0.135 D_fake: 0.243 G: 2.564 NCE: 2.234 SB: 0.000 NCE_Y: 1.917 
saving the model at the end of epoch 13, iters 1300
End of epoch 13 / 20 	 Time Taken: 91 sec
learning rate = 0.0001000
(epoch: 14, iters: 100, time: 0.869, data: 0.011) G_GAN: 0.599 D_real: 0.134 D_fake: 0.360 G: 2.728 NCE: 2.155 SB: 0.049 NCE_Y: 2.004 
saving the model at the end of epoch 14, iters 1400
End of epoch 14 / 20 	 Time Taken: 94 sec
learning rate = 0.0001000
(epoch: 15, iters: 100, time: 0.842, data: 0.012) G_GAN: 0.407 D_real: 0.143 D_fake: 0.289 G: 2.147 NCE: 1.759 SB: 0.017 NCE_Y: 1.686 
saving the model at the end of epoch 15, iters 1500
End of epoch 15 / 20 	 Time Taken: 88 sec
learning rate = 0.0001000
(epoch: 16, iters: 100, time: 0.857, data: 0.235) G_GAN: 0.507 D_real: 0.209 D_fake: 0.237 G: 2.273 NCE: 1.822 SB: -0.015 NCE_Y: 1.740 
saving the model at the end of epoch 16, iters 1600
End of epoch 16 / 20 	 Time Taken: 93 sec
learning rate = 0.0001000
(epoch: 17, iters: 100, time: 0.860, data: 0.012) G_GAN: 0.340 D_real: 0.224 D_fake: 0.341 G: 2.462 NCE: 1.943 SB: 0.011 NCE_Y: 2.280 
saving the model at the end of epoch 17, iters 1700
End of epoch 17 / 20 	 Time Taken: 92 sec
learning rate = 0.0001000
(epoch: 18, iters: 100, time: 0.843, data: 0.012) G_GAN: 0.529 D_real: 0.164 D_fake: 0.178 G: 2.760 NCE: 2.328 SB: 0.011 NCE_Y: 2.113 
saving the model at the end of epoch 18, iters 1800
End of epoch 18 / 20 	 Time Taken: 90 sec
learning rate = 0.0001000
(epoch: 19, iters: 100, time: 0.869, data: 0.012) G_GAN: 0.488 D_real: 0.137 D_fake: 0.084 G: 2.325 NCE: 1.952 SB: 0.016 NCE_Y: 1.690 
saving the model at the end of epoch 19, iters 1900
End of epoch 19 / 20 	 Time Taken: 97 sec
learning rate = 0.0001000
(epoch: 20, iters: 100, time: 0.879, data: 0.013) G_GAN: 0.574 D_real: 0.166 D_fake: 0.062 G: 2.747 NCE: 2.223 SB: 0.013 NCE_Y: 2.097 
saving the model at the end of epoch 20, iters 2000
End of epoch 20 / 20 	 Time Taken: 97 sec
learning rate = 0.0000000
