/home/yc/unsb_tired/refactor/baseline/models/networks.py:579: UserWarning: To copy construct from a tensor, it is recommended to use sourceTensor.clone().detach() or sourceTensor.clone().detach().requires_grad_(True), rather than torch.tensor(sourceTensor).
  patch_id = torch.tensor(patch_id, dtype=torch.long, device=feat.device)
----------------- Options ---------------
               batch_size: 1                             
                    beta1: 0.5                           
                    beta2: 0.999                         
          checkpoints_dir: /home/yc/UNSB_PASSION/motivation_baseline_restart/checkpoints	[default: ./checkpoints]
           continue_train: False                         
                crop_size: 128                           	[default: 256]
                 dataroot: /home/yc/UNSB_PASSION/motivation_baseline_restart/datasets/single/RainCityscapes	[default: placeholder]
             dataset_mode: unaligned                     
                direction: AtoB                          
              display_env: main                          
             display_freq: 1000000                       	[default: 400]
               display_id: -1                            	[default: None]
            display_ncols: 4                             
             display_port: 8097                          
           display_server: http://localhost              
          display_winsize: 256                           
               easy_label: experiment_name               
            embedding_dim: 512                           
           embedding_type: positional                    
                    epoch: latest                        
              epoch_count: 1                             
          evaluation_freq: 5000                          
        flip_equivariance: False                         
                 gan_mode: lsgan                         
                  gpu_ids: 0                             
                     hnek: False                         
                init_gain: 0.02                          
                init_type: xavier                        
                 input_nc: 3                             
                  isTrain: True                          	[default: None]
               lambda_GAN: 1.0                           
               lambda_NCE: 1.0                           
                lambda_SB: 1.0                           	[default: 0.1]
                     lmda: 0.1                           
                load_size: 128                           	[default: 286]
                       lr: 0.0001                        	[default: 0.0002]
           lr_decay_iters: 50                            
                lr_policy: linear                        
         max_dataset_size: inf                           
                     mode: sb                            
                    model: sb                            
                 n_epochs: 20                            	[default: 200]
           n_epochs_decay: 0                             	[default: 200]
               n_layers_D: 3                             
                    n_mlp: 3                             
                     name: single_RainCityscapes_s2030   	[default: experiment_name]
                    nce_T: 0.07                          
                  nce_idt: True                          
nce_includes_all_negatives_from_minibatch: False                         
               nce_layers: 0,4,8,12,16                   
                      ndf: 64                            
                     netD: basic_cond                    
                     netE: basic_cond                    
                     netF: mlp_sample                    
                  netF_nc: 256                           
                     netG: resnet_9blocks_cond           
                      ngf: 64                            
             no_antialias: False                         
          no_antialias_up: False                         
               no_dropout: True                          
                  no_flip: True                          	[default: False]
                  no_html: True                          	[default: False]
                    normD: instance                      
                    normG: instance                      
              num_patches: 256                           
              num_threads: 0                             	[default: 4]
            num_timesteps: 5                             
                output_nc: 3                             
                    phase: train                         
                pool_size: 0                             
               preprocess: resize_and_crop               
          pretrained_name: None                          
               print_freq: 100                           
         random_scale_max: 3.0                           
             save_by_iter: False                         
          save_epoch_freq: 1                             	[default: 5]
         save_latest_freq: 1000000                       	[default: 5000]
                     seed: 2030                          	[default: 2026]
           serial_batches: False                         
                      std: 0.25                          
                style_dim: 512                           
stylegan2_G_num_downsampling: 1                             
                   suffix:                               
                      tau: 0.01                          
         update_html_freq: 1000                          
                  verbose: False                         
----------------- End -------------------
dataset [UnalignedDataset] was created
dataset [UnalignedDataset] was created
model [SBModel] was created
The number of training images = 100
---------- Networks initialized -------------
[Network G] Total number of parameters : 14.684 M
[Network F] Total number of parameters : 0.560 M
[Network D] Total number of parameters : 3.143 M
[Network E] Total number of parameters : 3.152 M
-----------------------------------------------
(epoch: 1, iters: 100, time: 0.408, data: 0.722) G_GAN: 0.659 D_real: 0.069 D_fake: 0.092 G: 4.731 NCE: 3.904 SB: 0.042 NCE_Y: 4.156 
saving the model at the end of epoch 1, iters 100
End of epoch 1 / 20 	 Time Taken: 92 sec
learning rate = 0.0001000
(epoch: 2, iters: 100, time: 0.603, data: 0.955) G_GAN: 0.506 D_real: 0.092 D_fake: 0.336 G: 3.992 NCE: 3.308 SB: 0.029 NCE_Y: 3.604 
saving the model at the end of epoch 2, iters 200
End of epoch 2 / 20 	 Time Taken: 99 sec
learning rate = 0.0001000
(epoch: 3, iters: 100, time: 0.702, data: 0.864) G_GAN: 0.558 D_real: 0.266 D_fake: 0.124 G: 3.756 NCE: 3.282 SB: 0.022 NCE_Y: 3.069 
saving the model at the end of epoch 3, iters 300
End of epoch 3 / 20 	 Time Taken: 90 sec
learning rate = 0.0001000
(epoch: 4, iters: 100, time: 0.748, data: 0.016) G_GAN: 0.423 D_real: 0.244 D_fake: 0.242 G: 3.463 NCE: 3.315 SB: 0.010 NCE_Y: 2.745 
saving the model at the end of epoch 4, iters 400
End of epoch 4 / 20 	 Time Taken: 90 sec
learning rate = 0.0001000
(epoch: 5, iters: 100, time: 0.765, data: 0.012) G_GAN: 0.334 D_real: 0.220 D_fake: 0.084 G: 2.644 NCE: 2.374 SB: 0.039 NCE_Y: 2.169 
saving the model at the end of epoch 5, iters 500
End of epoch 5 / 20 	 Time Taken: 82 sec
learning rate = 0.0001000
(epoch: 6, iters: 100, time: 0.789, data: 0.464) G_GAN: 0.488 D_real: 0.454 D_fake: 0.059 G: 3.460 NCE: 3.167 SB: 0.007 NCE_Y: 2.765 
saving the model at the end of epoch 6, iters 600
End of epoch 6 / 20 	 Time Taken: 86 sec
learning rate = 0.0001000
(epoch: 7, iters: 100, time: 0.766, data: 0.012) G_GAN: 0.499 D_real: 0.080 D_fake: 0.419 G: 2.738 NCE: 2.399 SB: 0.023 NCE_Y: 2.035 
saving the model at the end of epoch 7, iters 700
End of epoch 7 / 20 	 Time Taken: 78 sec
learning rate = 0.0001000
(epoch: 8, iters: 100, time: 0.749, data: 0.011) G_GAN: 0.479 D_real: 0.150 D_fake: 0.163 G: 2.981 NCE: 2.775 SB: 0.017 NCE_Y: 2.195 
saving the model at the end of epoch 8, iters 800
End of epoch 8 / 20 	 Time Taken: 79 sec
learning rate = 0.0001000
(epoch: 9, iters: 100, time: 0.785, data: 0.014) G_GAN: 0.587 D_real: 0.127 D_fake: 0.093 G: 2.659 NCE: 2.062 SB: 0.025 NCE_Y: 2.030 
saving the model at the end of epoch 9, iters 900
End of epoch 9 / 20 	 Time Taken: 90 sec
learning rate = 0.0001000
(epoch: 10, iters: 100, time: 0.823, data: 0.011) G_GAN: 0.222 D_real: 0.587 D_fake: 0.239 G: 2.796 NCE: 2.709 SB: 0.005 NCE_Y: 2.431 
saving the model at the end of epoch 10, iters 1000
End of epoch 10 / 20 	 Time Taken: 94 sec
learning rate = 0.0001000
(epoch: 11, iters: 100, time: 0.829, data: 0.012) G_GAN: 0.300 D_real: 0.204 D_fake: 0.294 G: 2.344 NCE: 2.070 SB: 0.008 NCE_Y: 2.002 
saving the model at the end of epoch 11, iters 1100
End of epoch 11 / 20 	 Time Taken: 91 sec
learning rate = 0.0001000
(epoch: 12, iters: 100, time: 0.838, data: 0.030) G_GAN: 0.359 D_real: 0.381 D_fake: 0.223 G: 2.810 NCE: 2.496 SB: 0.013 NCE_Y: 2.379 
saving the model at the end of epoch 12, iters 1200
End of epoch 12 / 20 	 Time Taken: 91 sec
learning rate = 0.0001000
(epoch: 13, iters: 100, time: 0.847, data: 0.101) G_GAN: 0.396 D_real: 0.234 D_fake: 0.218 G: 2.562 NCE: 2.062 SB: 0.002 NCE_Y: 2.266 
saving the model at the end of epoch 13, iters 1300
End of epoch 13 / 20 	 Time Taken: 90 sec
learning rate = 0.0001000
(epoch: 14, iters: 100, time: 0.863, data: 0.140) G_GAN: 0.506 D_real: 0.229 D_fake: 0.109 G: 2.484 NCE: 2.021 SB: 0.004 NCE_Y: 1.927 
saving the model at the end of epoch 14, iters 1400
End of epoch 14 / 20 	 Time Taken: 96 sec
learning rate = 0.0001000
(epoch: 15, iters: 100, time: 0.854, data: 0.850) G_GAN: 0.316 D_real: 0.366 D_fake: 0.177 G: 2.163 NCE: 1.721 SB: 0.021 NCE_Y: 1.933 
saving the model at the end of epoch 15, iters 1500
End of epoch 15 / 20 	 Time Taken: 89 sec
learning rate = 0.0001000
(epoch: 16, iters: 100, time: 0.869, data: 0.012) G_GAN: 0.442 D_real: 0.343 D_fake: 0.119 G: 2.386 NCE: 1.907 SB: 0.010 NCE_Y: 1.962 
saving the model at the end of epoch 16, iters 1600
End of epoch 16 / 20 	 Time Taken: 95 sec
learning rate = 0.0001000
(epoch: 17, iters: 100, time: 0.872, data: 0.012) G_GAN: 0.430 D_real: 0.141 D_fake: 0.255 G: 2.549 NCE: 2.346 SB: -0.001 NCE_Y: 1.893 
saving the model at the end of epoch 17, iters 1700
End of epoch 17 / 20 	 Time Taken: 91 sec
learning rate = 0.0001000
(epoch: 18, iters: 100, time: 0.851, data: 0.012) G_GAN: 0.477 D_real: 0.183 D_fake: 0.335 G: 2.663 NCE: 2.213 SB: 0.011 NCE_Y: 2.137 
saving the model at the end of epoch 18, iters 1800
End of epoch 18 / 20 	 Time Taken: 88 sec
learning rate = 0.0001000
(epoch: 19, iters: 100, time: 0.868, data: 0.140) G_GAN: 0.323 D_real: 0.063 D_fake: 0.499 G: 2.294 NCE: 2.058 SB: 0.060 NCE_Y: 1.764 
saving the model at the end of epoch 19, iters 1900
End of epoch 19 / 20 	 Time Taken: 96 sec
learning rate = 0.0001000
(epoch: 20, iters: 100, time: 0.877, data: 0.012) G_GAN: 0.334 D_real: 0.357 D_fake: 0.116 G: 2.558 NCE: 2.636 SB: 0.007 NCE_Y: 1.799 
saving the model at the end of epoch 20, iters 2000
End of epoch 20 / 20 	 Time Taken: 95 sec
learning rate = 0.0000000
