----------------- Options ---------------
               batch_size: 1                             
                    beta1: 0.5                           
                    beta2: 0.999                         
          checkpoints_dir: /home/yc/UNSB_PASSION/motivation_baseline_restart/checkpoints	[default: ./checkpoints]
           continue_train: False                         
                crop_size: 128                           	[default: 256]
                 dataroot: /home/yc/UNSB_PASSION/motivation_baseline_restart/datasets/single/RSCityscapes	[default: placeholder]
             dataset_mode: unaligned                     
                direction: AtoB                          
              display_env: main                          
             display_freq: 1000000                       	[default: 400]
               display_id: -1                            	[default: None]
            display_ncols: 4                             
             display_port: 8097                          
           display_server: http://localhost              
          display_winsize: 256                           
               easy_label: experiment_name               
            embedding_dim: 512                           
           embedding_type: positional                    
                    epoch: latest                        
              epoch_count: 1                             
          evaluation_freq: 5000                          
        flip_equivariance: False                         
                 gan_mode: lsgan                         
                  gpu_ids: 0                             
                     hnek: False                         
                init_gain: 0.02                          
                init_type: xavier                        
                 input_nc: 3                             
                  isTrain: True                          	[default: None]
               lambda_GAN: 1.0                           
               lambda_NCE: 1.0                           
                lambda_SB: 1.0                           	[default: 0.1]
                     lmda: 0.1                           
                load_size: 128                           	[default: 286]
                       lr: 0.0001                        	[default: 0.0002]
           lr_decay_iters: 50                            
                lr_policy: linear                        
         max_dataset_size: inf                           
                     mode: sb                            
                    model: sb                            
                 n_epochs: 20                            	[default: 200]
           n_epochs_decay: 0                             	[default: 200]
               n_layers_D: 3                             
                    n_mlp: 3                             
                     name: single_RSCityscapes_s2028     	[default: experiment_name]
                    nce_T: 0.07                          
                  nce_idt: True                          
nce_includes_all_negatives_from_minibatch: False                         
               nce_layers: 0,4,8,12,16                   
                      ndf: 64                            
                     netD: basic_cond                    
                     netE: basic_cond                    
                     netF: mlp_sample                    
                  netF_nc: 256                           
                     netG: resnet_9blocks_cond           
                      ngf: 64                            
             no_antialias: False                         
          no_antialias_up: False                         
               no_dropout: True                          
                  no_flip: True                          	[default: False]
                  no_html: True                          	[default: False]
                    normD: instance                      
                    normG: instance                      
              num_patches: 256                           
              num_threads: 0                             	[default: 4]
            num_timesteps: 5                             
                output_nc: 3                             
                    phase: train                         
                pool_size: 0                             
               preprocess: resize_and_crop               
          pretrained_name: None                          
               print_freq: 100                           
         random_scale_max: 3.0                           
             save_by_iter: False                         
          save_epoch_freq: 1                             	[default: 5]
         save_latest_freq: 1000000                       	[default: 5000]
                     seed: 2028                          	[default: 2026]
           serial_batches: False                         
                      std: 0.25                          
                style_dim: 512                           
stylegan2_G_num_downsampling: 1                             
                   suffix:                               
                      tau: 0.01                          
         update_html_freq: 1000                          
                  verbose: False                         
----------------- End -------------------
dataset [UnalignedDataset] was created
dataset [UnalignedDataset] was created
model [SBModel] was created
The number of training images = 100
/home/yc/unsb_tired/refactor/baseline/models/networks.py:579: UserWarning: To copy construct from a tensor, it is recommended to use sourceTensor.clone().detach() or sourceTensor.clone().detach().requires_grad_(True), rather than torch.tensor(sourceTensor).
  patch_id = torch.tensor(patch_id, dtype=torch.long, device=feat.device)
---------- Networks initialized -------------
[Network G] Total number of parameters : 14.684 M
[Network F] Total number of parameters : 0.560 M
[Network D] Total number of parameters : 3.143 M
[Network E] Total number of parameters : 3.152 M
-----------------------------------------------
(epoch: 1, iters: 100, time: 0.116, data: 0.013) G_GAN: 0.648 D_real: 0.185 D_fake: 0.066 G: 5.234 NCE: 4.549 SB: 0.021 NCE_Y: 4.581 
saving the model at the end of epoch 1, iters 100
End of epoch 1 / 20 	 Time Taken: 15 sec
learning rate = 0.0001000
(epoch: 2, iters: 100, time: 0.124, data: 0.011) G_GAN: 0.440 D_real: 0.268 D_fake: 0.593 G: 3.804 NCE: 3.160 SB: 0.031 NCE_Y: 3.505 
saving the model at the end of epoch 2, iters 200
End of epoch 2 / 20 	 Time Taken: 15 sec
learning rate = 0.0001000
(epoch: 3, iters: 100, time: 0.129, data: 0.011) G_GAN: 0.416 D_real: 0.103 D_fake: 0.222 G: 4.051 NCE: 3.256 SB: 0.011 NCE_Y: 3.990 
saving the model at the end of epoch 3, iters 300
End of epoch 3 / 20 	 Time Taken: 15 sec
learning rate = 0.0001000
(epoch: 4, iters: 100, time: 0.129, data: 0.011) G_GAN: 0.411 D_real: 0.110 D_fake: 0.283 G: 2.894 NCE: 2.477 SB: 0.028 NCE_Y: 2.433 
saving the model at the end of epoch 4, iters 400
End of epoch 4 / 20 	 Time Taken: 14 sec
learning rate = 0.0001000
(epoch: 5, iters: 100, time: 0.131, data: 0.011) G_GAN: 0.530 D_real: 0.145 D_fake: 0.160 G: 2.991 NCE: 2.589 SB: 0.045 NCE_Y: 2.244 
saving the model at the end of epoch 5, iters 500
End of epoch 5 / 20 	 Time Taken: 14 sec
learning rate = 0.0001000
(epoch: 6, iters: 100, time: 0.134, data: 0.011) G_GAN: 0.293 D_real: 0.275 D_fake: 0.288 G: 2.778 NCE: 2.530 SB: 0.027 NCE_Y: 2.386 
saving the model at the end of epoch 6, iters 600
End of epoch 6 / 20 	 Time Taken: 15 sec
learning rate = 0.0001000
(epoch: 7, iters: 100, time: 0.135, data: 0.011) G_GAN: 0.439 D_real: 0.286 D_fake: 0.210 G: 2.606 NCE: 2.067 SB: 0.035 NCE_Y: 2.196 
saving the model at the end of epoch 7, iters 700
End of epoch 7 / 20 	 Time Taken: 15 sec
learning rate = 0.0001000
(epoch: 8, iters: 100, time: 0.137, data: 0.011) G_GAN: 0.434 D_real: 0.250 D_fake: 0.180 G: 2.508 NCE: 2.252 SB: 0.011 NCE_Y: 1.873 
saving the model at the end of epoch 8, iters 800
End of epoch 8 / 20 	 Time Taken: 15 sec
learning rate = 0.0001000
(epoch: 9, iters: 100, time: 0.138, data: 0.011) G_GAN: 0.495 D_real: 0.457 D_fake: 0.075 G: 2.359 NCE: 1.818 SB: 0.021 NCE_Y: 1.869 
saving the model at the end of epoch 9, iters 900
End of epoch 9 / 20 	 Time Taken: 15 sec
learning rate = 0.0001000
(epoch: 10, iters: 100, time: 0.138, data: 0.011) G_GAN: 0.351 D_real: 0.256 D_fake: 0.132 G: 2.234 NCE: 2.069 SB: 0.004 NCE_Y: 1.690 
saving the model at the end of epoch 10, iters 1000
End of epoch 10 / 20 	 Time Taken: 15 sec
learning rate = 0.0001000
(epoch: 11, iters: 100, time: 0.138, data: 0.011) G_GAN: 0.508 D_real: 0.412 D_fake: 0.139 G: 2.537 NCE: 2.014 SB: 0.030 NCE_Y: 1.983 
saving the model at the end of epoch 11, iters 1100
End of epoch 11 / 20 	 Time Taken: 15 sec
learning rate = 0.0001000
(epoch: 12, iters: 100, time: 0.137, data: 0.011) G_GAN: 0.436 D_real: 0.304 D_fake: 0.168 G: 2.325 NCE: 1.852 SB: 0.000 NCE_Y: 1.926 
saving the model at the end of epoch 12, iters 1200
End of epoch 12 / 20 	 Time Taken: 15 sec
learning rate = 0.0001000
(epoch: 13, iters: 100, time: 0.138, data: 0.011) G_GAN: 0.325 D_real: 0.399 D_fake: 0.158 G: 2.337 NCE: 2.322 SB: 0.017 NCE_Y: 1.669 
saving the model at the end of epoch 13, iters 1300
End of epoch 13 / 20 	 Time Taken: 15 sec
learning rate = 0.0001000
(epoch: 14, iters: 100, time: 0.137, data: 0.011) G_GAN: 0.565 D_real: 0.337 D_fake: 0.123 G: 2.572 NCE: 2.183 SB: 0.025 NCE_Y: 1.780 
saving the model at the end of epoch 14, iters 1400
End of epoch 14 / 20 	 Time Taken: 15 sec
learning rate = 0.0001000
(epoch: 15, iters: 100, time: 0.138, data: 0.011) G_GAN: 0.351 D_real: 0.222 D_fake: 0.311 G: 2.343 NCE: 2.195 SB: 0.005 NCE_Y: 1.779 
saving the model at the end of epoch 15, iters 1500
End of epoch 15 / 20 	 Time Taken: 15 sec
learning rate = 0.0001000
(epoch: 16, iters: 100, time: 0.138, data: 0.011) G_GAN: 0.386 D_real: 0.062 D_fake: 0.427 G: 2.212 NCE: 1.950 SB: 0.004 NCE_Y: 1.695 
saving the model at the end of epoch 16, iters 1600
End of epoch 16 / 20 	 Time Taken: 15 sec
learning rate = 0.0001000
(epoch: 17, iters: 100, time: 0.137, data: 0.011) G_GAN: 0.338 D_real: 0.353 D_fake: 0.185 G: 2.472 NCE: 2.415 SB: -0.005 NCE_Y: 1.863 
saving the model at the end of epoch 17, iters 1700
End of epoch 17 / 20 	 Time Taken: 15 sec
learning rate = 0.0001000
(epoch: 18, iters: 100, time: 0.136, data: 0.011) G_GAN: 0.663 D_real: 0.263 D_fake: 0.041 G: 2.702 NCE: 2.301 SB: 0.003 NCE_Y: 1.772 
saving the model at the end of epoch 18, iters 1800
End of epoch 18 / 20 	 Time Taken: 15 sec
learning rate = 0.0001000
(epoch: 19, iters: 100, time: 0.138, data: 0.011) G_GAN: 0.488 D_real: 0.353 D_fake: 0.145 G: 2.558 NCE: 2.123 SB: 0.004 NCE_Y: 2.009 
saving the model at the end of epoch 19, iters 1900
End of epoch 19 / 20 	 Time Taken: 15 sec
learning rate = 0.0001000
(epoch: 20, iters: 100, time: 0.136, data: 0.011) G_GAN: 0.711 D_real: 0.064 D_fake: 0.155 G: 2.838 NCE: 2.365 SB: -0.000 NCE_Y: 1.888 
saving the model at the end of epoch 20, iters 2000
End of epoch 20 / 20 	 Time Taken: 14 sec
learning rate = 0.0000000
