----------------- Options ---------------
               batch_size: 1                             
                    beta1: 0.5                           
                    beta2: 0.999                         
          checkpoints_dir: /home/yc/UNSB_PASSION/motivation_baseline_restart/checkpoints	[default: ./checkpoints]
           continue_train: False                         
                crop_size: 128                           	[default: 256]
                 dataroot: /home/yc/UNSB_PASSION/motivation_baseline_restart/datasets/single/SnowTrafficData	[default: placeholder]
             dataset_mode: unaligned                     
                direction: AtoB                          
              display_env: main                          
             display_freq: 1000000                       	[default: 400]
               display_id: -1                            	[default: None]
            display_ncols: 4                             
             display_port: 8097                          
           display_server: http://localhost              
          display_winsize: 256                           
               easy_label: experiment_name               
            embedding_dim: 512                           
           embedding_type: positional                    
                    epoch: latest                        
              epoch_count: 1                             
          evaluation_freq: 5000                          
        flip_equivariance: False                         
                 gan_mode: lsgan                         
                  gpu_ids: 0                             
                     hnek: False                         
                init_gain: 0.02                          
                init_type: xavier                        
                 input_nc: 3                             
                  isTrain: True                          	[default: None]
               lambda_GAN: 1.0                           
               lambda_NCE: 1.0                           
                lambda_SB: 1.0                           	[default: 0.1]
                     lmda: 0.1                           
                load_size: 128                           	[default: 286]
                       lr: 0.0001                        	[default: 0.0002]
           lr_decay_iters: 50                            
                lr_policy: linear                        
         max_dataset_size: inf                           
                     mode: sb                            
                    model: sb                            
                 n_epochs: 20                            	[default: 200]
           n_epochs_decay: 0                             	[default: 200]
               n_layers_D: 3                             
                    n_mlp: 3                             
                     name: single_SnowTrafficData_s2028  	[default: experiment_name]
                    nce_T: 0.07                          
                  nce_idt: True                          
nce_includes_all_negatives_from_minibatch: False                         
               nce_layers: 0,4,8,12,16                   
                      ndf: 64                            
                     netD: basic_cond                    
                     netE: basic_cond                    
                     netF: mlp_sample                    
                  netF_nc: 256                           
                     netG: resnet_9blocks_cond           
                      ngf: 64                            
             no_antialias: False                         
          no_antialias_up: False                         
               no_dropout: True                          
                  no_flip: True                          	[default: False]
                  no_html: True                          	[default: False]
                    normD: instance                      
                    normG: instance                      
              num_patches: 256                           
              num_threads: 0                             	[default: 4]
            num_timesteps: 5                             
                output_nc: 3                             
                    phase: train                         
                pool_size: 0                             
               preprocess: resize_and_crop               
          pretrained_name: None                          
               print_freq: 100                           
         random_scale_max: 3.0                           
             save_by_iter: False                         
          save_epoch_freq: 1                             	[default: 5]
         save_latest_freq: 1000000                       	[default: 5000]
                     seed: 2028                          	[default: 2026]
           serial_batches: False                         
                      std: 0.25                          
                style_dim: 512                           
stylegan2_G_num_downsampling: 1                             
                   suffix:                               
                      tau: 0.01                          
         update_html_freq: 1000                          
                  verbose: False                         
----------------- End -------------------
dataset [UnalignedDataset] was created
dataset [UnalignedDataset] was created
model [SBModel] was created
The number of training images = 100
/home/yc/unsb_tired/refactor/baseline/models/networks.py:579: UserWarning: To copy construct from a tensor, it is recommended to use sourceTensor.clone().detach() or sourceTensor.clone().detach().requires_grad_(True), rather than torch.tensor(sourceTensor).
  patch_id = torch.tensor(patch_id, dtype=torch.long, device=feat.device)
---------- Networks initialized -------------
[Network G] Total number of parameters : 14.684 M
[Network F] Total number of parameters : 0.560 M
[Network D] Total number of parameters : 3.143 M
[Network E] Total number of parameters : 3.152 M
-----------------------------------------------
(epoch: 1, iters: 100, time: 0.116, data: 0.025) G_GAN: 0.279 D_real: 0.237 D_fake: 0.230 G: 4.394 NCE: 4.031 SB: 0.022 NCE_Y: 4.155 
saving the model at the end of epoch 1, iters 100
End of epoch 1 / 20 	 Time Taken: 16 sec
learning rate = 0.0001000
(epoch: 2, iters: 100, time: 0.125, data: 0.020) G_GAN: 0.289 D_real: 0.315 D_fake: 0.218 G: 3.301 NCE: 2.996 SB: 0.032 NCE_Y: 2.964 
saving the model at the end of epoch 2, iters 200
End of epoch 2 / 20 	 Time Taken: 15 sec
learning rate = 0.0001000
(epoch: 3, iters: 100, time: 0.129, data: 0.017) G_GAN: 0.291 D_real: 0.169 D_fake: 0.252 G: 3.358 NCE: 3.017 SB: 0.009 NCE_Y: 3.099 
saving the model at the end of epoch 3, iters 300
End of epoch 3 / 20 	 Time Taken: 15 sec
learning rate = 0.0001000
(epoch: 4, iters: 100, time: 0.130, data: 0.017) G_GAN: 0.238 D_real: 0.203 D_fake: 0.361 G: 2.352 NCE: 2.107 SB: 0.045 NCE_Y: 2.032 
saving the model at the end of epoch 4, iters 400
End of epoch 4 / 20 	 Time Taken: 14 sec
learning rate = 0.0001000
(epoch: 5, iters: 100, time: 0.131, data: 0.017) G_GAN: 0.305 D_real: 0.217 D_fake: 0.245 G: 2.360 NCE: 1.999 SB: 0.043 NCE_Y: 2.025 
saving the model at the end of epoch 5, iters 500
End of epoch 5 / 20 	 Time Taken: 15 sec
learning rate = 0.0001000
(epoch: 6, iters: 100, time: 0.134, data: 0.012) G_GAN: 0.260 D_real: 0.277 D_fake: 0.221 G: 2.042 NCE: 1.805 SB: 0.032 NCE_Y: 1.698 
saving the model at the end of epoch 6, iters 600
End of epoch 6 / 20 	 Time Taken: 15 sec
learning rate = 0.0001000
(epoch: 7, iters: 100, time: 0.135, data: 0.013) G_GAN: 0.207 D_real: 0.266 D_fake: 0.418 G: 1.807 NCE: 1.496 SB: 0.041 NCE_Y: 1.622 
saving the model at the end of epoch 7, iters 700
End of epoch 7 / 20 	 Time Taken: 15 sec
learning rate = 0.0001000
(epoch: 8, iters: 100, time: 0.137, data: 0.012) G_GAN: 0.417 D_real: 0.351 D_fake: 0.123 G: 2.018 NCE: 1.570 SB: 0.020 NCE_Y: 1.594 
saving the model at the end of epoch 8, iters 800
End of epoch 8 / 20 	 Time Taken: 15 sec
learning rate = 0.0001000
(epoch: 9, iters: 100, time: 0.139, data: 0.017) G_GAN: 0.392 D_real: 0.239 D_fake: 0.331 G: 1.938 NCE: 1.474 SB: 0.028 NCE_Y: 1.563 
saving the model at the end of epoch 9, iters 900
End of epoch 9 / 20 	 Time Taken: 16 sec
learning rate = 0.0001000
(epoch: 10, iters: 100, time: 0.138, data: 0.017) G_GAN: 0.250 D_real: 0.454 D_fake: 0.335 G: 1.914 NCE: 1.371 SB: 0.026 NCE_Y: 1.905 
saving the model at the end of epoch 10, iters 1000
End of epoch 10 / 20 	 Time Taken: 15 sec
learning rate = 0.0001000
(epoch: 11, iters: 100, time: 0.138, data: 0.014) G_GAN: 0.625 D_real: 0.025 D_fake: 0.234 G: 2.485 NCE: 1.713 SB: 0.015 NCE_Y: 1.977 
saving the model at the end of epoch 11, iters 1100
End of epoch 11 / 20 	 Time Taken: 15 sec
learning rate = 0.0001000
(epoch: 12, iters: 100, time: 0.138, data: 0.012) G_GAN: 0.296 D_real: 0.513 D_fake: 0.088 G: 1.844 NCE: 1.651 SB: -0.004 NCE_Y: 1.453 
saving the model at the end of epoch 12, iters 1200
End of epoch 12 / 20 	 Time Taken: 15 sec
learning rate = 0.0001000
(epoch: 13, iters: 100, time: 0.138, data: 0.011) G_GAN: 0.388 D_real: 0.345 D_fake: 0.092 G: 1.950 NCE: 1.625 SB: 0.021 NCE_Y: 1.456 
saving the model at the end of epoch 13, iters 1300
End of epoch 13 / 20 	 Time Taken: 15 sec
learning rate = 0.0001000
(epoch: 14, iters: 100, time: 0.138, data: 0.020) G_GAN: 0.464 D_real: 0.063 D_fake: 0.250 G: 2.112 NCE: 1.587 SB: 0.030 NCE_Y: 1.649 
saving the model at the end of epoch 14, iters 1400
End of epoch 14 / 20 	 Time Taken: 15 sec
learning rate = 0.0001000
(epoch: 15, iters: 100, time: 0.138, data: 0.023) G_GAN: 0.336 D_real: 0.111 D_fake: 0.249 G: 1.928 NCE: 1.654 SB: -0.005 NCE_Y: 1.539 
saving the model at the end of epoch 15, iters 1500
End of epoch 15 / 20 	 Time Taken: 15 sec
learning rate = 0.0001000
(epoch: 16, iters: 100, time: 0.138, data: 0.011) G_GAN: 0.435 D_real: 0.534 D_fake: 0.107 G: 2.114 NCE: 1.673 SB: 0.012 NCE_Y: 1.659 
saving the model at the end of epoch 16, iters 1600
End of epoch 16 / 20 	 Time Taken: 15 sec
learning rate = 0.0001000
(epoch: 17, iters: 100, time: 0.138, data: 0.018) G_GAN: 0.765 D_real: 0.013 D_fake: 0.081 G: 2.856 NCE: 2.111 SB: 0.011 NCE_Y: 2.051 
saving the model at the end of epoch 17, iters 1700
End of epoch 17 / 20 	 Time Taken: 15 sec
learning rate = 0.0001000
(epoch: 18, iters: 100, time: 0.137, data: 0.012) G_GAN: 0.341 D_real: 0.382 D_fake: 0.156 G: 2.394 NCE: 2.036 SB: 0.011 NCE_Y: 2.050 
saving the model at the end of epoch 18, iters 1800
End of epoch 18 / 20 	 Time Taken: 15 sec
learning rate = 0.0001000
(epoch: 19, iters: 100, time: 0.138, data: 0.013) G_GAN: 0.401 D_real: 0.187 D_fake: 0.187 G: 2.245 NCE: 1.893 SB: 0.008 NCE_Y: 1.778 
saving the model at the end of epoch 19, iters 1900
End of epoch 19 / 20 	 Time Taken: 15 sec
learning rate = 0.0001000
(epoch: 20, iters: 100, time: 0.136, data: 0.016) G_GAN: 0.377 D_real: 0.442 D_fake: 0.235 G: 2.025 NCE: 1.450 SB: 0.031 NCE_Y: 1.784 
saving the model at the end of epoch 20, iters 2000
End of epoch 20 / 20 	 Time Taken: 15 sec
learning rate = 0.0000000
