----------------- Options ---------------
               batch_size: 1                             
                    beta1: 0.5                           
                    beta2: 0.999                         
          checkpoints_dir: /home/yc/UNSB_PASSION/motivation_baseline_restart/checkpoints	[default: ./checkpoints]
           continue_train: False                         
                crop_size: 128                           	[default: 256]
                 dataroot: /home/yc/UNSB_PASSION/motivation_baseline_restart/datasets/single/RainCityscapes	[default: placeholder]
             dataset_mode: unaligned                     
                direction: AtoB                          
              display_env: main                          
             display_freq: 1000000                       	[default: 400]
               display_id: -1                            	[default: None]
            display_ncols: 4                             
             display_port: 8097                          
           display_server: http://localhost              
          display_winsize: 256                           
               easy_label: experiment_name               
            embedding_dim: 512                           
           embedding_type: positional                    
                    epoch: latest                        
              epoch_count: 1                             
          evaluation_freq: 5000                          
        flip_equivariance: False                         
                 gan_mode: lsgan                         
                  gpu_ids: 0                             
                     hnek: False                         
                init_gain: 0.02                          
                init_type: xavier                        
                 input_nc: 3                             
                  isTrain: True                          	[default: None]
               lambda_GAN: 1.0                           
               lambda_NCE: 1.0                           
                lambda_SB: 1.0                           	[default: 0.1]
                     lmda: 0.1                           
                load_size: 128                           	[default: 286]
                       lr: 0.0001                        	[default: 0.0002]
           lr_decay_iters: 50                            
                lr_policy: linear                        
         max_dataset_size: inf                           
                     mode: sb                            
                    model: sb                            
                 n_epochs: 20                            	[default: 200]
           n_epochs_decay: 0                             	[default: 200]
               n_layers_D: 3                             
                    n_mlp: 3                             
                     name: single_RainCityscapes_s2029   	[default: experiment_name]
                    nce_T: 0.07                          
                  nce_idt: True                          
nce_includes_all_negatives_from_minibatch: False                         
               nce_layers: 0,4,8,12,16                   
                      ndf: 64                            
                     netD: basic_cond                    
                     netE: basic_cond                    
                     netF: mlp_sample                    
                  netF_nc: 256                           
                     netG: resnet_9blocks_cond           
                      ngf: 64                            
             no_antialias: False                         
          no_antialias_up: False                         
               no_dropout: True                          
                  no_flip: True                          	[default: False]
                  no_html: True                          	[default: False]
                    normD: instance                      
                    normG: instance                      
              num_patches: 256                           
              num_threads: 0                             	[default: 4]
            num_timesteps: 5                             
                output_nc: 3                             
                    phase: train                         
                pool_size: 0                             
               preprocess: resize_and_crop               
          pretrained_name: None                          
               print_freq: 100                           
         random_scale_max: 3.0                           
             save_by_iter: False                         
          save_epoch_freq: 1                             	[default: 5]
         save_latest_freq: 1000000                       	[default: 5000]
                     seed: 2029                          	[default: 2026]
           serial_batches: False                         
                      std: 0.25                          
                style_dim: 512                           
stylegan2_G_num_downsampling: 1                             
                   suffix:                               
                      tau: 0.01                          
         update_html_freq: 1000                          
                  verbose: False                         
----------------- End -------------------
dataset [UnalignedDataset] was created
dataset [UnalignedDataset] was created
model [SBModel] was created
The number of training images = 100
/home/yc/unsb_tired/refactor/baseline/models/networks.py:579: UserWarning: To copy construct from a tensor, it is recommended to use sourceTensor.clone().detach() or sourceTensor.clone().detach().requires_grad_(True), rather than torch.tensor(sourceTensor).
  patch_id = torch.tensor(patch_id, dtype=torch.long, device=feat.device)
---------- Networks initialized -------------
[Network G] Total number of parameters : 14.684 M
[Network F] Total number of parameters : 0.560 M
[Network D] Total number of parameters : 3.143 M
[Network E] Total number of parameters : 3.152 M
-----------------------------------------------
(epoch: 1, iters: 100, time: 0.118, data: 0.015) G_GAN: 0.558 D_real: 0.432 D_fake: 0.053 G: 4.537 NCE: 4.014 SB: 0.043 NCE_Y: 3.857 
saving the model at the end of epoch 1, iters 100
End of epoch 1 / 20 	 Time Taken: 16 sec
learning rate = 0.0001000
(epoch: 2, iters: 100, time: 0.124, data: 0.011) G_GAN: 0.472 D_real: 0.222 D_fake: 0.246 G: 4.072 NCE: 3.759 SB: 0.018 NCE_Y: 3.404 
saving the model at the end of epoch 2, iters 200
End of epoch 2 / 20 	 Time Taken: 14 sec
learning rate = 0.0001000
(epoch: 3, iters: 100, time: 0.130, data: 0.011) G_GAN: 0.507 D_real: 0.121 D_fake: 0.189 G: 3.949 NCE: 3.478 SB: 0.021 NCE_Y: 3.364 
saving the model at the end of epoch 3, iters 300
End of epoch 3 / 20 	 Time Taken: 15 sec
learning rate = 0.0001000
(epoch: 4, iters: 100, time: 0.133, data: 0.011) G_GAN: 0.461 D_real: 0.125 D_fake: 0.115 G: 3.949 NCE: 3.755 SB: 0.007 NCE_Y: 3.208 
saving the model at the end of epoch 4, iters 400
End of epoch 4 / 20 	 Time Taken: 15 sec
learning rate = 0.0001000
(epoch: 5, iters: 100, time: 0.135, data: 0.011) G_GAN: 0.513 D_real: 0.053 D_fake: 0.103 G: 4.959 NCE: 4.515 SB: 0.015 NCE_Y: 4.347 
saving the model at the end of epoch 5, iters 500
End of epoch 5 / 20 	 Time Taken: 15 sec
learning rate = 0.0001000
(epoch: 6, iters: 100, time: 0.137, data: 0.011) G_GAN: 0.398 D_real: 0.201 D_fake: 0.116 G: 3.548 NCE: 3.583 SB: 0.003 NCE_Y: 2.711 
saving the model at the end of epoch 6, iters 600
End of epoch 6 / 20 	 Time Taken: 15 sec
learning rate = 0.0001000
(epoch: 7, iters: 100, time: 0.136, data: 0.011) G_GAN: 0.395 D_real: 0.108 D_fake: 0.233 G: 3.071 NCE: 3.053 SB: 0.024 NCE_Y: 2.253 
saving the model at the end of epoch 7, iters 700
End of epoch 7 / 20 	 Time Taken: 15 sec
learning rate = 0.0001000
(epoch: 8, iters: 100, time: 0.177, data: 0.011) G_GAN: 0.600 D_real: 0.113 D_fake: 0.152 G: 3.115 NCE: 2.804 SB: 0.026 NCE_Y: 2.174 
saving the model at the end of epoch 8, iters 800
End of epoch 8 / 20 	 Time Taken: 24 sec
learning rate = 0.0001000
(epoch: 9, iters: 100, time: 0.248, data: 0.012) G_GAN: 0.459 D_real: 0.370 D_fake: 0.083 G: 3.213 NCE: 2.882 SB: 0.009 NCE_Y: 2.608 
saving the model at the end of epoch 9, iters 900
End of epoch 9 / 20 	 Time Taken: 38 sec
learning rate = 0.0001000
(epoch: 10, iters: 100, time: 0.291, data: 0.011) G_GAN: 0.401 D_real: 0.130 D_fake: 0.091 G: 2.776 NCE: 2.464 SB: 0.011 NCE_Y: 2.262 
saving the model at the end of epoch 10, iters 1000
End of epoch 10 / 20 	 Time Taken: 37 sec
learning rate = 0.0001000
(epoch: 11, iters: 100, time: 0.321, data: 0.011) G_GAN: 0.368 D_real: 0.308 D_fake: 0.139 G: 2.968 NCE: 2.670 SB: 0.001 NCE_Y: 2.528 
saving the model at the end of epoch 11, iters 1100
End of epoch 11 / 20 	 Time Taken: 38 sec
learning rate = 0.0001000
(epoch: 12, iters: 100, time: 0.348, data: 0.012) G_GAN: 0.708 D_real: 0.194 D_fake: 0.060 G: 3.024 NCE: 2.464 SB: 0.017 NCE_Y: 2.134 
saving the model at the end of epoch 12, iters 1200
End of epoch 12 / 20 	 Time Taken: 42 sec
learning rate = 0.0001000
(epoch: 13, iters: 100, time: 0.356, data: 0.011) G_GAN: 0.568 D_real: 0.256 D_fake: 0.088 G: 2.290 NCE: 1.844 SB: 0.017 NCE_Y: 1.568 
saving the model at the end of epoch 13, iters 1300
End of epoch 13 / 20 	 Time Taken: 39 sec
learning rate = 0.0001000
(epoch: 14, iters: 100, time: 0.366, data: 0.011) G_GAN: 0.563 D_real: 0.150 D_fake: 0.063 G: 2.997 NCE: 2.521 SB: 0.011 NCE_Y: 2.325 
saving the model at the end of epoch 14, iters 1400
End of epoch 14 / 20 	 Time Taken: 40 sec
learning rate = 0.0001000
(epoch: 15, iters: 100, time: 0.366, data: 0.012) G_GAN: 0.598 D_real: 0.071 D_fake: 0.092 G: 2.734 NCE: 2.356 SB: 0.031 NCE_Y: 1.855 
saving the model at the end of epoch 15, iters 1500
End of epoch 15 / 20 	 Time Taken: 38 sec
learning rate = 0.0001000
(epoch: 16, iters: 100, time: 0.375, data: 0.012) G_GAN: 0.503 D_real: 0.037 D_fake: 0.334 G: 2.525 NCE: 2.000 SB: 0.009 NCE_Y: 2.025 
saving the model at the end of epoch 16, iters 1600
End of epoch 16 / 20 	 Time Taken: 41 sec
learning rate = 0.0001000
(epoch: 17, iters: 100, time: 0.370, data: 0.061) G_GAN: 0.434 D_real: 0.061 D_fake: 0.271 G: 2.657 NCE: 2.284 SB: 0.006 NCE_Y: 2.149 
saving the model at the end of epoch 17, iters 1700
End of epoch 17 / 20 	 Time Taken: 38 sec
learning rate = 0.0001000
(epoch: 18, iters: 100, time: 0.373, data: 0.011) G_GAN: 0.313 D_real: 0.199 D_fake: 0.186 G: 1.781 NCE: 1.462 SB: -0.015 NCE_Y: 1.504 
saving the model at the end of epoch 18, iters 1800
End of epoch 18 / 20 	 Time Taken: 39 sec
learning rate = 0.0001000
(epoch: 19, iters: 100, time: 0.375, data: 0.011) G_GAN: 0.396 D_real: 0.393 D_fake: 0.126 G: 2.400 NCE: 2.101 SB: 0.008 NCE_Y: 1.890 
saving the model at the end of epoch 19, iters 1900
End of epoch 19 / 20 	 Time Taken: 39 sec
learning rate = 0.0001000
(epoch: 20, iters: 100, time: 0.383, data: 0.014) G_GAN: 0.301 D_real: 0.273 D_fake: 0.288 G: 2.103 NCE: 1.966 SB: 0.010 NCE_Y: 1.619 
saving the model at the end of epoch 20, iters 2000
End of epoch 20 / 20 	 Time Taken: 41 sec
learning rate = 0.0000000
