----------------- Options ---------------
               batch_size: 1                             
                    beta1: 0.5                           
                    beta2: 0.999                         
          checkpoints_dir: /home/yc/UNSB_PASSION/motivation_baseline_restart/checkpoints	[default: ./checkpoints]
           continue_train: False                         
                crop_size: 128                           	[default: 256]
                 dataroot: /home/yc/UNSB_PASSION/motivation_baseline_restart/datasets/single/FoggyCityscapes	[default: placeholder]
             dataset_mode: unaligned                     
                direction: AtoB                          
              display_env: main                          
             display_freq: 1000000                       	[default: 400]
               display_id: -1                            	[default: None]
            display_ncols: 4                             
             display_port: 8097                          
           display_server: http://localhost              
          display_winsize: 256                           
               easy_label: experiment_name               
            embedding_dim: 512                           
           embedding_type: positional                    
                    epoch: latest                        
              epoch_count: 1                             
          evaluation_freq: 5000                          
        flip_equivariance: False                         
                 gan_mode: lsgan                         
                  gpu_ids: 0                             
                     hnek: False                         
                init_gain: 0.02                          
                init_type: xavier                        
                 input_nc: 3                             
                  isTrain: True                          	[default: None]
               lambda_GAN: 1.0                           
               lambda_NCE: 1.0                           
                lambda_SB: 1.0                           	[default: 0.1]
                     lmda: 0.1                           
                load_size: 128                           	[default: 286]
                       lr: 0.0001                        	[default: 0.0002]
           lr_decay_iters: 50                            
                lr_policy: linear                        
         max_dataset_size: inf                           
                     mode: sb                            
                    model: sb                            
                 n_epochs: 20                            	[default: 200]
           n_epochs_decay: 0                             	[default: 200]
               n_layers_D: 3                             
                    n_mlp: 3                             
                     name: single_FoggyCityscapes_s2029  	[default: experiment_name]
                    nce_T: 0.07                          
                  nce_idt: True                          
nce_includes_all_negatives_from_minibatch: False                         
               nce_layers: 0,4,8,12,16                   
                      ndf: 64                            
                     netD: basic_cond                    
                     netE: basic_cond                    
                     netF: mlp_sample                    
                  netF_nc: 256                           
                     netG: resnet_9blocks_cond           
                      ngf: 64                            
             no_antialias: False                         
          no_antialias_up: False                         
               no_dropout: True                          
                  no_flip: True                          	[default: False]
                  no_html: True                          	[default: False]
                    normD: instance                      
                    normG: instance                      
              num_patches: 256                           
              num_threads: 0                             	[default: 4]
            num_timesteps: 5                             
                output_nc: 3                             
                    phase: train                         
                pool_size: 0                             
               preprocess: resize_and_crop               
          pretrained_name: None                          
               print_freq: 100                           
         random_scale_max: 3.0                           
             save_by_iter: False                         
          save_epoch_freq: 1                             	[default: 5]
         save_latest_freq: 1000000                       	[default: 5000]
                     seed: 2029                          	[default: 2026]
           serial_batches: False                         
                      std: 0.25                          
                style_dim: 512                           
stylegan2_G_num_downsampling: 1                             
                   suffix:                               
                      tau: 0.01                          
         update_html_freq: 1000                          
                  verbose: False                         
----------------- End -------------------
dataset [UnalignedDataset] was created
dataset [UnalignedDataset] was created
model [SBModel] was created
The number of training images = 100
/home/yc/unsb_tired/refactor/baseline/models/networks.py:579: UserWarning: To copy construct from a tensor, it is recommended to use sourceTensor.clone().detach() or sourceTensor.clone().detach().requires_grad_(True), rather than torch.tensor(sourceTensor).
  patch_id = torch.tensor(patch_id, dtype=torch.long, device=feat.device)
---------- Networks initialized -------------
[Network G] Total number of parameters : 14.684 M
[Network F] Total number of parameters : 0.560 M
[Network D] Total number of parameters : 3.143 M
[Network E] Total number of parameters : 3.152 M
-----------------------------------------------
(epoch: 1, iters: 100, time: 0.118, data: 0.018) G_GAN: 0.459 D_real: 0.179 D_fake: 0.115 G: 4.775 NCE: 4.210 SB: 0.042 NCE_Y: 4.338 
saving the model at the end of epoch 1, iters 100
End of epoch 1 / 20 	 Time Taken: 16 sec
learning rate = 0.0001000
(epoch: 2, iters: 100, time: 0.124, data: 0.011) G_GAN: 0.379 D_real: 0.427 D_fake: 0.178 G: 3.842 NCE: 3.461 SB: 0.022 NCE_Y: 3.420 
saving the model at the end of epoch 2, iters 200
End of epoch 2 / 20 	 Time Taken: 14 sec
learning rate = 0.0001000
(epoch: 3, iters: 100, time: 0.131, data: 0.011) G_GAN: 0.469 D_real: 0.083 D_fake: 0.393 G: 3.421 NCE: 2.610 SB: 0.040 NCE_Y: 3.215 
saving the model at the end of epoch 3, iters 300
End of epoch 3 / 20 	 Time Taken: 15 sec
learning rate = 0.0001000
(epoch: 4, iters: 100, time: 0.133, data: 0.011) G_GAN: 0.571 D_real: 0.019 D_fake: 0.180 G: 3.847 NCE: 3.819 SB: 0.006 NCE_Y: 2.722 
saving the model at the end of epoch 4, iters 400
End of epoch 4 / 20 	 Time Taken: 15 sec
learning rate = 0.0001000
(epoch: 5, iters: 100, time: 0.135, data: 0.011) G_GAN: 0.233 D_real: 0.431 D_fake: 0.442 G: 2.895 NCE: 2.705 SB: 0.006 NCE_Y: 2.609 
saving the model at the end of epoch 5, iters 500
End of epoch 5 / 20 	 Time Taken: 15 sec
learning rate = 0.0001000
(epoch: 6, iters: 100, time: 0.138, data: 0.011) G_GAN: 0.375 D_real: 0.249 D_fake: 0.125 G: 2.942 NCE: 2.974 SB: 0.001 NCE_Y: 2.157 
saving the model at the end of epoch 6, iters 600
End of epoch 6 / 20 	 Time Taken: 15 sec
learning rate = 0.0001000
(epoch: 7, iters: 100, time: 0.137, data: 0.011) G_GAN: 0.243 D_real: 0.494 D_fake: 0.264 G: 2.540 NCE: 2.384 SB: 0.012 NCE_Y: 2.186 
saving the model at the end of epoch 7, iters 700
End of epoch 7 / 20 	 Time Taken: 15 sec
learning rate = 0.0001000
(epoch: 8, iters: 100, time: 0.138, data: 0.011) G_GAN: 0.729 D_real: 0.125 D_fake: 0.037 G: 2.666 NCE: 2.032 SB: 0.030 NCE_Y: 1.782 
saving the model at the end of epoch 8, iters 800
End of epoch 8 / 20 	 Time Taken: 15 sec
learning rate = 0.0001000
(epoch: 9, iters: 100, time: 0.136, data: 0.011) G_GAN: 0.474 D_real: 0.189 D_fake: 0.057 G: 3.060 NCE: 2.702 SB: 0.002 NCE_Y: 2.466 
saving the model at the end of epoch 9, iters 900
End of epoch 9 / 20 	 Time Taken: 14 sec
learning rate = 0.0001000
(epoch: 10, iters: 100, time: 0.135, data: 0.011) G_GAN: 0.324 D_real: 0.202 D_fake: 0.395 G: 2.794 NCE: 2.698 SB: -0.018 NCE_Y: 2.277 
saving the model at the end of epoch 10, iters 1000
End of epoch 10 / 20 	 Time Taken: 14 sec
learning rate = 0.0001000
(epoch: 11, iters: 100, time: 0.137, data: 0.011) G_GAN: 0.328 D_real: 0.365 D_fake: 0.156 G: 2.907 NCE: 2.777 SB: -0.004 NCE_Y: 2.389 
saving the model at the end of epoch 11, iters 1100
End of epoch 11 / 20 	 Time Taken: 15 sec
learning rate = 0.0001000
(epoch: 12, iters: 100, time: 0.139, data: 0.011) G_GAN: 0.337 D_real: 0.369 D_fake: 0.143 G: 2.217 NCE: 2.042 SB: 0.028 NCE_Y: 1.662 
saving the model at the end of epoch 12, iters 1200
End of epoch 12 / 20 	 Time Taken: 15 sec
learning rate = 0.0001000
(epoch: 13, iters: 100, time: 0.138, data: 0.011) G_GAN: 0.413 D_real: 0.213 D_fake: 0.239 G: 2.282 NCE: 1.807 SB: 0.045 NCE_Y: 1.841 
saving the model at the end of epoch 13, iters 1300
End of epoch 13 / 20 	 Time Taken: 15 sec
learning rate = 0.0001000
(epoch: 14, iters: 100, time: 0.139, data: 0.010) G_GAN: 0.388 D_real: 0.058 D_fake: 0.267 G: 2.531 NCE: 2.114 SB: 0.008 NCE_Y: 2.155 
saving the model at the end of epoch 14, iters 1400
End of epoch 14 / 20 	 Time Taken: 15 sec
learning rate = 0.0001000
(epoch: 15, iters: 100, time: 0.138, data: 0.011) G_GAN: 0.689 D_real: 0.033 D_fake: 0.063 G: 2.864 NCE: 2.279 SB: -0.002 NCE_Y: 2.074 
saving the model at the end of epoch 15, iters 1500
End of epoch 15 / 20 	 Time Taken: 15 sec
learning rate = 0.0001000
(epoch: 16, iters: 100, time: 0.140, data: 0.011) G_GAN: 0.322 D_real: 0.161 D_fake: 0.317 G: 2.193 NCE: 1.928 SB: -0.008 NCE_Y: 1.830 
saving the model at the end of epoch 16, iters 1600
End of epoch 16 / 20 	 Time Taken: 15 sec
learning rate = 0.0001000
(epoch: 17, iters: 100, time: 0.138, data: 0.011) G_GAN: 0.467 D_real: 0.028 D_fake: 0.265 G: 2.795 NCE: 2.613 SB: -0.009 NCE_Y: 2.060 
saving the model at the end of epoch 17, iters 1700
End of epoch 17 / 20 	 Time Taken: 15 sec
learning rate = 0.0001000
(epoch: 18, iters: 100, time: 0.138, data: 0.011) G_GAN: 0.435 D_real: 0.154 D_fake: 0.146 G: 2.115 NCE: 1.762 SB: -0.021 NCE_Y: 1.641 
saving the model at the end of epoch 18, iters 1800
End of epoch 18 / 20 	 Time Taken: 15 sec
learning rate = 0.0001000
(epoch: 19, iters: 100, time: 0.139, data: 0.011) G_GAN: 0.250 D_real: 0.122 D_fake: 0.266 G: 2.147 NCE: 1.813 SB: 0.015 NCE_Y: 1.949 
saving the model at the end of epoch 19, iters 1900
End of epoch 19 / 20 	 Time Taken: 15 sec
learning rate = 0.0001000
(epoch: 20, iters: 100, time: 0.141, data: 0.011) G_GAN: 0.206 D_real: 0.321 D_fake: 0.366 G: 2.521 NCE: 2.674 SB: 0.007 NCE_Y: 1.941 
saving the model at the end of epoch 20, iters 2000
End of epoch 20 / 20 	 Time Taken: 15 sec
learning rate = 0.0000000
