/home/yc/unsb_tired/refactor/baseline/models/networks.py:579: UserWarning: To copy construct from a tensor, it is recommended to use sourceTensor.clone().detach() or sourceTensor.clone().detach().requires_grad_(True), rather than torch.tensor(sourceTensor).
  patch_id = torch.tensor(patch_id, dtype=torch.long, device=feat.device)
----------------- Options ---------------
               batch_size: 1                             
                    beta1: 0.5                           
                    beta2: 0.999                         
          checkpoints_dir: /home/yc/UNSB_PASSION/motivation_baseline_restart/checkpoints	[default: ./checkpoints]
           continue_train: False                         
                crop_size: 128                           	[default: 256]
                 dataroot: /home/yc/UNSB_PASSION/motivation_baseline_restart/datasets/single/FoggyCityscapes	[default: placeholder]
             dataset_mode: unaligned                     
                direction: AtoB                          
              display_env: main                          
             display_freq: 1000000                       	[default: 400]
               display_id: -1                            	[default: None]
            display_ncols: 4                             
             display_port: 8097                          
           display_server: http://localhost              
          display_winsize: 256                           
               easy_label: experiment_name               
            embedding_dim: 512                           
           embedding_type: positional                    
                    epoch: latest                        
              epoch_count: 1                             
          evaluation_freq: 5000                          
        flip_equivariance: False                         
                 gan_mode: lsgan                         
                  gpu_ids: 0                             
                     hnek: False                         
                init_gain: 0.02                          
                init_type: xavier                        
                 input_nc: 3                             
                  isTrain: True                          	[default: None]
               lambda_GAN: 1.0                           
               lambda_NCE: 1.0                           
                lambda_SB: 1.0                           	[default: 0.1]
                     lmda: 0.1                           
                load_size: 128                           	[default: 286]
                       lr: 0.0001                        	[default: 0.0002]
           lr_decay_iters: 50                            
                lr_policy: linear                        
         max_dataset_size: inf                           
                     mode: sb                            
                    model: sb                            
                 n_epochs: 20                            	[default: 200]
           n_epochs_decay: 0                             	[default: 200]
               n_layers_D: 3                             
                    n_mlp: 3                             
                     name: single_FoggyCityscapes_s2031  	[default: experiment_name]
                    nce_T: 0.07                          
                  nce_idt: True                          
nce_includes_all_negatives_from_minibatch: False                         
               nce_layers: 0,4,8,12,16                   
                      ndf: 64                            
                     netD: basic_cond                    
                     netE: basic_cond                    
                     netF: mlp_sample                    
                  netF_nc: 256                           
                     netG: resnet_9blocks_cond           
                      ngf: 64                            
             no_antialias: False                         
          no_antialias_up: False                         
               no_dropout: True                          
                  no_flip: True                          	[default: False]
                  no_html: True                          	[default: False]
                    normD: instance                      
                    normG: instance                      
              num_patches: 256                           
              num_threads: 0                             	[default: 4]
            num_timesteps: 5                             
                output_nc: 3                             
                    phase: train                         
                pool_size: 0                             
               preprocess: resize_and_crop               
          pretrained_name: None                          
               print_freq: 100                           
         random_scale_max: 3.0                           
             save_by_iter: False                         
          save_epoch_freq: 1                             	[default: 5]
         save_latest_freq: 1000000                       	[default: 5000]
                     seed: 2031                          	[default: 2026]
           serial_batches: False                         
                      std: 0.25                          
                style_dim: 512                           
stylegan2_G_num_downsampling: 1                             
                   suffix:                               
                      tau: 0.01                          
         update_html_freq: 1000                          
                  verbose: False                         
----------------- End -------------------
dataset [UnalignedDataset] was created
dataset [UnalignedDataset] was created
model [SBModel] was created
The number of training images = 100
---------- Networks initialized -------------
[Network G] Total number of parameters : 14.684 M
[Network F] Total number of parameters : 0.560 M
[Network D] Total number of parameters : 3.143 M
[Network E] Total number of parameters : 3.152 M
-----------------------------------------------
(epoch: 1, iters: 100, time: 0.401, data: 0.017) G_GAN: 0.268 D_real: 0.269 D_fake: 0.214 G: 4.230 NCE: 3.783 SB: 0.032 NCE_Y: 4.076 
saving the model at the end of epoch 1, iters 100
End of epoch 1 / 20 	 Time Taken: 93 sec
learning rate = 0.0001000
(epoch: 2, iters: 100, time: 0.590, data: 0.015) G_GAN: 0.202 D_real: 0.423 D_fake: 0.270 G: 3.726 NCE: 3.674 SB: 0.021 NCE_Y: 3.332 
saving the model at the end of epoch 2, iters 200
End of epoch 2 / 20 	 Time Taken: 93 sec
learning rate = 0.0001000
(epoch: 3, iters: 100, time: 0.655, data: 0.012) G_GAN: 0.501 D_real: 0.029 D_fake: 0.191 G: 3.592 NCE: 3.213 SB: 0.027 NCE_Y: 2.915 
saving the model at the end of epoch 3, iters 300
End of epoch 3 / 20 	 Time Taken: 83 sec
learning rate = 0.0001000
(epoch: 4, iters: 100, time: 0.704, data: 0.011) G_GAN: 0.469 D_real: 0.057 D_fake: 0.313 G: 2.653 NCE: 2.268 SB: 0.022 NCE_Y: 2.056 
saving the model at the end of epoch 4, iters 400
End of epoch 4 / 20 	 Time Taken: 84 sec
learning rate = 0.0001000
(epoch: 5, iters: 100, time: 0.778, data: 0.012) G_GAN: 0.431 D_real: 0.227 D_fake: 0.154 G: 2.938 NCE: 2.522 SB: 0.011 NCE_Y: 2.471 
saving the model at the end of epoch 5, iters 500
End of epoch 5 / 20 	 Time Taken: 95 sec
learning rate = 0.0001000
(epoch: 6, iters: 100, time: 0.816, data: 0.011) G_GAN: 0.697 D_real: 0.124 D_fake: 0.053 G: 3.379 NCE: 3.010 SB: 0.008 NCE_Y: 2.338 
saving the model at the end of epoch 6, iters 600
End of epoch 6 / 20 	 Time Taken: 93 sec
learning rate = 0.0001000
(epoch: 7, iters: 100, time: 0.854, data: 0.012) G_GAN: 0.508 D_real: 0.012 D_fake: 0.231 G: 3.044 NCE: 2.757 SB: 0.009 NCE_Y: 2.298 
saving the model at the end of epoch 7, iters 700
End of epoch 7 / 20 	 Time Taken: 96 sec
learning rate = 0.0001000
(epoch: 8, iters: 100, time: 0.859, data: 0.012) G_GAN: 0.541 D_real: 0.021 D_fake: 0.165 G: 2.814 NCE: 2.158 SB: 0.004 NCE_Y: 2.380 
saving the model at the end of epoch 8, iters 800
End of epoch 8 / 20 	 Time Taken: 96 sec
learning rate = 0.0001000
(epoch: 9, iters: 100, time: 0.872, data: 0.011) G_GAN: 0.352 D_real: 0.163 D_fake: 0.156 G: 2.836 NCE: 2.259 SB: 0.003 NCE_Y: 2.702 
saving the model at the end of epoch 9, iters 900
End of epoch 9 / 20 	 Time Taken: 97 sec
learning rate = 0.0001000
(epoch: 10, iters: 100, time: 0.883, data: 0.012) G_GAN: 0.528 D_real: 0.038 D_fake: 0.289 G: 2.948 NCE: 2.659 SB: 0.007 NCE_Y: 2.167 
saving the model at the end of epoch 10, iters 1000
End of epoch 10 / 20 	 Time Taken: 97 sec
learning rate = 0.0001000
(epoch: 11, iters: 100, time: 0.876, data: 0.687) G_GAN: 0.453 D_real: 0.437 D_fake: 0.067 G: 2.488 NCE: 2.033 SB: 0.004 NCE_Y: 2.029 
saving the model at the end of epoch 11, iters 1100
End of epoch 11 / 20 	 Time Taken: 90 sec
learning rate = 0.0001000
(epoch: 12, iters: 100, time: 0.861, data: 0.012) G_GAN: 0.438 D_real: 0.091 D_fake: 0.189 G: 2.504 NCE: 2.299 SB: 0.001 NCE_Y: 1.832 
saving the model at the end of epoch 12, iters 1200
End of epoch 12 / 20 	 Time Taken: 90 sec
learning rate = 0.0001000
(epoch: 13, iters: 100, time: 0.852, data: 0.012) G_GAN: 0.401 D_real: 0.031 D_fake: 0.279 G: 2.110 NCE: 1.936 SB: -0.013 NCE_Y: 1.509 
saving the model at the end of epoch 13, iters 1300
End of epoch 13 / 20 	 Time Taken: 90 sec
learning rate = 0.0001000
(epoch: 14, iters: 100, time: 0.863, data: 0.012) G_GAN: 0.474 D_real: 0.142 D_fake: 0.114 G: 2.563 NCE: 2.174 SB: 0.030 NCE_Y: 1.945 
saving the model at the end of epoch 14, iters 1400
End of epoch 14 / 20 	 Time Taken: 96 sec
learning rate = 0.0001000
(epoch: 15, iters: 100, time: 0.863, data: 0.026) G_GAN: 0.514 D_real: 0.022 D_fake: 0.198 G: 2.425 NCE: 2.110 SB: 0.049 NCE_Y: 1.615 
saving the model at the end of epoch 15, iters 1500
End of epoch 15 / 20 	 Time Taken: 93 sec
learning rate = 0.0001000
(epoch: 16, iters: 100, time: 0.877, data: 0.012) G_GAN: 0.374 D_real: 0.013 D_fake: 0.226 G: 2.242 NCE: 1.988 SB: 0.020 NCE_Y: 1.708 
saving the model at the end of epoch 16, iters 1600
End of epoch 16 / 20 	 Time Taken: 97 sec
learning rate = 0.0001000
(epoch: 17, iters: 100, time: 0.864, data: 0.012) G_GAN: 0.445 D_real: 0.380 D_fake: 0.171 G: 2.545 NCE: 2.176 SB: -0.002 NCE_Y: 2.029 
saving the model at the end of epoch 17, iters 1700
End of epoch 17 / 20 	 Time Taken: 91 sec
learning rate = 0.0001000
(epoch: 18, iters: 100, time: 0.855, data: 0.124) G_GAN: 0.266 D_real: 0.231 D_fake: 0.233 G: 2.463 NCE: 2.587 SB: 0.010 NCE_Y: 1.788 
saving the model at the end of epoch 18, iters 1800
End of epoch 18 / 20 	 Time Taken: 92 sec
learning rate = 0.0001000
(epoch: 19, iters: 100, time: 0.861, data: 0.012) G_GAN: 0.263 D_real: 0.145 D_fake: 0.735 G: 2.578 NCE: 2.434 SB: 0.026 NCE_Y: 2.142 
saving the model at the end of epoch 19, iters 1900
End of epoch 19 / 20 	 Time Taken: 89 sec
learning rate = 0.0001000
(epoch: 20, iters: 100, time: 0.874, data: 0.582) G_GAN: 0.453 D_real: 0.034 D_fake: 0.231 G: 2.350 NCE: 2.154 SB: 0.042 NCE_Y: 1.556 
saving the model at the end of epoch 20, iters 2000
End of epoch 20 / 20 	 Time Taken: 94 sec
learning rate = 0.0000000
