----------------- Options ---------------
               batch_size: 1                             
                    beta1: 0.5                           
                    beta2: 0.999                         
          checkpoints_dir: /home/yc/UNSB_PASSION/motivation_baseline_restart/checkpoints	[default: ./checkpoints]
           continue_train: False                         
                crop_size: 128                           	[default: 256]
                 dataroot: /home/yc/UNSB_PASSION/motivation_baseline_restart/datasets/single/LowLightTrafficData	[default: placeholder]
             dataset_mode: unaligned                     
                direction: AtoB                          
              display_env: main                          
             display_freq: 1000000                       	[default: 400]
               display_id: -1                            	[default: None]
            display_ncols: 4                             
             display_port: 8097                          
           display_server: http://localhost              
          display_winsize: 256                           
               easy_label: experiment_name               
            embedding_dim: 512                           
           embedding_type: positional                    
                    epoch: latest                        
              epoch_count: 1                             
          evaluation_freq: 5000                          
        flip_equivariance: False                         
                 gan_mode: lsgan                         
                  gpu_ids: 0                             
                     hnek: False                         
                init_gain: 0.02                          
                init_type: xavier                        
                 input_nc: 3                             
                  isTrain: True                          	[default: None]
               lambda_GAN: 1.0                           
               lambda_NCE: 1.0                           
                lambda_SB: 1.0                           	[default: 0.1]
                     lmda: 0.1                           
                load_size: 128                           	[default: 286]
                       lr: 0.0001                        	[default: 0.0002]
           lr_decay_iters: 50                            
                lr_policy: linear                        
         max_dataset_size: inf                           
                     mode: sb                            
                    model: sb                            
                 n_epochs: 20                            	[default: 200]
           n_epochs_decay: 0                             	[default: 200]
               n_layers_D: 3                             
                    n_mlp: 3                             
                     name: single_LowLightTrafficData_s2027	[default: experiment_name]
                    nce_T: 0.07                          
                  nce_idt: True                          
nce_includes_all_negatives_from_minibatch: False                         
               nce_layers: 0,4,8,12,16                   
                      ndf: 64                            
                     netD: basic_cond                    
                     netE: basic_cond                    
                     netF: mlp_sample                    
                  netF_nc: 256                           
                     netG: resnet_9blocks_cond           
                      ngf: 64                            
             no_antialias: False                         
          no_antialias_up: False                         
               no_dropout: True                          
                  no_flip: True                          	[default: False]
                  no_html: True                          	[default: False]
                    normD: instance                      
                    normG: instance                      
              num_patches: 256                           
              num_threads: 0                             	[default: 4]
            num_timesteps: 5                             
                output_nc: 3                             
                    phase: train                         
                pool_size: 0                             
               preprocess: resize_and_crop               
          pretrained_name: None                          
               print_freq: 100                           
         random_scale_max: 3.0                           
             save_by_iter: False                         
          save_epoch_freq: 1                             	[default: 5]
         save_latest_freq: 1000000                       	[default: 5000]
                     seed: 2027                          	[default: 2026]
           serial_batches: False                         
                      std: 0.25                          
                style_dim: 512                           
stylegan2_G_num_downsampling: 1                             
                   suffix:                               
                      tau: 0.01                          
         update_html_freq: 1000                          
                  verbose: False                         
----------------- End -------------------
dataset [UnalignedDataset] was created
dataset [UnalignedDataset] was created
model [SBModel] was created
The number of training images = 100
/home/yc/unsb_tired/refactor/baseline/models/networks.py:579: UserWarning: To copy construct from a tensor, it is recommended to use sourceTensor.clone().detach() or sourceTensor.clone().detach().requires_grad_(True), rather than torch.tensor(sourceTensor).
  patch_id = torch.tensor(patch_id, dtype=torch.long, device=feat.device)
---------- Networks initialized -------------
[Network G] Total number of parameters : 14.684 M
[Network F] Total number of parameters : 0.560 M
[Network D] Total number of parameters : 3.143 M
[Network E] Total number of parameters : 3.152 M
-----------------------------------------------
(epoch: 1, iters: 100, time: 0.212, data: 0.012) G_GAN: 0.212 D_real: 0.376 D_fake: 0.172 G: 5.232 NCE: 5.292 SB: 0.033 NCE_Y: 4.682 
saving the model at the end of epoch 1, iters 100
End of epoch 1 / 20 	 Time Taken: 40 sec
learning rate = 0.0001000
(epoch: 2, iters: 100, time: 0.281, data: 0.010) G_GAN: 0.257 D_real: 0.261 D_fake: 0.334 G: 4.671 NCE: 4.598 SB: 0.010 NCE_Y: 4.209 
saving the model at the end of epoch 2, iters 200
End of epoch 2 / 20 	 Time Taken: 41 sec
learning rate = 0.0001000
(epoch: 3, iters: 100, time: 0.311, data: 0.015) G_GAN: 0.394 D_real: 0.416 D_fake: 0.144 G: 4.431 NCE: 4.676 SB: 0.009 NCE_Y: 3.381 
saving the model at the end of epoch 3, iters 300
End of epoch 3 / 20 	 Time Taken: 38 sec
learning rate = 0.0001000
(epoch: 4, iters: 100, time: 0.333, data: 0.011) G_GAN: 0.290 D_real: 0.213 D_fake: 0.294 G: 4.188 NCE: 4.548 SB: 0.017 NCE_Y: 3.213 
saving the model at the end of epoch 4, iters 400
End of epoch 4 / 20 	 Time Taken: 38 sec
learning rate = 0.0001000
(epoch: 5, iters: 100, time: 0.356, data: 0.012) G_GAN: 0.345 D_real: 0.336 D_fake: 0.199 G: 3.859 NCE: 3.625 SB: 0.006 NCE_Y: 3.392 
saving the model at the end of epoch 5, iters 500
End of epoch 5 / 20 	 Time Taken: 41 sec
learning rate = 0.0001000
(epoch: 6, iters: 100, time: 0.362, data: 0.012) G_GAN: 0.238 D_real: 0.466 D_fake: 0.128 G: 3.981 NCE: 4.349 SB: 0.017 NCE_Y: 3.102 
saving the model at the end of epoch 6, iters 600
End of epoch 6 / 20 	 Time Taken: 39 sec
learning rate = 0.0001000
(epoch: 7, iters: 100, time: 0.373, data: 0.010) G_GAN: 0.317 D_real: 0.272 D_fake: 0.262 G: 3.447 NCE: 3.624 SB: 0.016 NCE_Y: 2.604 
saving the model at the end of epoch 7, iters 700
End of epoch 7 / 20 	 Time Taken: 41 sec
learning rate = 0.0001000
(epoch: 8, iters: 100, time: 0.382, data: 0.011) G_GAN: 0.191 D_real: 0.251 D_fake: 0.292 G: 3.128 NCE: 3.487 SB: 0.016 NCE_Y: 2.354 
saving the model at the end of epoch 8, iters 800
End of epoch 8 / 20 	 Time Taken: 41 sec
learning rate = 0.0001000
(epoch: 9, iters: 100, time: 0.380, data: 0.010) G_GAN: 0.257 D_real: 0.142 D_fake: 0.394 G: 3.206 NCE: 3.300 SB: 0.010 NCE_Y: 2.577 
saving the model at the end of epoch 9, iters 900
End of epoch 9 / 20 	 Time Taken: 39 sec
learning rate = 0.0001000
(epoch: 10, iters: 100, time: 0.380, data: 0.078) G_GAN: 0.265 D_real: 0.398 D_fake: 0.186 G: 3.050 NCE: 2.798 SB: 0.064 NCE_Y: 2.643 
saving the model at the end of epoch 10, iters 1000
End of epoch 10 / 20 	 Time Taken: 40 sec
learning rate = 0.0001000
(epoch: 11, iters: 100, time: 0.377, data: 0.012) G_GAN: 0.261 D_real: 0.240 D_fake: 0.287 G: 3.378 NCE: 3.699 SB: 0.016 NCE_Y: 2.504 
saving the model at the end of epoch 11, iters 1100
End of epoch 11 / 20 	 Time Taken: 39 sec
learning rate = 0.0001000
(epoch: 12, iters: 100, time: 0.375, data: 0.011) G_GAN: 0.381 D_real: 0.565 D_fake: 0.084 G: 3.113 NCE: 3.322 SB: 0.029 NCE_Y: 2.085 
saving the model at the end of epoch 12, iters 1200
End of epoch 12 / 20 	 Time Taken: 39 sec
learning rate = 0.0001000
(epoch: 13, iters: 100, time: 0.376, data: 0.010) G_GAN: 0.355 D_real: 0.272 D_fake: 0.148 G: 3.290 NCE: 3.938 SB: 0.008 NCE_Y: 1.917 
saving the model at the end of epoch 13, iters 1300
End of epoch 13 / 20 	 Time Taken: 40 sec
learning rate = 0.0001000
(epoch: 14, iters: 100, time: 0.377, data: 0.011) G_GAN: 0.222 D_real: 0.456 D_fake: 0.278 G: 2.974 NCE: 3.259 SB: 0.021 NCE_Y: 2.204 
saving the model at the end of epoch 14, iters 1400
End of epoch 14 / 20 	 Time Taken: 40 sec
learning rate = 0.0001000
(epoch: 15, iters: 100, time: 0.382, data: 0.009) G_GAN: 0.281 D_real: 0.127 D_fake: 0.319 G: 3.076 NCE: 3.144 SB: 0.024 NCE_Y: 2.397 
saving the model at the end of epoch 15, iters 1500
End of epoch 15 / 20 	 Time Taken: 41 sec
learning rate = 0.0001000
(epoch: 16, iters: 100, time: 0.377, data: 0.011) G_GAN: 0.304 D_real: 0.214 D_fake: 0.253 G: 2.599 NCE: 2.504 SB: 0.060 NCE_Y: 1.966 
saving the model at the end of epoch 16, iters 1600
End of epoch 16 / 20 	 Time Taken: 38 sec
learning rate = 0.0001000
(epoch: 17, iters: 100, time: 0.379, data: 0.011) G_GAN: 0.271 D_real: 0.345 D_fake: 0.180 G: 3.076 NCE: 3.750 SB: -0.002 NCE_Y: 1.863 
saving the model at the end of epoch 17, iters 1700
End of epoch 17 / 20 	 Time Taken: 40 sec
learning rate = 0.0001000
(epoch: 18, iters: 100, time: 0.378, data: 0.018) G_GAN: 0.280 D_real: 0.334 D_fake: 0.203 G: 2.774 NCE: 2.609 SB: 0.021 NCE_Y: 2.338 
saving the model at the end of epoch 18, iters 1800
End of epoch 18 / 20 	 Time Taken: 39 sec
learning rate = 0.0001000
(epoch: 19, iters: 100, time: 0.383, data: 0.010) G_GAN: 0.409 D_real: 0.188 D_fake: 0.172 G: 3.199 NCE: 3.198 SB: 0.029 NCE_Y: 2.324 
saving the model at the end of epoch 19, iters 1900
End of epoch 19 / 20 	 Time Taken: 41 sec
learning rate = 0.0001000
(epoch: 20, iters: 100, time: 0.386, data: 0.011) G_GAN: 0.252 D_real: 0.399 D_fake: 0.198 G: 3.543 NCE: 4.371 SB: -0.001 NCE_Y: 2.215 
saving the model at the end of epoch 20, iters 2000
End of epoch 20 / 20 	 Time Taken: 41 sec
learning rate = 0.0000000
