----------------- Options ---------------
               batch_size: 1                             
                    beta1: 0.5                           
                    beta2: 0.999                         
          checkpoints_dir: /home/yc/UNSB_PASSION/motivation_baseline_restart/checkpoints	[default: ./checkpoints]
           continue_train: False                         
                crop_size: 128                           	[default: 256]
                 dataroot: /home/yc/UNSB_PASSION/motivation_baseline_restart/datasets/single/RainCityscapes	[default: placeholder]
             dataset_mode: unaligned                     
                direction: AtoB                          
              display_env: main                          
             display_freq: 1000000                       	[default: 400]
               display_id: -1                            	[default: None]
            display_ncols: 4                             
             display_port: 8097                          
           display_server: http://localhost              
          display_winsize: 256                           
               easy_label: experiment_name               
            embedding_dim: 512                           
           embedding_type: positional                    
                    epoch: latest                        
              epoch_count: 1                             
          evaluation_freq: 5000                          
        flip_equivariance: False                         
                 gan_mode: lsgan                         
                  gpu_ids: 0                             
                     hnek: False                         
                init_gain: 0.02                          
                init_type: xavier                        
                 input_nc: 3                             
                  isTrain: True                          	[default: None]
               lambda_GAN: 1.0                           
               lambda_NCE: 1.0                           
                lambda_SB: 1.0                           	[default: 0.1]
                     lmda: 0.1                           
                load_size: 128                           	[default: 286]
                       lr: 0.0001                        	[default: 0.0002]
           lr_decay_iters: 50                            
                lr_policy: linear                        
         max_dataset_size: inf                           
                     mode: sb                            
                    model: sb                            
                 n_epochs: 20                            	[default: 200]
           n_epochs_decay: 0                             	[default: 200]
               n_layers_D: 3                             
                    n_mlp: 3                             
                     name: single_RainCityscapes_s2026   	[default: experiment_name]
                    nce_T: 0.07                          
                  nce_idt: True                          
nce_includes_all_negatives_from_minibatch: False                         
               nce_layers: 0,4,8,12,16                   
                      ndf: 64                            
                     netD: basic_cond                    
                     netE: basic_cond                    
                     netF: mlp_sample                    
                  netF_nc: 256                           
                     netG: resnet_9blocks_cond           
                      ngf: 64                            
             no_antialias: False                         
          no_antialias_up: False                         
               no_dropout: True                          
                  no_flip: True                          	[default: False]
                  no_html: True                          	[default: False]
                    normD: instance                      
                    normG: instance                      
              num_patches: 256                           
              num_threads: 0                             	[default: 4]
            num_timesteps: 5                             
                output_nc: 3                             
                    phase: train                         
                pool_size: 0                             
               preprocess: resize_and_crop               
          pretrained_name: None                          
               print_freq: 100                           
         random_scale_max: 3.0                           
             save_by_iter: False                         
          save_epoch_freq: 1                             	[default: 5]
         save_latest_freq: 1000000                       	[default: 5000]
                     seed: 2026                          
           serial_batches: False                         
                      std: 0.25                          
                style_dim: 512                           
stylegan2_G_num_downsampling: 1                             
                   suffix:                               
                      tau: 0.01                          
         update_html_freq: 1000                          
                  verbose: False                         
----------------- End -------------------
dataset [UnalignedDataset] was created
dataset [UnalignedDataset] was created
model [SBModel] was created
The number of training images = 100
/home/yc/unsb_tired/refactor/baseline/models/networks.py:579: UserWarning: To copy construct from a tensor, it is recommended to use sourceTensor.clone().detach() or sourceTensor.clone().detach().requires_grad_(True), rather than torch.tensor(sourceTensor).
  patch_id = torch.tensor(patch_id, dtype=torch.long, device=feat.device)
---------- Networks initialized -------------
[Network G] Total number of parameters : 14.684 M
[Network F] Total number of parameters : 0.560 M
[Network D] Total number of parameters : 3.143 M
[Network E] Total number of parameters : 3.152 M
-----------------------------------------------
(epoch: 1, iters: 100, time: 0.207, data: 0.019) G_GAN: 0.331 D_real: 0.070 D_fake: 0.395 G: 5.340 NCE: 4.924 SB: 0.011 NCE_Y: 5.072 
saving the model at the end of epoch 1, iters 100
End of epoch 1 / 20 	 Time Taken: 39 sec
learning rate = 0.0001000
(epoch: 2, iters: 100, time: 0.276, data: 0.023) G_GAN: 0.452 D_real: 0.108 D_fake: 0.190 G: 4.285 NCE: 3.736 SB: 0.011 NCE_Y: 3.908 
saving the model at the end of epoch 2, iters 200
End of epoch 2 / 20 	 Time Taken: 40 sec
learning rate = 0.0001000
(epoch: 3, iters: 100, time: 0.313, data: 0.011) G_GAN: 0.487 D_real: 0.075 D_fake: 0.295 G: 4.226 NCE: 3.943 SB: 0.010 NCE_Y: 3.515 
saving the model at the end of epoch 3, iters 300
End of epoch 3 / 20 	 Time Taken: 39 sec
learning rate = 0.0001000
(epoch: 4, iters: 100, time: 0.345, data: 0.011) G_GAN: 0.685 D_real: 0.059 D_fake: 0.026 G: 3.260 NCE: 2.662 SB: 0.043 NCE_Y: 2.401 
saving the model at the end of epoch 4, iters 400
End of epoch 4 / 20 	 Time Taken: 41 sec
learning rate = 0.0001000
(epoch: 5, iters: 100, time: 0.357, data: 0.011) G_GAN: 0.901 D_real: 0.436 D_fake: 0.032 G: 3.555 NCE: 2.913 SB: 0.040 NCE_Y: 2.316 
saving the model at the end of epoch 5, iters 500
End of epoch 5 / 20 	 Time Taken: 39 sec
learning rate = 0.0001000
(epoch: 6, iters: 100, time: 0.369, data: 0.011) G_GAN: 0.734 D_real: 0.142 D_fake: 0.039 G: 3.166 NCE: 2.549 SB: 0.047 NCE_Y: 2.220 
saving the model at the end of epoch 6, iters 600
End of epoch 6 / 20 	 Time Taken: 40 sec
learning rate = 0.0001000
(epoch: 7, iters: 100, time: 0.372, data: 0.011) G_GAN: 0.605 D_real: 0.296 D_fake: 0.134 G: 2.972 NCE: 2.411 SB: 0.087 NCE_Y: 2.150 
saving the model at the end of epoch 7, iters 700
End of epoch 7 / 20 	 Time Taken: 39 sec
learning rate = 0.0001000
(epoch: 8, iters: 100, time: 0.379, data: 0.012) G_GAN: 0.475 D_real: 0.164 D_fake: 0.230 G: 3.006 NCE: 2.545 SB: 0.004 NCE_Y: 2.508 
saving the model at the end of epoch 8, iters 800
End of epoch 8 / 20 	 Time Taken: 41 sec
learning rate = 0.0001000
(epoch: 9, iters: 100, time: 0.378, data: 0.011) G_GAN: 0.797 D_real: 0.113 D_fake: 0.062 G: 2.826 NCE: 2.120 SB: 0.035 NCE_Y: 1.868 
saving the model at the end of epoch 9, iters 900
End of epoch 9 / 20 	 Time Taken: 40 sec
learning rate = 0.0001000
(epoch: 10, iters: 100, time: 0.370, data: 0.011) G_GAN: 0.408 D_real: 0.168 D_fake: 0.202 G: 2.665 NCE: 2.272 SB: 0.001 NCE_Y: 2.239 
saving the model at the end of epoch 10, iters 1000
End of epoch 10 / 20 	 Time Taken: 37 sec
learning rate = 0.0001000
(epoch: 11, iters: 100, time: 0.370, data: 0.011) G_GAN: 0.415 D_real: 0.207 D_fake: 0.081 G: 2.803 NCE: 2.536 SB: 0.019 NCE_Y: 2.202 
saving the model at the end of epoch 11, iters 1100
End of epoch 11 / 20 	 Time Taken: 39 sec
learning rate = 0.0001000
(epoch: 12, iters: 100, time: 0.374, data: 0.011) G_GAN: 0.486 D_real: 0.521 D_fake: 0.088 G: 2.675 NCE: 2.226 SB: 0.010 NCE_Y: 2.132 
saving the model at the end of epoch 12, iters 1200
End of epoch 12 / 20 	 Time Taken: 40 sec
learning rate = 0.0001000
(epoch: 13, iters: 100, time: 0.370, data: 0.013) G_GAN: 0.537 D_real: 0.301 D_fake: 0.111 G: 2.210 NCE: 1.800 SB: -0.025 NCE_Y: 1.596 
saving the model at the end of epoch 13, iters 1300
End of epoch 13 / 20 	 Time Taken: 39 sec
learning rate = 0.0001000
(epoch: 14, iters: 100, time: 0.370, data: 0.011) G_GAN: 0.444 D_real: 0.190 D_fake: 0.345 G: 2.757 NCE: 2.570 SB: 0.016 NCE_Y: 2.024 
saving the model at the end of epoch 14, iters 1400
End of epoch 14 / 20 	 Time Taken: 39 sec
learning rate = 0.0001000
(epoch: 15, iters: 100, time: 0.372, data: 0.095) G_GAN: 0.502 D_real: 0.164 D_fake: 0.120 G: 2.380 NCE: 1.865 SB: 0.008 NCE_Y: 1.873 
saving the model at the end of epoch 15, iters 1500
End of epoch 15 / 20 	 Time Taken: 39 sec
learning rate = 0.0001000
(epoch: 16, iters: 100, time: 0.367, data: 0.135) G_GAN: 0.412 D_real: 0.185 D_fake: 0.181 G: 2.344 NCE: 2.072 SB: -0.013 NCE_Y: 1.819 
saving the model at the end of epoch 16, iters 1600
End of epoch 16 / 20 	 Time Taken: 38 sec
learning rate = 0.0001000
(epoch: 17, iters: 100, time: 0.368, data: 0.012) G_GAN: 0.637 D_real: 0.028 D_fake: 0.154 G: 2.262 NCE: 1.576 SB: 0.057 NCE_Y: 1.561 
saving the model at the end of epoch 17, iters 1700
End of epoch 17 / 20 	 Time Taken: 38 sec
learning rate = 0.0001000
(epoch: 18, iters: 100, time: 0.368, data: 0.022) G_GAN: 0.373 D_real: 0.197 D_fake: 0.130 G: 2.055 NCE: 1.782 SB: 0.050 NCE_Y: 1.482 
saving the model at the end of epoch 18, iters 1800
End of epoch 18 / 20 	 Time Taken: 38 sec
learning rate = 0.0001000
(epoch: 19, iters: 100, time: 0.371, data: 0.011) G_GAN: 0.292 D_real: 0.213 D_fake: 0.238 G: 2.355 NCE: 2.225 SB: 0.017 NCE_Y: 1.867 
saving the model at the end of epoch 19, iters 1900
End of epoch 19 / 20 	 Time Taken: 40 sec
learning rate = 0.0001000
(epoch: 20, iters: 100, time: 0.374, data: 0.012) G_GAN: 0.330 D_real: 0.226 D_fake: 0.268 G: 2.126 NCE: 1.960 SB: 0.010 NCE_Y: 1.612 
saving the model at the end of epoch 20, iters 2000
End of epoch 20 / 20 	 Time Taken: 39 sec
learning rate = 0.0000000
