----------------- Options ---------------
               batch_size: 1                             
                    beta1: 0.5                           
                    beta2: 0.999                         
          checkpoints_dir: /home/yc/UNSB_PASSION/motivation_baseline_restart/checkpoints	[default: ./checkpoints]
           continue_train: False                         
                crop_size: 128                           	[default: 256]
                 dataroot: /home/yc/UNSB_PASSION/motivation_baseline_restart/datasets/single/FoggyCityscapes	[default: placeholder]
             dataset_mode: unaligned                     
                direction: AtoB                          
              display_env: main                          
             display_freq: 1000000                       	[default: 400]
               display_id: -1                            	[default: None]
            display_ncols: 4                             
             display_port: 8097                          
           display_server: http://localhost              
          display_winsize: 256                           
               easy_label: experiment_name               
            embedding_dim: 512                           
           embedding_type: positional                    
                    epoch: latest                        
              epoch_count: 1                             
          evaluation_freq: 5000                          
        flip_equivariance: False                         
                 gan_mode: lsgan                         
                  gpu_ids: 0                             
                     hnek: False                         
                init_gain: 0.02                          
                init_type: xavier                        
                 input_nc: 3                             
                  isTrain: True                          	[default: None]
               lambda_GAN: 1.0                           
               lambda_NCE: 1.0                           
                lambda_SB: 1.0                           	[default: 0.1]
                     lmda: 0.1                           
                load_size: 128                           	[default: 286]
                       lr: 0.0001                        	[default: 0.0002]
           lr_decay_iters: 50                            
                lr_policy: linear                        
         max_dataset_size: inf                           
                     mode: sb                            
                    model: sb                            
                 n_epochs: 20                            	[default: 200]
           n_epochs_decay: 0                             	[default: 200]
               n_layers_D: 3                             
                    n_mlp: 3                             
                     name: single_FoggyCityscapes_s2026  	[default: experiment_name]
                    nce_T: 0.07                          
                  nce_idt: True                          
nce_includes_all_negatives_from_minibatch: False                         
               nce_layers: 0,4,8,12,16                   
                      ndf: 64                            
                     netD: basic_cond                    
                     netE: basic_cond                    
                     netF: mlp_sample                    
                  netF_nc: 256                           
                     netG: resnet_9blocks_cond           
                      ngf: 64                            
             no_antialias: False                         
          no_antialias_up: False                         
               no_dropout: True                          
                  no_flip: True                          	[default: False]
                  no_html: True                          	[default: False]
                    normD: instance                      
                    normG: instance                      
              num_patches: 256                           
              num_threads: 0                             	[default: 4]
            num_timesteps: 5                             
                output_nc: 3                             
                    phase: train                         
                pool_size: 0                             
               preprocess: resize_and_crop               
          pretrained_name: None                          
               print_freq: 100                           
         random_scale_max: 3.0                           
             save_by_iter: False                         
          save_epoch_freq: 1                             	[default: 5]
         save_latest_freq: 1000000                       	[default: 5000]
                     seed: 2026                          
           serial_batches: False                         
                      std: 0.25                          
                style_dim: 512                           
stylegan2_G_num_downsampling: 1                             
                   suffix:                               
                      tau: 0.01                          
         update_html_freq: 1000                          
                  verbose: False                         
----------------- End -------------------
dataset [UnalignedDataset] was created
dataset [UnalignedDataset] was created
model [SBModel] was created
The number of training images = 100
/home/yc/unsb_tired/refactor/baseline/models/networks.py:579: UserWarning: To copy construct from a tensor, it is recommended to use sourceTensor.clone().detach() or sourceTensor.clone().detach().requires_grad_(True), rather than torch.tensor(sourceTensor).
  patch_id = torch.tensor(patch_id, dtype=torch.long, device=feat.device)
---------- Networks initialized -------------
[Network G] Total number of parameters : 14.684 M
[Network F] Total number of parameters : 0.560 M
[Network D] Total number of parameters : 3.143 M
[Network E] Total number of parameters : 3.152 M
-----------------------------------------------
(epoch: 1, iters: 100, time: 0.207, data: 0.032) G_GAN: 0.243 D_real: 0.054 D_fake: 0.409 G: 4.742 NCE: 4.223 SB: 0.010 NCE_Y: 4.754 
saving the model at the end of epoch 1, iters 100
End of epoch 1 / 20 	 Time Taken: 39 sec
learning rate = 0.0001000
(epoch: 2, iters: 100, time: 0.275, data: 0.026) G_GAN: 0.321 D_real: 0.804 D_fake: 0.140 G: 3.830 NCE: 3.555 SB: 0.011 NCE_Y: 3.441 
saving the model at the end of epoch 2, iters 200
End of epoch 2 / 20 	 Time Taken: 40 sec
learning rate = 0.0001000
(epoch: 3, iters: 100, time: 0.312, data: 0.010) G_GAN: 0.494 D_real: 0.108 D_fake: 0.287 G: 3.449 NCE: 2.807 SB: 0.011 NCE_Y: 3.082 
saving the model at the end of epoch 3, iters 300
End of epoch 3 / 20 	 Time Taken: 38 sec
learning rate = 0.0001000
(epoch: 4, iters: 100, time: 0.345, data: 0.012) G_GAN: 0.550 D_real: 0.172 D_fake: 0.109 G: 3.087 NCE: 2.584 SB: 0.025 NCE_Y: 2.440 
saving the model at the end of epoch 4, iters 400
End of epoch 4 / 20 	 Time Taken: 42 sec
learning rate = 0.0001000
(epoch: 5, iters: 100, time: 0.357, data: 0.011) G_GAN: 0.699 D_real: 0.035 D_fake: 0.123 G: 2.846 NCE: 2.259 SB: 0.022 NCE_Y: 1.990 
saving the model at the end of epoch 5, iters 500
End of epoch 5 / 20 	 Time Taken: 40 sec
learning rate = 0.0001000
(epoch: 6, iters: 100, time: 0.369, data: 0.025) G_GAN: 0.662 D_real: 0.232 D_fake: 0.014 G: 2.761 NCE: 2.033 SB: 0.053 NCE_Y: 2.059 
saving the model at the end of epoch 6, iters 600
End of epoch 6 / 20 	 Time Taken: 41 sec
learning rate = 0.0001000
(epoch: 7, iters: 100, time: 0.371, data: 0.011) G_GAN: 1.020 D_real: 0.083 D_fake: 0.024 G: 3.540 NCE: 2.696 SB: 0.046 NCE_Y: 2.251 
saving the model at the end of epoch 7, iters 700
End of epoch 7 / 20 	 Time Taken: 39 sec
learning rate = 0.0001000
(epoch: 8, iters: 100, time: 0.379, data: 0.011) G_GAN: 0.694 D_real: 0.312 D_fake: 0.203 G: 3.388 NCE: 2.998 SB: 0.004 NCE_Y: 2.383 
saving the model at the end of epoch 8, iters 800
End of epoch 8 / 20 	 Time Taken: 41 sec
learning rate = 0.0001000
(epoch: 9, iters: 100, time: 0.378, data: 0.012) G_GAN: 0.820 D_real: 0.136 D_fake: 0.050 G: 2.816 NCE: 2.137 SB: 0.012 NCE_Y: 1.830 
saving the model at the end of epoch 9, iters 900
End of epoch 9 / 20 	 Time Taken: 40 sec
learning rate = 0.0001000
(epoch: 10, iters: 100, time: 0.371, data: 0.012) G_GAN: 0.263 D_real: 0.336 D_fake: 0.559 G: 2.813 NCE: 2.416 SB: 0.001 NCE_Y: 2.681 
saving the model at the end of epoch 10, iters 1000
End of epoch 10 / 20 	 Time Taken: 37 sec
learning rate = 0.0001000
(epoch: 11, iters: 100, time: 0.371, data: 0.011) G_GAN: 0.602 D_real: 0.025 D_fake: 0.130 G: 2.639 NCE: 2.286 SB: -0.000 NCE_Y: 1.788 
saving the model at the end of epoch 11, iters 1100
End of epoch 11 / 20 	 Time Taken: 40 sec
learning rate = 0.0001000
(epoch: 12, iters: 100, time: 0.375, data: 0.052) G_GAN: 0.555 D_real: 0.018 D_fake: 0.222 G: 2.505 NCE: 2.221 SB: 0.004 NCE_Y: 1.670 
saving the model at the end of epoch 12, iters 1200
End of epoch 12 / 20 	 Time Taken: 40 sec
learning rate = 0.0001000
(epoch: 13, iters: 100, time: 0.370, data: 0.011) G_GAN: 0.547 D_real: 0.018 D_fake: 0.157 G: 2.447 NCE: 2.056 SB: -0.013 NCE_Y: 1.770 
saving the model at the end of epoch 13, iters 1300
End of epoch 13 / 20 	 Time Taken: 38 sec
learning rate = 0.0001000
(epoch: 14, iters: 100, time: 0.369, data: 0.012) G_GAN: 0.265 D_real: 0.255 D_fake: 0.222 G: 2.179 NCE: 1.903 SB: 0.006 NCE_Y: 1.912 
saving the model at the end of epoch 14, iters 1400
End of epoch 14 / 20 	 Time Taken: 38 sec
learning rate = 0.0001000
(epoch: 15, iters: 100, time: 0.372, data: 0.012) G_GAN: 0.407 D_real: 0.305 D_fake: 0.171 G: 2.919 NCE: 3.063 SB: 0.026 NCE_Y: 1.910 
saving the model at the end of epoch 15, iters 1500
End of epoch 15 / 20 	 Time Taken: 40 sec
learning rate = 0.0001000
(epoch: 16, iters: 100, time: 0.368, data: 0.012) G_GAN: 0.314 D_real: 0.072 D_fake: 0.347 G: 2.447 NCE: 1.921 SB: 0.022 NCE_Y: 2.300 
saving the model at the end of epoch 16, iters 1600
End of epoch 16 / 20 	 Time Taken: 38 sec
learning rate = 0.0001000
(epoch: 17, iters: 100, time: 0.368, data: 0.011) G_GAN: 0.370 D_real: 0.395 D_fake: 0.113 G: 2.132 NCE: 1.689 SB: 0.049 NCE_Y: 1.736 
saving the model at the end of epoch 17, iters 1700
End of epoch 17 / 20 	 Time Taken: 38 sec
learning rate = 0.0001000
(epoch: 18, iters: 100, time: 0.369, data: 0.011) G_GAN: 0.386 D_real: 0.064 D_fake: 0.251 G: 2.543 NCE: 2.389 SB: 0.049 NCE_Y: 1.826 
saving the model at the end of epoch 18, iters 1800
End of epoch 18 / 20 	 Time Taken: 39 sec
learning rate = 0.0001000
(epoch: 19, iters: 100, time: 0.371, data: 0.011) G_GAN: 0.209 D_real: 0.243 D_fake: 0.318 G: 2.093 NCE: 2.019 SB: -0.003 NCE_Y: 1.755 
saving the model at the end of epoch 19, iters 1900
End of epoch 19 / 20 	 Time Taken: 39 sec
learning rate = 0.0001000
(epoch: 20, iters: 100, time: 0.374, data: 0.011) G_GAN: 0.264 D_real: 0.371 D_fake: 0.328 G: 2.467 NCE: 2.321 SB: -0.014 NCE_Y: 2.112 
saving the model at the end of epoch 20, iters 2000
End of epoch 20 / 20 	 Time Taken: 39 sec
learning rate = 0.0000000
